#
# There is insufficient memory for the Java Runtime Environment to continue.
# Native memory allocation (malloc) failed to allocate 1048576 bytes. Error detail: AllocateHeap
# Possible reasons:
#   The system is out of physical RAM or swap space
#   This process is running with CompressedOops enabled, and the Java Heap may be blocking the growth of the native heap
# Possible solutions:
#   Reduce memory load on the system
#   Increase physical memory or swap space
#   Check if swap backing store is full
#   Decrease Java heap size (-Xmx/-Xms)
#   Decrease number of Java threads
#   Decrease Java thread stack sizes (-Xss)
#   Set larger code cache with -XX:ReservedCodeCacheSize=
#   JVM is running with Unscaled Compressed Oops mode in which the Java heap is
#     placed in the first 4GB address space. The Java Heap base address is the
#     maximum limit for the native heap growth. Please use -XX:HeapBaseMinAddress
#     to set the Java Heap base and to place the Java Heap above 4GB virtual address.
# This output file may be truncated or incomplete.
#
#  Out of Memory Error (allocation.cpp:44), pid=43544, tid=1760
#
# JRE version: OpenJDK Runtime Environment Temurin-21.0.11+10 (21.0.11+10) (build 21.0.11+10-LTS)
# Java VM: OpenJDK 64-Bit Server VM Temurin-21.0.11+10 (21.0.11+10-LTS, mixed mode, sharing, tiered, compressed oops, compressed class ptrs, parallel gc, windows-amd64)
# No core dump will be written. Minidumps are not enabled by default on client versions of Windows
#

---------------  S U M M A R Y ------------

Command Line: --add-modules=ALL-SYSTEM --add-opens=java.base/java.util=ALL-UNNAMED --add-opens=java.base/java.lang=ALL-UNNAMED --add-opens=java.base/sun.nio.fs=ALL-UNNAMED -Declipse.application=org.eclipse.jdt.ls.core.id1 -Dosgi.bundles.defaultStartLevel=4 -Declipse.product=org.eclipse.jdt.ls.core.product -Djava.import.generatesMetadataFilesAtProjectRoot=false -DDetectVMInstallationsJob.disabled=true -Dfile.encoding=utf8 -XX:+UseParallelGC -XX:GCTimeRatio=4 -XX:AdaptiveSizePolicyWeight=90 -Dsun.zip.disableMemoryMapping=true -Xmx2G -Xms100m -Xlog:disable -javaagent:c:\Users\Rashen\.vscode\extensions\redhat.java-1.55.0-win32-x64\lombok\lombok-1.18.39-4050.jar -XX:+HeapDumpOnOutOfMemoryError -XX:HeapDumpPath=c:\Users\Rashen\AppData\Roaming\Code\User\workspaceStorage\1fe8799e4aad9cbe5e924e97708f1dd4\redhat.java -Daether.dependencyCollector.impl=bf c:\Users\Rashen\.vscode\extensions\redhat.java-1.55.0-win32-x64\server\plugins\org.eclipse.equinox.launcher_1.7.200.v20260619-2039.jar -configuration c:\Users\Rashen\AppData\Roaming\Code\User\globalStorage\redhat.java\1.55.0\config_win -data c:\Users\Rashen\AppData\Roaming\Code\User\workspaceStorage\1fe8799e4aad9cbe5e924e97708f1dd4\redhat.java\jdt_ws --pipe=\\.\pipe\lsp-a5b2287f504aabf48d1fafbe1b682015-sock

Host: 13th Gen Intel(R) Core(TM) i7-13620H, 16 cores, 31G,  Windows 11 , 64 bit Build 26100 (10.0.26100.8521)
Time: Fri Aug 21 13:06:32 2026 Sri Lanka Standard Time elapsed time: 479.682455 seconds (0d 0h 7m 59s)

---------------  T H R E A D  ---------------

Current thread (0x000001d72abc6520):  JavaThread "Attach Listener" daemon [_thread_in_vm, id=1760, stack(0x000000755fa00000,0x000000755fb00000) (1024K)]

Stack: [0x000000755fa00000,0x000000755fb00000]
Native frames: (J=compiled Java code, j=interpreted, Vv=VM code, C=native code)
V  [jvm.dll+0x6d7e19]
V  [jvm.dll+0x8b5096]
V  [jvm.dll+0x8b764e]
V  [jvm.dll+0x8b7d33]
V  [jvm.dll+0x284596]
V  [jvm.dll+0xc13c7]
V  [jvm.dll+0x6d86c9]
V  [jvm.dll+0x133616]
V  [jvm.dll+0x3f868e]
V  [jvm.dll+0x85fb0d]
V  [jvm.dll+0x6d664d]
C  [ucrtbase.dll+0x2cd30]
C  [KERNEL32.DLL+0x2e957]
C  [ntdll.dll+0x87c1c]


---------------  P R O C E S S  ---------------

Threads class SMR info:
_java_thread_list=0x000001d7858a94e0, length=62, elements={
0x000001d72ab1d8b0, 0x000001d72abc33a0, 0x000001d72aacc5b0, 0x000001d72abc58c0,
0x000001d72abc6520, 0x000001d72abcaa20, 0x000001d72abd05e0, 0x000001d72abd97d0,
0x000001d78390d230, 0x000001d783bbad70, 0x000001d7852881c0, 0x000001d78a1709d0,
0x000001d78a20bee0, 0x000001d78a28afb0, 0x000001d78a28ba30, 0x000001d78a7fa8a0,
0x000001d78aa39710, 0x000001d78ab430a0, 0x000001d783b865c0, 0x000001d783b88d20,
0x000001d783b85f30, 0x000001d783b88690, 0x000001d78ba31c00, 0x000001d78ba32290,
0x000001d78ba32920, 0x000001d78ba32fb0, 0x000001d78ba33640, 0x000001d78ba30850,
0x000001d78ba31570, 0x000001d78ba33cd0, 0x000001d78ba34360, 0x000001d78ba30ee0,
0x000001d78ba36ac0, 0x000001d78ba35080, 0x000001d78ba37150, 0x000001d78ba377e0,
0x000001d78ba37e70, 0x000001d78ba349f0, 0x000001d78ba35710, 0x000001d78f768350,
0x000001d78f767630, 0x000001d78f765560, 0x000001d78f769070, 0x000001d78f7689e0,
0x000001d78f766280, 0x000001d78f765bf0, 0x000001d78f769700, 0x000001d78f769d90,
0x000001d78f766910, 0x000001d78f766fa0, 0x000001d78f76a420, 0x000001d78f76cb80,
0x000001d78f76aab0, 0x000001d78f76be60, 0x000001d78f76b140, 0x000001d78e4ea270,
0x000001d78e4e9550, 0x000001d78e4ed060, 0x000001d78e4efe50, 0x000001d78b4d0960,
0x000001d78b4cdb70, 0x000001d78b4d30c0
}

Java Threads: ( => current thread )
  0x000001d72ab1d8b0 JavaThread "main"                              [_thread_blocked, id=25516, stack(0x000000755f300000,0x000000755f400000) (1024K)]
  0x000001d72abc33a0 JavaThread "Reference Handler"          daemon [_thread_blocked, id=46488, stack(0x000000755f700000,0x000000755f800000) (1024K)]
  0x000001d72aacc5b0 JavaThread "Finalizer"                  daemon [_thread_blocked, id=48824, stack(0x000000755f800000,0x000000755f900000) (1024K)]
  0x000001d72abc58c0 JavaThread "Signal Dispatcher"          daemon [_thread_blocked, id=27924, stack(0x000000755f900000,0x000000755fa00000) (1024K)]
=>0x000001d72abc6520 JavaThread "Attach Listener"            daemon [_thread_in_vm, id=1760, stack(0x000000755fa00000,0x000000755fb00000) (1024K)]
  0x000001d72abcaa20 JavaThread "Service Thread"             daemon [_thread_blocked, id=43648, stack(0x000000755fb00000,0x000000755fc00000) (1024K)]
  0x000001d72abd05e0 JavaThread "Monitor Deflation Thread"   daemon [_thread_blocked, id=26148, stack(0x000000755fc00000,0x000000755fd00000) (1024K)]
  0x000001d72abd97d0 JavaThread "C2 CompilerThread0"         daemon [_thread_blocked, id=35784, stack(0x000000755fd00000,0x000000755fe00000) (1024K)]
  0x000001d78390d230 JavaThread "C1 CompilerThread0"         daemon [_thread_blocked, id=46540, stack(0x000000755fe00000,0x000000755ff00000) (1024K)]
  0x000001d783bbad70 JavaThread "Common-Cleaner"             daemon [_thread_blocked, id=48620, stack(0x0000007560200000,0x0000007560300000) (1024K)]
  0x000001d7852881c0 JavaThread "Notification Thread"        daemon [_thread_blocked, id=38680, stack(0x0000007560300000,0x0000007560400000) (1024K)]
  0x000001d78a1709d0 JavaThread "Active Thread: Equinox Container: 5d3a00e0-2298-48e9-b45f-b5d6ef599239"        [_thread_blocked, id=36232, stack(0x0000007560c00000,0x0000007560d00000) (1024K)]
  0x000001d78a20bee0 JavaThread "Refresh Thread: Equinox Container: 5d3a00e0-2298-48e9-b45f-b5d6ef599239" daemon [_thread_blocked, id=8004, stack(0x0000007560d00000,0x0000007560e00000) (1024K)]
  0x000001d78a28afb0 JavaThread "Framework Event Dispatcher: Equinox Container: 5d3a00e0-2298-48e9-b45f-b5d6ef599239" daemon [_thread_blocked, id=23912, stack(0x0000007560e00000,0x0000007560f00000) (1024K)]
  0x000001d78a28ba30 JavaThread "Start Level: Equinox Container: 5d3a00e0-2298-48e9-b45f-b5d6ef599239" daemon [_thread_blocked, id=38400, stack(0x0000007560f00000,0x0000007561000000) (1024K)]
  0x000001d78a7fa8a0 JavaThread "Bundle File Closer"         daemon [_thread_blocked, id=30656, stack(0x0000007561400000,0x0000007561500000) (1024K)]
  0x000001d78aa39710 JavaThread "SCR Component Actor"        daemon [_thread_blocked, id=42144, stack(0x0000007560000000,0x0000007560100000) (1024K)]
  0x000001d78ab430a0 JavaThread "Worker-JM"                         [_thread_blocked, id=24712, stack(0x0000007561500000,0x0000007561600000) (1024K)]
  0x000001d783b865c0 JavaThread "JNA Cleaner"                daemon [_thread_blocked, id=19304, stack(0x0000007561600000,0x0000007561700000) (1024K)]
  0x000001d783b88d20 JavaThread "Java indexing"              daemon [_thread_blocked, id=14184, stack(0x0000007561c00000,0x0000007561d00000) (1024K)]
  0x000001d783b85f30 JavaThread "Worker-2"                          [_thread_blocked, id=45288, stack(0x0000007561f00000,0x0000007562000000) (1024K)]
  0x000001d783b88690 JavaThread "Thread-1"                   daemon [_thread_in_native, id=48140, stack(0x0000007562500000,0x0000007562600000) (1024K)]
  0x000001d78ba31c00 JavaThread "Thread-2"                   daemon [_thread_in_native, id=42968, stack(0x0000007562600000,0x0000007562700000) (1024K)]
  0x000001d78ba32290 JavaThread "Thread-3"                   daemon [_thread_in_native, id=7708, stack(0x0000007562700000,0x0000007562800000) (1024K)]
  0x000001d78ba32920 JavaThread "Thread-4"                   daemon [_thread_in_native, id=43324, stack(0x0000007562800000,0x0000007562900000) (1024K)]
  0x000001d78ba32fb0 JavaThread "Thread-5"                   daemon [_thread_in_native, id=48932, stack(0x0000007562900000,0x0000007562a00000) (1024K)]
  0x000001d78ba33640 JavaThread "Thread-6"                   daemon [_thread_in_native, id=49136, stack(0x0000007562a00000,0x0000007562b00000) (1024K)]
  0x000001d78ba30850 JavaThread "Thread-7"                   daemon [_thread_in_native, id=15652, stack(0x0000007562b00000,0x0000007562c00000) (1024K)]
  0x000001d78ba31570 JavaThread "Thread-8"                   daemon [_thread_in_native, id=45344, stack(0x0000007562c00000,0x0000007562d00000) (1024K)]
  0x000001d78ba33cd0 JavaThread "Thread-9"                   daemon [_thread_in_native, id=31264, stack(0x0000007562d00000,0x0000007562e00000) (1024K)]
  0x000001d78ba34360 JavaThread "Thread-10"                  daemon [_thread_in_native, id=26088, stack(0x0000007562e00000,0x0000007562f00000) (1024K)]
  0x000001d78ba30ee0 JavaThread "Thread-11"                  daemon [_thread_in_native, id=3684, stack(0x0000007562f00000,0x0000007563000000) (1024K)]
  0x000001d78ba36ac0 JavaThread "Thread-12"                  daemon [_thread_in_native, id=39168, stack(0x0000007563000000,0x0000007563100000) (1024K)]
  0x000001d78ba35080 JavaThread "Thread-13"                  daemon [_thread_in_native, id=6624, stack(0x0000007563100000,0x0000007563200000) (1024K)]
  0x000001d78ba37150 JavaThread "Thread-14"                  daemon [_thread_in_native, id=49060, stack(0x0000007563200000,0x0000007563300000) (1024K)]
  0x000001d78ba377e0 JavaThread "Thread-15"                  daemon [_thread_in_native, id=42732, stack(0x0000007563300000,0x0000007563400000) (1024K)]
  0x000001d78ba37e70 JavaThread "Thread-16"                  daemon [_thread_in_native, id=41620, stack(0x0000007563400000,0x0000007563500000) (1024K)]
  0x000001d78ba349f0 JavaThread "Thread-17"                  daemon [_thread_in_native, id=40300, stack(0x0000007563500000,0x0000007563600000) (1024K)]
  0x000001d78ba35710 JavaThread "pool-2-thread-1"                   [_thread_blocked, id=7972, stack(0x0000007563600000,0x0000007563700000) (1024K)]
  0x000001d78f768350 JavaThread "PatternSearchJob-worker-1"  daemon [_thread_blocked, id=10952, stack(0x0000007563a00000,0x0000007563b00000) (1024K)]
  0x000001d78f767630 JavaThread "PatternSearchJob-worker-3"  daemon [_thread_blocked, id=45952, stack(0x0000007563c00000,0x0000007563d00000) (1024K)]
  0x000001d78f765560 JavaThread "PatternSearchJob-worker-4"  daemon [_thread_blocked, id=45544, stack(0x0000007563d00000,0x0000007563e00000) (1024K)]
  0x000001d78f769070 JavaThread "PatternSearchJob-worker-5"  daemon [_thread_blocked, id=16868, stack(0x0000007563e00000,0x0000007563f00000) (1024K)]
  0x000001d78f7689e0 JavaThread "PatternSearchJob-worker-6"  daemon [_thread_blocked, id=46700, stack(0x0000007563f00000,0x0000007564000000) (1024K)]
  0x000001d78f766280 JavaThread "PatternSearchJob-worker-7"  daemon [_thread_blocked, id=44172, stack(0x0000007564000000,0x0000007564100000) (1024K)]
  0x000001d78f765bf0 JavaThread "PatternSearchJob-worker-8"  daemon [_thread_blocked, id=38260, stack(0x0000007564100000,0x0000007564200000) (1024K)]
  0x000001d78f769700 JavaThread "PatternSearchJob-worker-9"  daemon [_thread_blocked, id=7712, stack(0x0000007564200000,0x0000007564300000) (1024K)]
  0x000001d78f769d90 JavaThread "PatternSearchJob-worker-10" daemon [_thread_blocked, id=44196, stack(0x0000007564300000,0x0000007564400000) (1024K)]
  0x000001d78f766910 JavaThread "PatternSearchJob-worker-11" daemon [_thread_blocked, id=20960, stack(0x0000007564400000,0x0000007564500000) (1024K)]
  0x000001d78f766fa0 JavaThread "PatternSearchJob-worker-12" daemon [_thread_blocked, id=7148, stack(0x0000007564500000,0x0000007564600000) (1024K)]
  0x000001d78f76a420 JavaThread "PatternSearchJob-worker-13" daemon [_thread_blocked, id=14672, stack(0x0000007564600000,0x0000007564700000) (1024K)]
  0x000001d78f76cb80 JavaThread "PatternSearchJob-worker-14" daemon [_thread_blocked, id=12168, stack(0x0000007564700000,0x0000007564800000) (1024K)]
  0x000001d78f76aab0 JavaThread "PatternSearchJob-worker-15" daemon [_thread_blocked, id=45644, stack(0x0000007564800000,0x0000007564900000) (1024K)]
  0x000001d78f76be60 JavaThread "WorkspaceEventsHandler"            [_thread_blocked, id=34556, stack(0x0000007564900000,0x0000007564a00000) (1024K)]
  0x000001d78f76b140 JavaThread "pool-1-thread-1"                   [_thread_blocked, id=31164, stack(0x0000007564a00000,0x0000007564b00000) (1024K)]
  0x000001d78e4ea270 JavaThread "ForkJoinPool.commonPool-worker-2" daemon [_thread_blocked, id=44616, stack(0x0000007563700000,0x0000007563800000) (1024K)]
  0x000001d78e4e9550 JavaThread "ForkJoinPool.commonPool-worker-4" daemon [_thread_blocked, id=25024, stack(0x0000007563900000,0x0000007563a00000) (1024K)]
  0x000001d78e4ed060 JavaThread "ForkJoinPool.commonPool-worker-5" daemon [_thread_blocked, id=27100, stack(0x0000007564b00000,0x0000007564c00000) (1024K)]
  0x000001d78e4efe50 JavaThread "ForkJoinPool.commonPool-worker-9" daemon [_thread_blocked, id=48096, stack(0x0000007564d00000,0x0000007564e00000) (1024K)]
  0x000001d78b4d0960 JavaThread "Cleaner-0"                  daemon [_thread_blocked, id=43100, stack(0x0000007565500000,0x0000007565600000) (1024K)]
  0x000001d78b4cdb70 JavaThread "Compiler Source File Reader" daemon [_thread_blocked, id=47428, stack(0x0000007561e00000,0x0000007561f00000) (1024K)]
  0x000001d78b4d30c0 JavaThread "Worker-7"                          [_thread_blocked, id=41208, stack(0x0000007562200000,0x0000007562300000) (1024K)]
Total: 62

Other Threads:
  0x000001d72aab4930 VMThread "VM Thread"                           [id=46996, stack(0x000000755f600000,0x000000755f700000) (1024K)]
  0x000001d72a9aca00 WatcherThread "VM Periodic Task Thread"        [id=40588, stack(0x000000755f500000,0x000000755f600000) (1024K)]
  0x000001d72ab3c1b0 WorkerThread "GC Thread#0"                     [id=25924, stack(0x000000755f400000,0x000000755f500000) (1024K)]
  0x000001d78a279010 WorkerThread "GC Thread#1"                     [id=43340, stack(0x0000007560500000,0x0000007560600000) (1024K)]
  0x000001d78558c610 WorkerThread "GC Thread#2"                     [id=22352, stack(0x0000007560600000,0x0000007560700000) (1024K)]
  0x000001d7852fc790 WorkerThread "GC Thread#3"                     [id=48340, stack(0x0000007560700000,0x0000007560800000) (1024K)]
  0x000001d7852fcb40 WorkerThread "GC Thread#4"                     [id=30148, stack(0x0000007560800000,0x0000007560900000) (1024K)]
  0x000001d78a132630 WorkerThread "GC Thread#5"                     [id=41040, stack(0x0000007560900000,0x0000007560a00000) (1024K)]
  0x000001d78a1329e0 WorkerThread "GC Thread#6"                     [id=46108, stack(0x0000007560a00000,0x0000007560b00000) (1024K)]
  0x000001d78a44a020 WorkerThread "GC Thread#7"                     [id=10128, stack(0x0000007560b00000,0x0000007560c00000) (1024K)]
  0x000001d78a8df9c0 WorkerThread "GC Thread#8"                     [id=47732, stack(0x0000007561100000,0x0000007561200000) (1024K)]
  0x000001d78a5699e0 WorkerThread "GC Thread#9"                     [id=29152, stack(0x0000007561200000,0x0000007561300000) (1024K)]
  0x000001d78a56a140 WorkerThread "GC Thread#10"                    [id=29984, stack(0x0000007561300000,0x0000007561400000) (1024K)]
  0x000001d78a56b000 WorkerThread "GC Thread#11"                    [id=46908, stack(0x0000007560400000,0x0000007560500000) (1024K)]
  0x000001d78a569d90 WorkerThread "GC Thread#12"                    [id=44016, stack(0x0000007561000000,0x0000007561100000) (1024K)]
Total: 15

Threads with active compile tasks:
Total: 0

VM state: not at safepoint (normal execution)

VM Mutex/Monitor currently owned by a thread: None

Heap address: 0x0000000080000000, size: 2048 MB, Compressed Oops mode: 32-bit

CDS archive(s) mapped at: [0x000001d742000000-0x000001d742ba0000-0x000001d742ba0000), size 12189696, SharedBaseAddress: 0x000001d742000000, ArchiveRelocationMode: 1.
Compressed class space mapped at: 0x000001d743000000-0x000001d783000000, reserved size: 1073741824
Narrow klass base: 0x000001d742000000, Narrow klass shift: 0, Narrow klass range: 0x100000000

GC Precious Log:
 CardTable entry size: 512
 CPUs: 16 total, 16 available
 Memory: 32471M
 Large Page Support: Disabled
 NUMA Support: Disabled
 Compressed Oops: Enabled (32-bit)
 Alignments: Space 512K, Generation 512K, Heap 2M
 Heap Min Capacity: 100M
 Heap Initial Capacity: 100M
 Heap Max Capacity: 2G
 Pre-touch: Disabled
 Parallel Workers: 13

Heap:
 PSYoungGen      total 10752K, used 2237K [0x00000000d5580000, 0x00000000d6200000, 0x0000000100000000)
  eden space 9728K, 12% used [0x00000000d5580000,0x00000000d56af628,0x00000000d5f00000)
  from space 1024K, 100% used [0x00000000d6080000,0x00000000d6180000,0x00000000d6180000)
  to   space 1536K, 0% used [0x00000000d5f00000,0x00000000d5f00000,0x00000000d6080000)
 ParOldGen       total 150528K, used 149640K [0x0000000080000000, 0x0000000089300000, 0x00000000d5580000)
  object space 150528K, 99% used [0x0000000080000000,0x0000000089222310,0x0000000089300000)
 Metaspace       used 71798K, committed 73472K, reserved 1114112K
  class space    used 7517K, committed 8256K, reserved 1048576K

Card table byte_map: [0x000001d72a4c0000,0x000001d72a8d0000] _byte_map_base: 0x000001d72a0c0000

Marking Bits: (ParMarkBitMap*) 0x00007ff93a4a4460
 Begin Bits: [0x000001d73cfd0000, 0x000001d73efd0000)
 End Bits:   [0x000001d73efd0000, 0x000001d740fd0000)

Polling page: 0x000001d728940000

Metaspace:

Usage:
  Non-class:     62.77 MB used.
      Class:      7.34 MB used.
       Both:     70.12 MB used.

Virtual space:
  Non-class space:       64.00 MB reserved,      63.69 MB (>99%) committed,  1 nodes.
      Class space:        1.00 GB reserved,       8.06 MB ( <1%) committed,  1 nodes.
             Both:        1.06 GB reserved,      71.75 MB (  7%) committed. 

Chunk freelists:
   Non-Class:  108.00 KB
       Class:  7.90 MB
        Both:  8.01 MB

MaxMetaspaceSize: unlimited
CompressedClassSpaceSize: 1.00 GB
Initial GC threshold: 21.00 MB
Current GC threshold: 97.31 MB
CDS: on
 - commit_granule_bytes: 65536.
 - commit_granule_words: 8192.
 - virtual_space_node_default_size: 8388608.
 - enlarge_chunks_in_place: 1.
 - use_allocation_guard: 0.


Internal statistics:

num_allocs_failed_limit: 9.
num_arena_births: 1456.
num_arena_deaths: 22.
num_vsnodes_births: 2.
num_vsnodes_deaths: 0.
num_space_committed: 1148.
num_space_uncommitted: 0.
num_chunks_returned_to_freelist: 35.
num_chunks_taken_from_freelist: 5036.
num_chunk_merges: 16.
num_chunk_splits: 3024.
num_chunks_enlarged: 1590.
num_inconsistent_stats: 0.

CodeHeap 'non-profiled nmethods': size=119168Kb used=10869Kb max_used=10869Kb free=108298Kb
 bounds [0x000001d7358c0000, 0x000001d736360000, 0x000001d73cd20000]
CodeHeap 'profiled nmethods': size=119104Kb used=31683Kb max_used=31683Kb free=87420Kb
 bounds [0x000001d72dd20000, 0x000001d72fc20000, 0x000001d735170000]
CodeHeap 'non-nmethods': size=7488Kb used=1468Kb max_used=3256Kb free=6019Kb
 bounds [0x000001d735170000, 0x000001d7354b0000, 0x000001d7358c0000]
CodeCache: size=245760Kb, used=44020Kb, max_used=45808Kb, free=201737Kb
 total_blobs=14429, nmethods=13643, adapters=689, full_count=0
Compilation: enabled, stopped_count=0, restarted_count=0

Compilation events (20 events):
Event: 339.010 Thread 0x000001d78c686e10 14445       4       java.util.Arrays::stream (8 bytes)
Event: 339.014 Thread 0x000001d78c686e10 nmethod 14445 0x000001d736343090 code [0x000001d736343220, 0x000001d7363433d8]
Event: 339.015 Thread 0x000001d78c686e10 14428       4       org.eclipse.jdt.internal.compiler.lookup.AnnotatableTypeSystem::getParameterizedType (11 bytes)
Event: 339.022 Thread 0x000001d78c682320 nmethod 14382 0x000001d736343590 code [0x000001d736343860, 0x000001d736344ea0]
Event: 339.026 Thread 0x000001d78c682320 14364       4       org.eclipse.jdt.internal.compiler.lookup.LookupEnvironment::getNonNullAnnotationName (8 bytes)
Event: 339.028 Thread 0x000001d78c682320 nmethod 14364 0x000001d736345e10 code [0x000001d736345fa0, 0x000001d736346048]
Event: 339.029 Thread 0x000001d78c682320 14347       4       org.eclipse.jdt.internal.compiler.impl.IrritantSet::set (23 bytes)
Event: 339.031 Thread 0x000001d78c682320 nmethod 14347 0x000001d736346110 code [0x000001d7363462a0, 0x000001d736346388]
Event: 339.031 Thread 0x000001d78c682320 14360       4       org.eclipse.jdt.internal.compiler.env.ITypeAnnotationWalker$1::toField (2 bytes)
Event: 339.032 Thread 0x000001d78c682320 nmethod 14360 0x000001d736346490 code [0x000001d736346620, 0x000001d7363466a8]
Event: 339.033 Thread 0x000001d78c682320 14362       4       org.eclipse.jdt.internal.compiler.classfmt.TypeAnnotationWalker::toNextNestedType (6 bytes)
Event: 339.035 Thread 0x000001d78c682320 nmethod 14362 0x000001d736346790 code [0x000001d736346920, 0x000001d7363469d0]
Event: 339.035 Thread 0x000001d78c682320 14449       4       org.eclipse.jdt.internal.compiler.lookup.TypeBinding::erasure (2 bytes)
Event: 339.037 Thread 0x000001d78c682320 nmethod 14449 0x000001d736346a90 code [0x000001d736346c20, 0x000001d736346ca8]
Event: 339.054 Thread 0x000001d78c686740 nmethod 14426 0x000001d736346d90 code [0x000001d736347140, 0x000001d736348958]
Event: 339.061 Thread 0x000001d78c686e10 nmethod 14428 0x000001d736349890 code [0x000001d736349b60, 0x000001d73634aff0]
Event: 339.092 Thread 0x000001d78c6859a0 nmethod 14349 0x000001d73634bf10 code [0x000001d73634c460, 0x000001d7363511d0]
Event: 339.132 Thread 0x000001d72abd97d0 nmethod 14346 0x000001d736353510 code [0x000001d736353b20, 0x000001d736359980]
Event: 422.064 Thread 0x000001d78390d230 14456       3       java.util.concurrent.ThreadPoolExecutor$Worker::tryAcquire (20 bytes)
Event: 422.064 Thread 0x000001d78390d230 nmethod 14456 0x000001d72fc10990 code [0x000001d72fc10b40, 0x000001d72fc10d48]

GC Heap History (20 events):
Event: 306.298 GC heap before
{Heap before GC invocations=174 (full 3):
 PSYoungGen      total 11776K, used 11773K [0x00000000d5580000, 0x00000000d6e00000, 0x0000000100000000)
  eden space 9728K, 100% used [0x00000000d5580000,0x00000000d5f00000,0x00000000d5f00000)
  from space 2048K, 99% used [0x00000000d6580000,0x00000000d677f5e8,0x00000000d6780000)
  to   space 6656K, 0% used [0x00000000d5f00000,0x00000000d5f00000,0x00000000d6580000)
 ParOldGen       total 105984K, used 105594K [0x0000000080000000, 0x0000000086780000, 0x00000000d5580000)
  object space 105984K, 99% used [0x0000000080000000,0x000000008671e870,0x0000000086780000)
 Metaspace       used 69371K, committed 70976K, reserved 1114112K
  class space    used 7273K, committed 7936K, reserved 1048576K
}
Event: 306.303 GC heap after
{Heap after GC invocations=174 (full 3):
 PSYoungGen      total 14336K, used 4243K [0x00000000d5580000, 0x00000000d6900000, 0x0000000100000000)
  eden space 9728K, 0% used [0x00000000d5580000,0x00000000d5580000,0x00000000d5f00000)
  from space 4608K, 92% used [0x00000000d5f00000,0x00000000d6324d28,0x00000000d6380000)
  to   space 5120K, 0% used [0x00000000d6400000,0x00000000d6400000,0x00000000d6900000)
 ParOldGen       total 108032K, used 107653K [0x0000000080000000, 0x0000000086980000, 0x00000000d5580000)
  object space 108032K, 99% used [0x0000000080000000,0x0000000086921468,0x0000000086980000)
 Metaspace       used 69371K, committed 70976K, reserved 1114112K
  class space    used 7273K, committed 7936K, reserved 1048576K
}
Event: 306.433 GC heap before
{Heap before GC invocations=175 (full 3):
 PSYoungGen      total 14336K, used 13971K [0x00000000d5580000, 0x00000000d6900000, 0x0000000100000000)
  eden space 9728K, 100% used [0x00000000d5580000,0x00000000d5f00000,0x00000000d5f00000)
  from space 4608K, 92% used [0x00000000d5f00000,0x00000000d6324d28,0x00000000d6380000)
  to   space 5120K, 0% used [0x00000000d6400000,0x00000000d6400000,0x00000000d6900000)
 ParOldGen       total 108032K, used 107653K [0x0000000080000000, 0x0000000086980000, 0x00000000d5580000)
  object space 108032K, 99% used [0x0000000080000000,0x0000000086921468,0x0000000086980000)
 Metaspace       used 69659K, committed 71296K, reserved 1114112K
  class space    used 7299K, committed 8000K, reserved 1048576K
}
Event: 306.440 GC heap after
{Heap after GC invocations=175 (full 3):
 PSYoungGen      total 11776K, used 1640K [0x00000000d5580000, 0x00000000d6600000, 0x0000000100000000)
  eden space 9728K, 0% used [0x00000000d5580000,0x00000000d5580000,0x00000000d5f00000)
  from space 2048K, 80% used [0x00000000d6400000,0x00000000d659a188,0x00000000d6600000)
  to   space 3072K, 0% used [0x00000000d6000000,0x00000000d6000000,0x00000000d6300000)
 ParOldGen       total 112128K, used 111641K [0x0000000080000000, 0x0000000086d80000, 0x00000000d5580000)
  object space 112128K, 99% used [0x0000000080000000,0x0000000086d06678,0x0000000086d80000)
 Metaspace       used 69659K, committed 71296K, reserved 1114112K
  class space    used 7299K, committed 8000K, reserved 1048576K
}
Event: 306.656 GC heap before
{Heap before GC invocations=176 (full 3):
 PSYoungGen      total 11776K, used 11368K [0x00000000d5580000, 0x00000000d6600000, 0x0000000100000000)
  eden space 9728K, 100% used [0x00000000d5580000,0x00000000d5f00000,0x00000000d5f00000)
  from space 2048K, 80% used [0x00000000d6400000,0x00000000d659a188,0x00000000d6600000)
  to   space 3072K, 0% used [0x00000000d6000000,0x00000000d6000000,0x00000000d6300000)
 ParOldGen       total 112128K, used 111641K [0x0000000080000000, 0x0000000086d80000, 0x00000000d5580000)
  object space 112128K, 99% used [0x0000000080000000,0x0000000086d06678,0x0000000086d80000)
 Metaspace       used 69895K, committed 71488K, reserved 1114112K
  class space    used 7326K, committed 8000K, reserved 1048576K
}
Event: 306.663 GC heap after
{Heap after GC invocations=176 (full 3):
 PSYoungGen      total 11264K, used 1494K [0x00000000d5580000, 0x00000000d6480000, 0x0000000100000000)
  eden space 9728K, 0% used [0x00000000d5580000,0x00000000d5580000,0x00000000d5f00000)
  from space 1536K, 97% used [0x00000000d6000000,0x00000000d6175a30,0x00000000d6180000)
  to   space 2048K, 0% used [0x00000000d6280000,0x00000000d6280000,0x00000000d6480000)
 ParOldGen       total 113152K, used 113039K [0x0000000080000000, 0x0000000086e80000, 0x00000000d5580000)
  object space 113152K, 99% used [0x0000000080000000,0x0000000086e63da0,0x0000000086e80000)
 Metaspace       used 69895K, committed 71488K, reserved 1114112K
  class space    used 7326K, committed 8000K, reserved 1048576K
}
Event: 307.063 GC heap before
{Heap before GC invocations=177 (full 3):
 PSYoungGen      total 11264K, used 11195K [0x00000000d5580000, 0x00000000d6480000, 0x0000000100000000)
  eden space 9728K, 99% used [0x00000000d5580000,0x00000000d5ef9468,0x00000000d5f00000)
  from space 1536K, 97% used [0x00000000d6000000,0x00000000d6175a30,0x00000000d6180000)
  to   space 2048K, 0% used [0x00000000d6280000,0x00000000d6280000,0x00000000d6480000)
 ParOldGen       total 113152K, used 113039K [0x0000000080000000, 0x0000000086e80000, 0x00000000d5580000)
  object space 113152K, 99% used [0x0000000080000000,0x0000000086e63da0,0x0000000086e80000)
 Metaspace       used 70081K, committed 71744K, reserved 1114112K
  class space    used 7343K, committed 8064K, reserved 1048576K
}
Event: 307.071 GC heap after
{Heap after GC invocations=177 (full 3):
 PSYoungGen      total 10752K, used 980K [0x00000000d5580000, 0x00000000d6380000, 0x0000000100000000)
  eden space 9728K, 0% used [0x00000000d5580000,0x00000000d5580000,0x00000000d5f00000)
  from space 1024K, 95% used [0x00000000d6280000,0x00000000d6375070,0x00000000d6380000)
  to   space 1536K, 0% used [0x00000000d6080000,0x00000000d6080000,0x00000000d6200000)
 ParOldGen       total 114688K, used 114382K [0x0000000080000000, 0x0000000087000000, 0x00000000d5580000)
  object space 114688K, 99% used [0x0000000080000000,0x0000000086fb3800,0x0000000087000000)
 Metaspace       used 70081K, committed 71744K, reserved 1114112K
  class space    used 7343K, committed 8064K, reserved 1048576K
}
Event: 307.657 GC heap before
{Heap before GC invocations=178 (full 3):
 PSYoungGen      total 10752K, used 10708K [0x00000000d5580000, 0x00000000d6380000, 0x0000000100000000)
  eden space 9728K, 100% used [0x00000000d5580000,0x00000000d5f00000,0x00000000d5f00000)
  from space 1024K, 95% used [0x00000000d6280000,0x00000000d6375070,0x00000000d6380000)
  to   space 1536K, 0% used [0x00000000d6080000,0x00000000d6080000,0x00000000d6200000)
 ParOldGen       total 114688K, used 114382K [0x0000000080000000, 0x0000000087000000, 0x00000000d5580000)
  object space 114688K, 99% used [0x0000000080000000,0x0000000086fb3800,0x0000000087000000)
 Metaspace       used 70409K, committed 72064K, reserved 1114112K
  class space    used 7389K, committed 8128K, reserved 1048576K
}
Event: 307.663 GC heap after
{Heap after GC invocations=178 (full 3):
 PSYoungGen      total 11264K, used 1408K [0x00000000d5580000, 0x00000000d6300000, 0x0000000100000000)
  eden space 9728K, 0% used [0x00000000d5580000,0x00000000d5580000,0x00000000d5f00000)
  from space 1536K, 91% used [0x00000000d6080000,0x00000000d61e0030,0x00000000d6200000)
  to   space 1024K, 0% used [0x00000000d6200000,0x00000000d6200000,0x00000000d6300000)
 ParOldGen       total 115200K, used 115178K [0x0000000080000000, 0x0000000087080000, 0x00000000d5580000)
  object space 115200K, 99% used [0x0000000080000000,0x000000008707a9a0,0x0000000087080000)
 Metaspace       used 70409K, committed 72064K, reserved 1114112K
  class space    used 7389K, committed 8128K, reserved 1048576K
}
Event: 307.915 GC heap before
{Heap before GC invocations=179 (full 3):
 PSYoungGen      total 11264K, used 11136K [0x00000000d5580000, 0x00000000d6300000, 0x0000000100000000)
  eden space 9728K, 100% used [0x00000000d5580000,0x00000000d5f00000,0x00000000d5f00000)
  from space 1536K, 91% used [0x00000000d6080000,0x00000000d61e0030,0x00000000d6200000)
  to   space 1024K, 0% used [0x00000000d6200000,0x00000000d6200000,0x00000000d6300000)
 ParOldGen       total 115200K, used 115178K [0x0000000080000000, 0x0000000087080000, 0x00000000d5580000)
  object space 115200K, 99% used [0x0000000080000000,0x000000008707a9a0,0x0000000087080000)
 Metaspace       used 70721K, committed 72448K, reserved 1114112K
  class space    used 7437K, committed 8192K, reserved 1048576K
}
Event: 307.918 GC heap after
{Heap after GC invocations=179 (full 3):
 PSYoungGen      total 10752K, used 1012K [0x00000000d5580000, 0x00000000d6400000, 0x0000000100000000)
  eden space 9728K, 0% used [0x00000000d5580000,0x00000000d5580000,0x00000000d5f00000)
  from space 1024K, 98% used [0x00000000d6200000,0x00000000d62fd200,0x00000000d6300000)
  to   space 2560K, 0% used [0x00000000d5f00000,0x00000000d5f00000,0x00000000d6180000)
 ParOldGen       total 116736K, used 116386K [0x0000000080000000, 0x0000000087200000, 0x00000000d5580000)
  object space 116736K, 99% used [0x0000000080000000,0x00000000871a88e0,0x0000000087200000)
 Metaspace       used 70721K, committed 72448K, reserved 1114112K
  class space    used 7437K, committed 8192K, reserved 1048576K
}
Event: 308.032 GC heap before
{Heap before GC invocations=180 (full 3):
 PSYoungGen      total 10752K, used 10740K [0x00000000d5580000, 0x00000000d6400000, 0x0000000100000000)
  eden space 9728K, 100% used [0x00000000d5580000,0x00000000d5f00000,0x00000000d5f00000)
  from space 1024K, 98% used [0x00000000d6200000,0x00000000d62fd200,0x00000000d6300000)
  to   space 2560K, 0% used [0x00000000d5f00000,0x00000000d5f00000,0x00000000d6180000)
 ParOldGen       total 116736K, used 116386K [0x0000000080000000, 0x0000000087200000, 0x00000000d5580000)
  object space 116736K, 99% used [0x0000000080000000,0x00000000871a88e0,0x0000000087200000)
 Metaspace       used 70815K, committed 72512K, reserved 1114112K
  class space    used 7439K, committed 8192K, reserved 1048576K
}
Event: 308.035 GC heap after
{Heap after GC invocations=180 (full 3):
 PSYoungGen      total 11264K, used 1088K [0x00000000d5580000, 0x00000000d6280000, 0x0000000100000000)
  eden space 9728K, 0% used [0x00000000d5580000,0x00000000d5580000,0x00000000d5f00000)
  from space 1536K, 70% used [0x00000000d5f00000,0x00000000d6010000,0x00000000d6080000)
  to   space 1536K, 0% used [0x00000000d6100000,0x00000000d6100000,0x00000000d6280000)
 ParOldGen       total 117760K, used 117397K [0x0000000080000000, 0x0000000087300000, 0x00000000d5580000)
  object space 117760K, 99% used [0x0000000080000000,0x00000000872a5400,0x0000000087300000)
 Metaspace       used 70815K, committed 72512K, reserved 1114112K
  class space    used 7439K, committed 8192K, reserved 1048576K
}
Event: 308.349 GC heap before
{Heap before GC invocations=181 (full 3):
 PSYoungGen      total 11264K, used 10816K [0x00000000d5580000, 0x00000000d6280000, 0x0000000100000000)
  eden space 9728K, 100% used [0x00000000d5580000,0x00000000d5f00000,0x00000000d5f00000)
  from space 1536K, 70% used [0x00000000d5f00000,0x00000000d6010000,0x00000000d6080000)
  to   space 1536K, 0% used [0x00000000d6100000,0x00000000d6100000,0x00000000d6280000)
 ParOldGen       total 117760K, used 117397K [0x0000000080000000, 0x0000000087300000, 0x00000000d5580000)
  object space 117760K, 99% used [0x0000000080000000,0x00000000872a5400,0x0000000087300000)
 Metaspace       used 71216K, committed 72896K, reserved 1114112K
  class space    used 7481K, committed 8192K, reserved 1048576K
}
Event: 308.354 GC heap after
{Heap after GC invocations=181 (full 3):
 PSYoungGen      total 10752K, used 608K [0x00000000d5580000, 0x00000000d6200000, 0x0000000100000000)
  eden space 9728K, 0% used [0x00000000d5580000,0x00000000d5580000,0x00000000d5f00000)
  from space 1024K, 59% used [0x00000000d6100000,0x00000000d6198000,0x00000000d6200000)
  to   space 1024K, 0% used [0x00000000d6000000,0x00000000d6000000,0x00000000d6100000)
 ParOldGen       total 118784K, used 118277K [0x0000000080000000, 0x0000000087400000, 0x00000000d5580000)
  object space 118784K, 99% used [0x0000000080000000,0x0000000087381400,0x0000000087400000)
 Metaspace       used 71216K, committed 72896K, reserved 1114112K
  class space    used 7481K, committed 8192K, reserved 1048576K
}
Event: 313.805 GC heap before
{Heap before GC invocations=182 (full 3):
 PSYoungGen      total 10752K, used 10336K [0x00000000d5580000, 0x00000000d6200000, 0x0000000100000000)
  eden space 9728K, 100% used [0x00000000d5580000,0x00000000d5f00000,0x00000000d5f00000)
  from space 1024K, 59% used [0x00000000d6100000,0x00000000d6198000,0x00000000d6200000)
  to   space 1024K, 0% used [0x00000000d6000000,0x00000000d6000000,0x00000000d6100000)
 ParOldGen       total 150528K, used 148997K [0x0000000080000000, 0x0000000089300000, 0x00000000d5580000)
  object space 150528K, 98% used [0x0000000080000000,0x0000000089181430,0x0000000089300000)
 Metaspace       used 71674K, committed 73344K, reserved 1114112K
  class space    used 7515K, committed 8256K, reserved 1048576K
}
Event: 313.807 GC heap after
{Heap after GC invocations=182 (full 3):
 PSYoungGen      total 10240K, used 485K [0x00000000d5580000, 0x00000000d6180000, 0x0000000100000000)
  eden space 9728K, 0% used [0x00000000d5580000,0x00000000d5580000,0x00000000d5f00000)
  from space 512K, 94% used [0x00000000d6000000,0x00000000d6079420,0x00000000d6080000)
  to   space 1024K, 0% used [0x00000000d6080000,0x00000000d6080000,0x00000000d6180000)
 ParOldGen       total 150528K, used 149382K [0x0000000080000000, 0x0000000089300000, 0x00000000d5580000)
  object space 150528K, 99% used [0x0000000080000000,0x00000000891e1a48,0x0000000089300000)
 Metaspace       used 71674K, committed 73344K, reserved 1114112K
  class space    used 7515K, committed 8256K, reserved 1048576K
}
Event: 338.968 GC heap before
{Heap before GC invocations=183 (full 3):
 PSYoungGen      total 10240K, used 10213K [0x00000000d5580000, 0x00000000d6180000, 0x0000000100000000)
  eden space 9728K, 100% used [0x00000000d5580000,0x00000000d5f00000,0x00000000d5f00000)
  from space 512K, 94% used [0x00000000d6000000,0x00000000d6079420,0x00000000d6080000)
  to   space 1024K, 0% used [0x00000000d6080000,0x00000000d6080000,0x00000000d6180000)
 ParOldGen       total 150528K, used 149382K [0x0000000080000000, 0x0000000089300000, 0x00000000d5580000)
  object space 150528K, 99% used [0x0000000080000000,0x00000000891e1a48,0x0000000089300000)
 Metaspace       used 71782K, committed 73472K, reserved 1114112K
  class space    used 7517K, committed 8256K, reserved 1048576K
}
Event: 338.971 GC heap after
{Heap after GC invocations=183 (full 3):
 PSYoungGen      total 10752K, used 1024K [0x00000000d5580000, 0x00000000d6200000, 0x0000000100000000)
  eden space 9728K, 0% used [0x00000000d5580000,0x00000000d5580000,0x00000000d5f00000)
  from space 1024K, 100% used [0x00000000d6080000,0x00000000d6180000,0x00000000d6180000)
  to   space 1536K, 0% used [0x00000000d5f00000,0x00000000d5f00000,0x00000000d6080000)
 ParOldGen       total 150528K, used 149640K [0x0000000080000000, 0x0000000089300000, 0x00000000d5580000)
  object space 150528K, 99% used [0x0000000080000000,0x0000000089222310,0x0000000089300000)
 Metaspace       used 71782K, committed 73472K, reserved 1114112K
  class space    used 7517K, committed 8256K, reserved 1048576K
}

Dll operation events (10 events):
Event: 0.015 Loaded shared library c:\Users\Rashen\.vscode\extensions\redhat.java-1.55.0-win32-x64\jre\21.0.11-win32-x86_64\bin\java.dll
Event: 0.137 Loaded shared library c:\Users\Rashen\.vscode\extensions\redhat.java-1.55.0-win32-x64\jre\21.0.11-win32-x86_64\bin\zip.dll
Event: 0.176 Loaded shared library C:\Users\Rashen\.vscode\extensions\redhat.java-1.55.0-win32-x64\jre\21.0.11-win32-x86_64\bin\instrument.dll
Event: 0.185 Loaded shared library C:\Users\Rashen\.vscode\extensions\redhat.java-1.55.0-win32-x64\jre\21.0.11-win32-x86_64\bin\net.dll
Event: 0.190 Loaded shared library C:\Users\Rashen\.vscode\extensions\redhat.java-1.55.0-win32-x64\jre\21.0.11-win32-x86_64\bin\nio.dll
Event: 0.196 Loaded shared library C:\Users\Rashen\.vscode\extensions\redhat.java-1.55.0-win32-x64\jre\21.0.11-win32-x86_64\bin\zip.dll
Event: 0.237 Loaded shared library C:\Users\Rashen\.vscode\extensions\redhat.java-1.55.0-win32-x64\jre\21.0.11-win32-x86_64\bin\jimage.dll
Event: 0.370 Loaded shared library c:\Users\Rashen\.vscode\extensions\redhat.java-1.55.0-win32-x64\jre\21.0.11-win32-x86_64\bin\verify.dll
Event: 2.193 Loaded shared library C:\Users\Rashen\AppData\Roaming\Code\User\globalStorage\redhat.java\1.55.0\config_win\org.eclipse.equinox.launcher\org.eclipse.equinox.launcher.win32.win32.x86_64_1.3.100.v20260613-0559\eclipse_11924.dll
Event: 6.239 Loaded shared library C:\Users\Rashen\AppData\Local\Temp\jna--1854266227\jna7382541033329995639.dll

Deoptimization events (20 events):
Event: 308.383 Thread 0x000001d78b4cf5b0 Uncommon trap: trap_request=0xffffff45 fr.pc=0x000001d736247b58 relative=0x00000000000010f8
Event: 308.383 Thread 0x000001d78b4cf5b0 Uncommon trap: reason=unstable_if action=reinterpret pc=0x000001d736247b58 method=java.util.regex.Pattern.sequence(Ljava/util/regex/Pattern$Node;)Ljava/util/regex/Pattern$Node; @ 234 c2
Event: 308.383 Thread 0x000001d78b4cf5b0 DEOPT PACKING pc=0x000001d736247b58 sp=0x000000755fffcd70
Event: 308.383 Thread 0x000001d78b4cf5b0 DEOPT UNPACKING pc=0x000001d7351c3aa2 sp=0x000000755fffcd28 mode 2
Event: 308.422 Thread 0x000001d78b4cf5b0 Uncommon trap: trap_request=0xffffff45 fr.pc=0x000001d735e9bf58 relative=0x0000000000000358
Event: 308.422 Thread 0x000001d78b4cf5b0 Uncommon trap: reason=unstable_if action=reinterpret pc=0x000001d735e9bf58 method=java.io.WinNTFileSystem.prefixLength(Ljava/lang/String;)I @ 11 c2
Event: 308.422 Thread 0x000001d78b4cf5b0 DEOPT PACKING pc=0x000001d735e9bf58 sp=0x000000755fffd7a0
Event: 308.422 Thread 0x000001d78b4cf5b0 DEOPT UNPACKING pc=0x000001d7351c3aa2 sp=0x000000755fffd6c0 mode 2
Event: 308.532 Thread 0x000001d78b4cf5b0 DEOPT PACKING pc=0x000001d72fad521e sp=0x000000755fffbe90
Event: 308.532 Thread 0x000001d78b4cf5b0 DEOPT UNPACKING pc=0x000001d7351c4242 sp=0x000000755fffb370 mode 0
Event: 308.535 Thread 0x000001d78b4cf5b0 Uncommon trap: trap_request=0xffffff45 fr.pc=0x000001d735da98dc relative=0x000000000000027c
Event: 308.536 Thread 0x000001d78b4cf5b0 Uncommon trap: reason=unstable_if action=reinterpret pc=0x000001d735da98dc method=java.io.WinNTFileSystem.prefixLength(Ljava/lang/String;)I @ 11 c2
Event: 308.536 Thread 0x000001d78b4cf5b0 DEOPT PACKING pc=0x000001d735da98dc sp=0x000000755fffd720
Event: 308.536 Thread 0x000001d78b4cf5b0 DEOPT UNPACKING pc=0x000001d7351c3aa2 sp=0x000000755fffd6c0 mode 2
Event: 308.544 Thread 0x000001d78b4cf5b0 Uncommon trap: trap_request=0xffffffde fr.pc=0x000001d735e2a4f0 relative=0x0000000000000a30
Event: 308.544 Thread 0x000001d78b4cf5b0 Uncommon trap: reason=class_check action=maybe_recompile pc=0x000001d735e2a4f0 method=java.util.HashMap.computeIfAbsent(Ljava/lang/Object;Ljava/util/function/Function;)Ljava/lang/Object; @ 142 c2
Event: 308.544 Thread 0x000001d78b4cf5b0 DEOPT PACKING pc=0x000001d735e2a4f0 sp=0x000000755fffd730
Event: 308.545 Thread 0x000001d78b4cf5b0 DEOPT UNPACKING pc=0x000001d7351c3aa2 sp=0x000000755fffd6d8 mode 2
Event: 313.803 Thread 0x000001d78e4edd80 DEOPT PACKING pc=0x000001d72f5e056a sp=0x0000007564cfe340
Event: 313.803 Thread 0x000001d78e4edd80 DEOPT UNPACKING pc=0x000001d7351c4242 sp=0x0000007564cfd7d8 mode 0

Classes loaded (20 events):
Event: 305.859 Loading class org/xml/sax/SAXNotSupportedException
Event: 305.859 Loading class org/xml/sax/SAXNotSupportedException done
Event: 305.868 Loading class com/sun/org/apache/xerces/internal/xni/XNIException
Event: 305.868 Loading class com/sun/org/apache/xerces/internal/xni/XNIException done
Event: 305.872 Loading class com/sun/org/apache/xerces/internal/xni/parser/XMLParseException
Event: 305.874 Loading class com/sun/org/apache/xerces/internal/xni/parser/XMLParseException done
Event: 306.060 Loading class java/util/ImmutableCollections$SubList
Event: 306.061 Loading class java/util/ImmutableCollections$SubList done
Event: 306.210 Loading class java/util/zip/CheckedInputStream
Event: 306.211 Loading class java/util/zip/CheckedInputStream done
Event: 307.076 Loading class jdk/internal/module/IllegalAccessLogger
Event: 307.076 Loading class jdk/internal/module/IllegalAccessLogger done
Event: 307.105 Loading class java/util/concurrent/ArrayBlockingQueue
Event: 307.106 Loading class java/util/concurrent/ArrayBlockingQueue done
Event: 307.532 Loading class sun/nio/ch/ChannelOutputStream
Event: 307.533 Loading class sun/nio/ch/ChannelOutputStream done
Event: 308.531 Loading class java/nio/BufferMismatch
Event: 308.532 Loading class java/nio/BufferMismatch done
Event: 308.532 Loading class java/nio/file/attribute/PosixFileAttributes
Event: 308.532 Loading class java/nio/file/attribute/PosixFileAttributes done

Classes unloaded (11 events):
Event: 6.991 Thread 0x000001d72aab4930 Unloading class 0x000001d7431ab400 'java/lang/invoke/LambdaForm$MH+0x000001d7431ab400'
Event: 6.991 Thread 0x000001d72aab4930 Unloading class 0x000001d7431ab000 'java/lang/invoke/LambdaForm$MH+0x000001d7431ab000'
Event: 6.991 Thread 0x000001d72aab4930 Unloading class 0x000001d7431aac00 'java/lang/invoke/LambdaForm$MH+0x000001d7431aac00'
Event: 6.991 Thread 0x000001d72aab4930 Unloading class 0x000001d7431aa800 'java/lang/invoke/LambdaForm$MH+0x000001d7431aa800'
Event: 6.991 Thread 0x000001d72aab4930 Unloading class 0x000001d7431aa400 'java/lang/invoke/LambdaForm$BMH+0x000001d7431aa400'
Event: 6.991 Thread 0x000001d72aab4930 Unloading class 0x000001d7431aa000 'java/lang/invoke/LambdaForm$DMH+0x000001d7431aa000'
Event: 6.991 Thread 0x000001d72aab4930 Unloading class 0x000001d7431a8c00 'java/lang/invoke/LambdaForm$DMH+0x000001d7431a8c00'
Event: 18.951 Thread 0x000001d72aab4930 Unloading class 0x000001d743678c00 'java/lang/invoke/LambdaForm$DMH+0x000001d743678c00'
Event: 18.951 Thread 0x000001d72aab4930 Unloading class 0x000001d743678800 'java/lang/invoke/LambdaForm$DMH+0x000001d743678800'
Event: 18.951 Thread 0x000001d72aab4930 Unloading class 0x000001d743678000 'java/lang/invoke/LambdaForm$DMH+0x000001d743678000'
Event: 18.951 Thread 0x000001d72aab4930 Unloading class 0x000001d743679000 'java/lang/invoke/LambdaForm$DMH+0x000001d743679000'

Classes redefined (0 events):
No events

Internal exceptions (20 events):
Event: 31.295 Thread 0x000001d783b872e0 Exception <a 'sun/nio/fs/WindowsException'{0x00000000d5840108}> (0x00000000d5840108) 
thrown [s\src\hotspot\share\prims\jni.cpp, line 520]
Event: 31.305 Thread 0x000001d783b872e0 Exception <a 'sun/nio/fs/WindowsException'{0x00000000d5869ba8}> (0x00000000d5869ba8) 
thrown [s\src\hotspot\share\prims\jni.cpp, line 520]
Event: 31.305 Thread 0x000001d783b872e0 Exception <a 'sun/nio/fs/WindowsException'{0x00000000d586a2d0}> (0x00000000d586a2d0) 
thrown [s\src\hotspot\share\prims\jni.cpp, line 520]
Event: 31.329 Thread 0x000001d783b872e0 Exception <a 'java/lang/NoSuchMethodError'{0x00000000d58c9b78}: method resolution failed> (0x00000000d58c9b78) 
thrown [s\src\hotspot\share\prims\methodHandles.cpp, line 1136]
Event: 41.271 Thread 0x000001d783b85f30 Exception <a 'sun/nio/fs/WindowsException'{0x00000000d5d6cb10}> (0x00000000d5d6cb10) 
thrown [s\src\hotspot\share\prims\jni.cpp, line 520]
Event: 41.271 Thread 0x000001d783b85f30 Exception <a 'sun/nio/fs/WindowsException'{0x00000000d5d6d480}> (0x00000000d5d6d480) 
thrown [s\src\hotspot\share\prims\jni.cpp, line 520]
Event: 41.283 Thread 0x000001d783b85f30 Exception <a 'sun/nio/fs/WindowsException'{0x00000000d5ddad08}> (0x00000000d5ddad08) 
thrown [s\src\hotspot\share\prims\jni.cpp, line 520]
Event: 41.283 Thread 0x000001d783b85f30 Exception <a 'sun/nio/fs/WindowsException'{0x00000000d5ddb698}> (0x00000000d5ddb698) 
thrown [s\src\hotspot\share\prims\jni.cpp, line 520]
Event: 305.784 Thread 0x000001d78f76be60 Exception <a 'sun/nio/fs/WindowsException'{0x00000000d563bf98}> (0x00000000d563bf98) 
thrown [s\src\hotspot\share\prims\jni.cpp, line 520]
Event: 305.784 Thread 0x000001d78f76be60 Exception <a 'sun/nio/fs/WindowsException'{0x00000000d563c990}> (0x00000000d563c990) 
thrown [s\src\hotspot\share\prims\jni.cpp, line 520]
Event: 305.814 Thread 0x000001d783b88d20 Implicit null exception at 0x000001d736039be2 to 0x000001d73603a020
Event: 306.175 Thread 0x000001d78e4ed060 Implicit null exception at 0x000001d73616289e to 0x000001d736162b0c
Event: 307.561 Thread 0x000001d78b4cf5b0 Exception <a 'java/lang/NoSuchMethodError'{0x00000000d5ce43a8}: 'java.lang.Object java.lang.invoke.DirectMethodHandle$Holder.invokeSpecial(java.lang.Object, java.lang.Object, int, java.lang.Object, java.lang.Object, java.lang.Object, java.lang.Object)'> (0x00000000d5ce43a8) 
thrown [s\src\hotspot\share\interpreter\linkResolver.cpp, line 773]
Event: 307.563 Thread 0x000001d78b4cf5b0 Exception <a 'java/lang/NoSuchMethodError'{0x00000000d5ceb3f0}: 'java.lang.Object java.lang.invoke.DirectMethodHandle$Holder.newInvokeSpecial(java.lang.Object, java.lang.Object, int, java.lang.Object, java.lang.Object)'> (0x00000000d5ceb3f0) 
thrown [s\src\hotspot\share\interpreter\linkResolver.cpp, line 773]
Event: 307.577 Thread 0x000001d78b4cf5b0 Exception <a 'java/lang/NoSuchMethodError'{0x00000000d5d04fa0}: 'java.lang.Object java.lang.invoke.DirectMethodHandle$Holder.invokeSpecial(java.lang.Object, java.lang.Object, java.lang.Object, int, java.lang.Object, java.lang.Object, java.lang.Object)'> (0x00000000d5d04fa0) 
thrown [s\src\hotspot\share\interpreter\linkResolver.cpp, line 773]
Event: 307.617 Thread 0x000001d78b4cf5b0 Exception <a 'java/lang/NoSuchMethodError'{0x00000000d5daf6e0}: 'void java.lang.invoke.DirectMethodHandle$Holder.invokeStatic(java.lang.Object, int)'> (0x00000000d5daf6e0) 
thrown [s\src\hotspot\share\interpreter\linkResolver.cpp, line 773]
Event: 307.779 Thread 0x000001d78b4cf5b0 Exception <a 'java/io/FileNotFoundException'{0x00000000d5a71bf0}> (0x00000000d5a71bf0) 
thrown [s\src\hotspot\share\prims\jni.cpp, line 520]
Event: 307.779 Thread 0x000001d78b4cf5b0 Exception <a 'java/io/FileNotFoundException'{0x00000000d5a72e98}> (0x00000000d5a72e98) 
thrown [s\src\hotspot\share\prims\jni.cpp, line 520]
Event: 307.780 Thread 0x000001d78b4cf5b0 Exception <a 'java/io/FileNotFoundException'{0x00000000d5a73e90}> (0x00000000d5a73e90) 
thrown [s\src\hotspot\share\prims\jni.cpp, line 520]
Event: 308.050 Thread 0x000001d78b4cf5b0 Implicit null exception at 0x000001d735c8f99f to 0x000001d735c9064c

ZGC Phase Switch (0 events):
No events

VM Operations (20 events):
Event: 308.420 Executing non-safepoint VM operation: HandshakeAllThreads (Deoptimize)
Event: 308.420 Executing non-safepoint VM operation: HandshakeAllThreads (Deoptimize) done
Event: 309.434 Executing safepoint VM operation: Cleanup
Event: 309.435 Executing safepoint VM operation: Cleanup done
Event: 313.461 Executing safepoint VM operation: Cleanup
Event: 313.461 Executing safepoint VM operation: Cleanup done
Event: 313.805 Executing safepoint VM operation: ParallelGCFailedAllocation (Allocation Failure)
Event: 313.807 Executing safepoint VM operation: ParallelGCFailedAllocation (Allocation Failure) done
Event: 314.819 Executing safepoint VM operation: Cleanup
Event: 314.820 Executing safepoint VM operation: Cleanup done
Event: 338.005 Executing safepoint VM operation: Cleanup
Event: 338.005 Executing safepoint VM operation: Cleanup done
Event: 338.968 Executing safepoint VM operation: ParallelGCFailedAllocation (Allocation Failure)
Event: 338.971 Executing safepoint VM operation: ParallelGCFailedAllocation (Allocation Failure) done
Event: 339.980 Executing safepoint VM operation: Cleanup
Event: 339.980 Executing safepoint VM operation: Cleanup done
Event: 360.742 Executing non-safepoint VM operation: HandshakeAllThreads (HandshakeForDeflation)
Event: 360.742 Executing non-safepoint VM operation: HandshakeAllThreads (HandshakeForDeflation) done
Event: 360.742 Executing non-safepoint VM operation: RendezvousGCThreads
Event: 360.742 Executing non-safepoint VM operation: RendezvousGCThreads done

Memory protections (0 events):
No events

Nmethod flushes (20 events):
Event: 18.994 Thread 0x000001d72aab4930 flushing  nmethod 0x000001d72e60cb10
Event: 18.994 Thread 0x000001d72aab4930 flushing  nmethod 0x000001d72e60fe10
Event: 18.994 Thread 0x000001d72aab4930 flushing  nmethod 0x000001d72e610b90
Event: 18.994 Thread 0x000001d72aab4930 flushing  nmethod 0x000001d72e612190
Event: 18.994 Thread 0x000001d72aab4930 flushing  nmethod 0x000001d72e63d910
Event: 18.994 Thread 0x000001d72aab4930 flushing osr nmethod 0x000001d72e68a290
Event: 18.994 Thread 0x000001d72aab4930 flushing  nmethod 0x000001d72e6a8910
Event: 18.994 Thread 0x000001d72aab4930 flushing  nmethod 0x000001d72e6b6990
Event: 18.994 Thread 0x000001d72aab4930 flushing  nmethod 0x000001d72e6b7790
Event: 18.994 Thread 0x000001d72aab4930 flushing  nmethod 0x000001d72e6ba510
Event: 18.994 Thread 0x000001d72aab4930 flushing  nmethod 0x000001d72e6bda10
Event: 18.994 Thread 0x000001d72aab4930 flushing  nmethod 0x000001d72e6df690
Event: 18.994 Thread 0x000001d72aab4930 flushing  nmethod 0x000001d72e6dfd90
Event: 18.994 Thread 0x000001d72aab4930 flushing  nmethod 0x000001d72e6e0390
Event: 18.994 Thread 0x000001d72aab4930 flushing  nmethod 0x000001d72e6e1090
Event: 18.994 Thread 0x000001d72aab4930 flushing  nmethod 0x000001d72e6e1410
Event: 18.994 Thread 0x000001d72aab4930 flushing  nmethod 0x000001d72e6e2190
Event: 18.994 Thread 0x000001d72aab4930 flushing  nmethod 0x000001d72e6ec290
Event: 18.994 Thread 0x000001d72aab4930 flushing  nmethod 0x000001d72e763290
Event: 18.994 Thread 0x000001d72aab4930 flushing osr nmethod 0x000001d72e76bc90

Events (20 events):
Event: 313.799 Thread 0x000001d78fc635e0 Thread exited: 0x000001d78fc635e0
Event: 313.799 Thread 0x000001d78fc66590 Thread exited: 0x000001d78fc66590
Event: 331.538 Thread 0x000001d78f767cc0 Thread exited: 0x000001d78f767cc0
Event: 338.880 Thread 0x000001d78390d230 Thread added: 0x000001d78c6859a0
Event: 338.902 Thread 0x000001d78390d230 Thread added: 0x000001d78c682320
Event: 338.927 Thread 0x000001d78390d230 Thread added: 0x000001d78c686e10
Event: 338.980 Thread 0x000001d78390d230 Thread added: 0x000001d78c686740
Event: 338.980 Thread 0x000001d78390d230 Thread added: 0x000001d78c683790
Event: 344.009 Thread 0x000001d78c683790 Thread exited: 0x000001d78c683790
Event: 344.057 Thread 0x000001d78c686740 Thread exited: 0x000001d78c686740
Event: 344.073 Thread 0x000001d78c686e10 Thread exited: 0x000001d78c686e10
Event: 349.052 Thread 0x000001d78c682320 Thread exited: 0x000001d78c682320
Event: 349.115 Thread 0x000001d78c6859a0 Thread exited: 0x000001d78c6859a0
Event: 367.317 Thread 0x000001d78b4d4b00 Thread exited: 0x000001d78b4d4b00
Event: 368.813 Thread 0x000001d78b4d3de0 Thread exited: 0x000001d78b4d3de0
Event: 368.813 Thread 0x000001d78b4cf5b0 Thread exited: 0x000001d78b4cf5b0
Event: 368.829 Thread 0x000001d783b87970 Thread exited: 0x000001d783b87970
Event: 368.829 Thread 0x000001d78b4d0ff0 Thread exited: 0x000001d78b4d0ff0
Event: 397.173 Thread 0x000001d78e4edd80 Thread exited: 0x000001d78e4edd80
Event: 457.174 Thread 0x000001d78e4ec9d0 Thread exited: 0x000001d78e4ec9d0


Dynamic libraries:
0x00007ff60bb50000 - 0x00007ff60bb5e000 	c:\Users\Rashen\.vscode\extensions\redhat.java-1.55.0-win32-x64\jre\21.0.11-win32-x86_64\bin\java.exe
0x00007ffa2dfe0000 - 0x00007ffa2e246000 	C:\WINDOWS\SYSTEM32\ntdll.dll
0x00007ffa2c690000 - 0x00007ffa2c759000 	C:\WINDOWS\System32\KERNEL32.DLL
0x00007ffa2b620000 - 0x00007ffa2ba1a000 	C:\WINDOWS\System32\KERNELBASE.dll
0x00007ffa2b4d0000 - 0x00007ffa2b61c000 	C:\WINDOWS\System32\ucrtbase.dll
0x00007ff9fec30000 - 0x00007ff9fec48000 	c:\Users\Rashen\.vscode\extensions\redhat.java-1.55.0-win32-x64\jre\21.0.11-win32-x86_64\bin\jli.dll
0x00007ff9fe380000 - 0x00007ff9fe39e000 	c:\Users\Rashen\.vscode\extensions\redhat.java-1.55.0-win32-x64\jre\21.0.11-win32-x86_64\bin\VCRUNTIME140.dll
0x00007ffa2dac0000 - 0x00007ffa2dc87000 	C:\WINDOWS\System32\USER32.dll
0x00007ffa16380000 - 0x00007ffa16612000 	C:\WINDOWS\WinSxS\amd64_microsoft.windows.common-controls_6595b64144ccf1df_6.0.26100.8521_none_3e08b75ce33403b3\COMCTL32.dll
0x00007ffa2b3f0000 - 0x00007ffa2b417000 	C:\WINDOWS\System32\win32u.dll
0x00007ffa2c800000 - 0x00007ffa2c8a9000 	C:\WINDOWS\System32\msvcrt.dll
0x00007ffa2bff0000 - 0x00007ffa2c01b000 	C:\WINDOWS\System32\GDI32.dll
0x00007ffa2bc20000 - 0x00007ffa2bd4b000 	C:\WINDOWS\System32\gdi32full.dll
0x00007ffa2b420000 - 0x00007ffa2b4c3000 	C:\WINDOWS\System32\msvcp_win.dll
0x00007ffa2bd60000 - 0x00007ffa2bd92000 	C:\WINDOWS\System32\IMM32.DLL
0x00007ffa201a0000 - 0x00007ffa201ac000 	c:\Users\Rashen\.vscode\extensions\redhat.java-1.55.0-win32-x64\jre\21.0.11-win32-x86_64\bin\vcruntime140_1.dll
0x00007ff9fb520000 - 0x00007ff9fb5ad000 	c:\Users\Rashen\.vscode\extensions\redhat.java-1.55.0-win32-x64\jre\21.0.11-win32-x86_64\bin\msvcp140.dll
0x00007ff9397e0000 - 0x00007ff93a582000 	c:\Users\Rashen\.vscode\extensions\redhat.java-1.55.0-win32-x64\jre\21.0.11-win32-x86_64\bin\server\jvm.dll
0x00007ffa2c020000 - 0x00007ffa2c0d6000 	C:\WINDOWS\System32\ADVAPI32.dll
0x00007ffa2be80000 - 0x00007ffa2bf2a000 	C:\WINDOWS\System32\sechost.dll
0x00007ffa2c0e0000 - 0x00007ffa2c1f8000 	C:\WINDOWS\System32\RPCRT4.dll
0x00007ffa2c8b0000 - 0x00007ffa2c930000 	C:\WINDOWS\System32\WS2_32.dll
0x00007ffa2b0d0000 - 0x00007ffa2b12e000 	C:\WINDOWS\SYSTEM32\POWRPROF.dll
0x00007ffa1b6c0000 - 0x00007ffa1b6f6000 	C:\WINDOWS\SYSTEM32\WINMM.dll
0x00007ffa21490000 - 0x00007ffa2149b000 	C:\WINDOWS\SYSTEM32\VERSION.dll
0x00007ffa2b0b0000 - 0x00007ffa2b0c4000 	C:\WINDOWS\SYSTEM32\UMPDC.dll
0x00007ffa29fc0000 - 0x00007ffa29fdb000 	C:\WINDOWS\SYSTEM32\kernel.appcore.dll
0x00007ffa1f670000 - 0x00007ffa1f67a000 	c:\Users\Rashen\.vscode\extensions\redhat.java-1.55.0-win32-x64\jre\21.0.11-win32-x86_64\bin\jimage.dll
0x00007ffa287d0000 - 0x00007ffa28a12000 	C:\WINDOWS\SYSTEM32\DBGHELP.DLL
0x00007ffa2d400000 - 0x00007ffa2d783000 	C:\WINDOWS\System32\combase.dll
0x00007ffa2bda0000 - 0x00007ffa2be79000 	C:\WINDOWS\System32\OLEAUT32.dll
0x00007ffa0e740000 - 0x00007ffa0e77b000 	C:\WINDOWS\SYSTEM32\dbgcore.DLL
0x00007ffa2bab0000 - 0x00007ffa2bb58000 	C:\WINDOWS\System32\bcryptPrimitives.dll
0x00007ffa1f5a0000 - 0x00007ffa1f5af000 	c:\Users\Rashen\.vscode\extensions\redhat.java-1.55.0-win32-x64\jre\21.0.11-win32-x86_64\bin\instrument.dll
0x00007ff9fe360000 - 0x00007ff9fe380000 	c:\Users\Rashen\.vscode\extensions\redhat.java-1.55.0-win32-x64\jre\21.0.11-win32-x86_64\bin\java.dll
0x00007ffa2c9d0000 - 0x00007ffa2d154000 	C:\WINDOWS\System32\SHELL32.dll
0x00007ffa28df0000 - 0x00007ffa29670000 	C:\WINDOWS\SYSTEM32\windows.storage.dll
0x00007ffa2d790000 - 0x00007ffa2d886000 	C:\WINDOWS\System32\SHCORE.dll
0x00007ffa2da50000 - 0x00007ffa2dab7000 	C:\WINDOWS\System32\shlwapi.dll
0x00007ffa2b190000 - 0x00007ffa2b1b9000 	C:\WINDOWS\SYSTEM32\profapi.dll
0x00007ff9fe310000 - 0x00007ff9fe328000 	c:\Users\Rashen\.vscode\extensions\redhat.java-1.55.0-win32-x64\jre\21.0.11-win32-x86_64\bin\zip.dll
0x00007ffa1f4b0000 - 0x00007ffa1f4c0000 	C:\Users\Rashen\.vscode\extensions\redhat.java-1.55.0-win32-x64\jre\21.0.11-win32-x86_64\bin\net.dll
0x00007ffa215e0000 - 0x00007ffa21709000 	C:\WINDOWS\SYSTEM32\WINHTTP.dll
0x00007ffa2a510000 - 0x00007ffa2a57c000 	C:\WINDOWS\system32\mswsock.dll
0x00007ff9fc610000 - 0x00007ff9fc626000 	C:\Users\Rashen\.vscode\extensions\redhat.java-1.55.0-win32-x64\jre\21.0.11-win32-x86_64\bin\nio.dll
0x00007ffa1f470000 - 0x00007ffa1f480000 	c:\Users\Rashen\.vscode\extensions\redhat.java-1.55.0-win32-x64\jre\21.0.11-win32-x86_64\bin\verify.dll
0x00007ff9f1a80000 - 0x00007ff9f1ac5000 	C:\Users\Rashen\AppData\Roaming\Code\User\globalStorage\redhat.java\1.55.0\config_win\org.eclipse.equinox.launcher\org.eclipse.equinox.launcher.win32.win32.x86_64_1.3.100.v20260613-0559\eclipse_11924.dll
0x00007ffa2d260000 - 0x00007ffa2d3f8000 	C:\WINDOWS\System32\ole32.dll
0x00007ffa2a910000 - 0x00007ffa2a92b000 	C:\WINDOWS\SYSTEM32\CRYPTSP.dll
0x00007ffa29f20000 - 0x00007ffa29f59000 	C:\WINDOWS\system32\rsaenh.dll
0x00007ffa2a5c0000 - 0x00007ffa2a5f3000 	C:\WINDOWS\SYSTEM32\USERENV.dll
0x00007ffa2b160000 - 0x00007ffa2b18a000 	C:\WINDOWS\SYSTEM32\bcrypt.dll
0x00007ffa2a770000 - 0x00007ffa2a77c000 	C:\WINDOWS\SYSTEM32\CRYPTBASE.dll
0x00007ffa29a50000 - 0x00007ffa29a83000 	C:\WINDOWS\SYSTEM32\IPHLPAPI.DLL
0x00007ffa2bd50000 - 0x00007ffa2bd5a000 	C:\WINDOWS\System32\NSI.dll
0x00007ff9fdc20000 - 0x00007ff9fdc69000 	C:\Users\Rashen\AppData\Local\Temp\jna--1854266227\jna7382541033329995639.dll
0x00007ffa2d890000 - 0x00007ffa2d898000 	C:\WINDOWS\System32\PSAPI.DLL
0x00007ffa21e50000 - 0x00007ffa21e6d000 	C:\WINDOWS\SYSTEM32\dhcpcsvc6.DLL
0x00007ffa21b20000 - 0x00007ffa21b45000 	C:\WINDOWS\SYSTEM32\dhcpcsvc.DLL

JVMTI agents:
c:\Users\Rashen\.vscode\extensions\redhat.java-1.55.0-win32-x64\lombok\lombok-1.18.39-4050.jar path:c:\Users\Rashen\.vscode\extensions\redhat.java-1.55.0-win32-x64\jre\21.0.11-win32-x86_64\bin\instrument.dll, loaded, initialized, instrumentlib options:none

dbghelp: loaded successfully - version: 4.0.5 - missing functions: none
symbol engine: initialized successfully - sym options: 0x614 - pdb path: .;c:\Users\Rashen\.vscode\extensions\redhat.java-1.55.0-win32-x64\jre\21.0.11-win32-x86_64\bin;C:\WINDOWS\SYSTEM32;C:\WINDOWS\WinSxS\amd64_microsoft.windows.common-controls_6595b64144ccf1df_6.0.26100.8521_none_3e08b75ce33403b3;c:\Users\Rashen\.vscode\extensions\redhat.java-1.55.0-win32-x64\jre\21.0.11-win32-x86_64\bin\server;C:\Users\Rashen\AppData\Roaming\Code\User\globalStorage\redhat.java\1.55.0\config_win\org.eclipse.equinox.launcher\org.eclipse.equinox.launcher.win32.win32.x86_64_1.3.100.v20260613-0559;C:\Users\Rashen\AppData\Local\Temp\jna--1854266227

VM Arguments:
jvm_args: --add-modules=ALL-SYSTEM --add-opens=java.base/java.util=ALL-UNNAMED --add-opens=java.base/java.lang=ALL-UNNAMED --add-opens=java.base/sun.nio.fs=ALL-UNNAMED -Declipse.application=org.eclipse.jdt.ls.core.id1 -Dosgi.bundles.defaultStartLevel=4 -Declipse.product=org.eclipse.jdt.ls.core.product -Djava.import.generatesMetadataFilesAtProjectRoot=false -DDetectVMInstallationsJob.disabled=true -Dfile.encoding=utf8 -XX:+UseParallelGC -XX:GCTimeRatio=4 -XX:AdaptiveSizePolicyWeight=90 -Dsun.zip.disableMemoryMapping=true -Xmx2G -Xms100m -Xlog:disable -javaagent:c:\Users\Rashen\.vscode\extensions\redhat.java-1.55.0-win32-x64\lombok\lombok-1.18.39-4050.jar -XX:+HeapDumpOnOutOfMemoryError -XX:HeapDumpPath=c:\Users\Rashen\AppData\Roaming\Code\User\workspaceStorage\1fe8799e4aad9cbe5e924e97708f1dd4\redhat.java -Daether.dependencyCollector.impl=bf 
java_command: c:\Users\Rashen\.vscode\extensions\redhat.java-1.55.0-win32-x64\server\plugins\org.eclipse.equinox.launcher_1.7.200.v20260619-2039.jar -configuration c:\Users\Rashen\AppData\Roaming\Code\User\globalStorage\redhat.java\1.55.0\config_win -data c:\Users\Rashen\AppData\Roaming\Code\User\workspaceStorage\1fe8799e4aad9cbe5e924e97708f1dd4\redhat.java\jdt_ws --pipe=\\.\pipe\lsp-a5b2287f504aabf48d1fafbe1b682015-sock
java_class_path (initial): c:\Users\Rashen\.vscode\extensions\redhat.java-1.55.0-win32-x64\server\plugins\org.eclipse.equinox.launcher_1.7.200.v20260619-2039.jar
Launcher Type: SUN_STANDARD

[Global flags]
    uintx AdaptiveSizePolicyWeight                 = 90                                        {product} {command line}
     intx CICompilerCount                          = 12                                        {product} {ergonomic}
    uintx GCTimeRatio                              = 4                                         {product} {command line}
     bool HeapDumpOnOutOfMemoryError               = true                                   {manageable} {command line}
    ccstr HeapDumpPath                             = c:\Users\Rashen\AppData\Roaming\Code\User\workspaceStorage\1fe8799e4aad9cbe5e924e97708f1dd4\redhat.java         {manageable} {command line}
   size_t InitialHeapSize                          = 104857600                                 {product} {command line}
   size_t MaxHeapSize                              = 2147483648                                {product} {command line}
   size_t MaxNewSize                               = 715653120                                 {product} {ergonomic}
   size_t MinHeapDeltaBytes                        = 524288                                    {product} {ergonomic}
   size_t MinHeapSize                              = 104857600                                 {product} {command line}
   size_t NewSize                                  = 34603008                                  {product} {ergonomic}
    uintx NonNMethodCodeHeapSize                   = 7602480                                {pd product} {ergonomic}
    uintx NonProfiledCodeHeapSize                  = 122027880                              {pd product} {ergonomic}
   size_t OldSize                                  = 70254592                                  {product} {ergonomic}
    uintx ProfiledCodeHeapSize                     = 122027880                              {pd product} {ergonomic}
    uintx ReservedCodeCacheSize                    = 251658240                              {pd product} {ergonomic}
     bool SegmentedCodeCache                       = true                                      {product} {ergonomic}
   size_t SoftMaxHeapSize                          = 2147483648                             {manageable} {ergonomic}
     bool UseCompressedOops                        = true                           {product lp64_product} {ergonomic}
     bool UseLargePagesIndividualAllocation        = false                                  {pd product} {ergonomic}
     bool UseParallelGC                            = true                                      {product} {command line}

Logging:
Log output configuration:
 #0: stdout all=off uptime,level,tags foldmultilines=false
 #1: stderr all=off uptime,level,tags foldmultilines=false

Release file:
JAVA_VERSION="21.0.11" 
MODULES="java.base java.compiler java.datatransfer java.xml java.prefs java.desktop java.instrument java.logging java.management java.security.sasl java.naming java.rmi java.management.rmi java.net.http java.scripting java.security.jgss java.transaction.xa java.sql java.sql.rowset java.xml.crypto java.se java.smartcardio jdk.accessibility jdk.internal.jvmstat jdk.attach jdk.charsets jdk.internal.opt jdk.zipfs jdk.compiler jdk.crypto.ec jdk.crypto.cryptoki jdk.crypto.mscapi jdk.dynalink jdk.internal.ed jdk.editpad jdk.hotspot.agent jdk.httpserver jdk.internal.le jdk.internal.vm.ci jdk.internal.vm.compiler jdk.internal.vm.compiler.management jdk.jartool jdk.javadoc jdk.jcmd jdk.management jdk.management.agent jdk.jconsole jdk.jdeps jdk.jdwp.agent jdk.jdi jdk.jfr jdk.jshell jdk.jsobject jdk.jstatd jdk.localedata jdk.management.jfr jdk.naming.dns jdk.naming.rmi jdk.net jdk.nio.mapmode jdk.random jdk.sctp jdk.security.auth jdk.security.jgss jdk.unsupported jdk.unsupported.desktop jdk.xml.dom" 

Environment Variables:
JAVA_HOME=C:\Program Files\Eclipse Adoptium\jdk-17.0.17.10-hotspot
PATH=C:\Program Files\Eclipse Adoptium\jdk-17.0.17.10-hotspot\bin;C:\WINDOWS\system32;C:\WINDOWS;C:\WINDOWS\System32\Wbem;C:\WINDOWS\System32\WindowsPowerShell\v1.0\;C:\WINDOWS\System32\OpenSSH\;C:\Program Files\Docker\Docker\resources\bin;C:\Program Files\Git\cmd;C:\Program Files\MySQL\MySQL Server 8.0\bin;C:\Program Files\nodejs\;C:\Program Files\MySQL\MySQL Server 9.5\bin;C:\Program Files\Microsoft SQL Server\170\Tools\Binn\;C:\Program Files\Microsoft SQL Server\Client SDK\ODBC\170\Tools\Binn\;C:\Program Files\dotnet\;C:\Android\Sdk\platform-tools;C:\Android\Sdk\cmdline-tools\latest\bin;C:\ProgramData\chocolatey\bin;C:\ProgramData\chocolatey\lib\maven\apache-maven-3.9.12\bin;C:\Users\Rashen\.local\bin;C:\Users\Rashen\AppData\Local\Microsoft\WindowsApps;C:\Users\Rashen\AppData\Local\Programs\Microsoft VS Code\bin;C:\Users\Rashen\AppData\Roaming\npm;C:\flutter\flutter\bin;C:\Users\Rashen\.dotnet\tools;C:\Users\Rashen\AppData\Local\Python\bin;C:\Users\Rashen\AppData\Local\GitHubDesktop\bin
USERNAME=Rashen
OS=Windows_NT
PROCESSOR_IDENTIFIER=Intel64 Family 6 Model 186 Stepping 2, GenuineIntel
TMP=C:\Users\Rashen\AppData\Local\Temp
TEMP=C:\Users\Rashen\AppData\Local\Temp




Periodic native trim disabled

---------------  S Y S T E M  ---------------

OS:
 Windows 11 , 64 bit Build 26100 (10.0.26100.8521)
OS uptime: 2 days 5:32 hours
Hyper-V role detected

CPU: total 16 (initial active 16) (8 cores per cpu, 2 threads per core) family 6 model 186 stepping 2 microcode 0x410e, cx8, cmov, fxsr, ht, mmx, 3dnowpref, sse, sse2, sse3, ssse3, sse4.1, sse4.2, popcnt, lzcnt, tsc, tscinvbit, avx, avx2, aes, erms, clmul, bmi1, bmi2, adx, sha, fma, vzeroupper, clflush, clflushopt, clwb, hv, serialize, rdtscp, rdpid, fsrm, f16c, cet_ibt, cet_ss
Processor Information for processor 0
  Max Mhz: 2400, Current Mhz: 2400, Mhz Limit: 2400
Processor Information for processor 1
  Max Mhz: 2400, Current Mhz: 2400, Mhz Limit: 2400
Processor Information for processor 2
  Max Mhz: 2400, Current Mhz: 2400, Mhz Limit: 2400
Processor Information for processor 3
  Max Mhz: 2400, Current Mhz: 2400, Mhz Limit: 2400
Processor Information for processor 4
  Max Mhz: 2400, Current Mhz: 2400, Mhz Limit: 2400
Processor Information for processor 5
  Max Mhz: 2400, Current Mhz: 2400, Mhz Limit: 2400
Processor Information for processor 6
  Max Mhz: 2400, Current Mhz: 2400, Mhz Limit: 2400
Processor Information for processor 7
  Max Mhz: 2400, Current Mhz: 2400, Mhz Limit: 2400
Processor Information for processor 8
  Max Mhz: 2400, Current Mhz: 2400, Mhz Limit: 2400
Processor Information for processor 9
  Max Mhz: 2400, Current Mhz: 2400, Mhz Limit: 2400
Processor Information for processor 10
  Max Mhz: 2400, Current Mhz: 2400, Mhz Limit: 2400
Processor Information for processor 11
  Max Mhz: 2400, Current Mhz: 2400, Mhz Limit: 2400
Processor Information for processor 12
  Max Mhz: 2400, Current Mhz: 1466, Mhz Limit: 2400
Processor Information for processor 13
  Max Mhz: 2400, Current Mhz: 1466, Mhz Limit: 2400
Processor Information for processor 14
  Max Mhz: 2400, Current Mhz: 1466, Mhz Limit: 2400
Processor Information for processor 15
  Max Mhz: 2400, Current Mhz: 1466, Mhz Limit: 2400

Memory: 4k page, system-wide physical 32471M (1802M free)
TotalPageFile size 54215M (AvailPageFile size 4M)
current process WorkingSet (physical memory assigned to process): 371M, peak: 451M
current process commit charge ("private bytes"): 459M, peak: 539M

vm_info: OpenJDK 64-Bit Server VM (21.0.11+10-LTS) for windows-amd64 JRE (21.0.11+10-LTS), built on 2026-04-21T00:00:00Z by "admin" with MS VC++ 17.12 (VS2022)

END.
