#
# There is insufficient memory for the Java Runtime Environment to continue.
# Native memory allocation (malloc) failed to allocate 1316816 bytes. Error detail: Chunk::new
# Possible reasons:
#   The system is out of physical RAM or swap space
#   This process is running with CompressedOops enabled, and the Java Heap may be blocking the growth of the native heap
# Possible solutions:
#   Reduce memory load on the system
#   Increase physical memory or swap space
#   Check if swap backing store is full
#   Decrease Java heap size (-Xmx/-Xms)
#   Decrease number of Java threads
#   Decrease Java thread stack sizes (-Xss)
#   Set larger code cache with -XX:ReservedCodeCacheSize=
#   JVM is running with Unscaled Compressed Oops mode in which the Java heap is
#     placed in the first 4GB address space. The Java Heap base address is the
#     maximum limit for the native heap growth. Please use -XX:HeapBaseMinAddress
#     to set the Java Heap base and to place the Java Heap above 4GB virtual address.
# This output file may be truncated or incomplete.
#
#  Out of Memory Error (arena.cpp:168), pid=35976, tid=40476
#
# JRE version: OpenJDK Runtime Environment Temurin-21.0.11+10 (21.0.11+10) (build 21.0.11+10-LTS)
# Java VM: OpenJDK 64-Bit Server VM Temurin-21.0.11+10 (21.0.11+10-LTS, mixed mode, sharing, tiered, compressed oops, compressed class ptrs, parallel gc, windows-amd64)
# No core dump will be written. Minidumps are not enabled by default on client versions of Windows
#

---------------  S U M M A R Y ------------

Command Line: --add-modules=ALL-SYSTEM --add-opens=java.base/java.util=ALL-UNNAMED --add-opens=java.base/java.lang=ALL-UNNAMED --add-opens=java.base/sun.nio.fs=ALL-UNNAMED -Declipse.application=org.eclipse.jdt.ls.core.id1 -Dosgi.bundles.defaultStartLevel=4 -Declipse.product=org.eclipse.jdt.ls.core.product -Djava.import.generatesMetadataFilesAtProjectRoot=false -DDetectVMInstallationsJob.disabled=true -Dfile.encoding=utf8 -XX:+UseParallelGC -XX:GCTimeRatio=4 -XX:AdaptiveSizePolicyWeight=90 -Dsun.zip.disableMemoryMapping=true -Xmx2G -Xms100m -Xlog:disable -javaagent:c:\Users\Rashen\.vscode\extensions\redhat.java-1.55.0-win32-x64\lombok\lombok-1.18.39-4050.jar -XX:+HeapDumpOnOutOfMemoryError -XX:HeapDumpPath=c:\Users\Rashen\AppData\Roaming\Code\User\workspaceStorage\1fe8799e4aad9cbe5e924e97708f1dd4\redhat.java -Daether.dependencyCollector.impl=bf c:\Users\Rashen\.vscode\extensions\redhat.java-1.55.0-win32-x64\server\plugins\org.eclipse.equinox.launcher_1.7.200.v20260619-2039.jar -configuration c:\Users\Rashen\AppData\Roaming\Code\User\globalStorage\redhat.java\1.55.0\config_win -data c:\Users\Rashen\AppData\Roaming\Code\User\workspaceStorage\1fe8799e4aad9cbe5e924e97708f1dd4\redhat.java\jdt_ws --pipe=\\.\pipe\lsp-4cb00af85505ca8f0b060f095c4c2907-sock

Host: 13th Gen Intel(R) Core(TM) i7-13620H, 16 cores, 31G,  Windows 11 , 64 bit Build 26100 (10.0.26100.8521)
Time: Fri Aug 21 13:08:28 2026 Sri Lanka Standard Time elapsed time: 10.941452 seconds (0d 0h 0m 10s)

---------------  T H R E A D  ---------------

Current thread (0x000002216e6cb390):  JavaThread "C2 CompilerThread4" daemon [_thread_in_native, id=40476, stack(0x0000002842700000,0x0000002842800000) (1024K)]


Current CompileTask:
C2:10941 10594 % !   4       org.eclipse.jdt.internal.compiler.classfmt.ClassFileReader::<init> @ 81 (1968 bytes)

Stack: [0x0000002842700000,0x0000002842800000]
Native frames: (J=compiled Java code, j=interpreted, Vv=VM code, C=native code)
V  [jvm.dll+0x6d7e19]
V  [jvm.dll+0x8b5096]
V  [jvm.dll+0x8b764e]
V  [jvm.dll+0x8b7d33]
V  [jvm.dll+0x284596]
V  [jvm.dll+0xc685d]
V  [jvm.dll+0xc6da1]
V  [jvm.dll+0x2fb4ee]
V  [jvm.dll+0x5fe9a4]
V  [jvm.dll+0x255d67]
V  [jvm.dll+0x25612d]
V  [jvm.dll+0x24e6a0]
V  [jvm.dll+0x24bbe6]
V  [jvm.dll+0x1cb4ae]
V  [jvm.dll+0x25baad]
V  [jvm.dll+0x25a03a]
V  [jvm.dll+0x3f868e]
V  [jvm.dll+0x85fb0d]
V  [jvm.dll+0x6d664d]
C  [ucrtbase.dll+0x2cd30]
C  [KERNEL32.DLL+0x2e957]
C  [ntdll.dll+0x87c1c]


---------------  P R O C E S S  ---------------

Threads class SMR info:
_java_thread_list=0x000002216ef44840, length=73, elements={
0x000002214d17b940, 0x000002214f5b3400, 0x000002214f4bd420, 0x000002214f5b7510,
0x000002214f5b8170, 0x000002214f5bc0a0, 0x000002214f5bdfc0, 0x000002214f5c7770,
0x000002214f5c9fe0, 0x00000221674965f0, 0x000002216d030e50, 0x000002216dd251e0,
0x000002216deb2ad0, 0x000002216dc1b750, 0x000002216dc1c190, 0x000002216e2ee500,
0x000002216e6afb60, 0x000002216e6cacc0, 0x000002216e6cba60, 0x000002216e6c83e0,
0x000002216e6cb390, 0x000002216e6ca5f0, 0x000002216e784280, 0x000002216e6c8ab0,
0x000002216e6c9180, 0x000002216db5b7d0, 0x000002216df63e40, 0x000002216e00ef40,
0x000002216e00db90, 0x000002216e00f5d0, 0x000002216e0102f0, 0x000002216e00ce70,
0x000002216e00d500, 0x000002216e00e220, 0x000002216e00e8b0, 0x0000022170de0430,
0x0000022170ddcfb0, 0x0000022170ddd640, 0x0000022170de0ac0, 0x0000022170dde360,
0x0000022170de1150, 0x0000022170ddf080, 0x0000022170ddfda0, 0x0000022170ddf710,
0x0000022170dddcd0, 0x0000022170de17e0, 0x0000022170dde9f0, 0x0000022170de2500,
0x0000022170de1e70, 0x000002216f07c4f0, 0x000002216f07b080, 0x0000022170de3220,
0x0000022170de38b0, 0x0000022170de3f40, 0x0000022170de45d0, 0x00000221709f3dc0,
0x00000221709f1cf0, 0x00000221709f3730, 0x00000221709f4ae0, 0x00000221709f4450,
0x00000221709f5170, 0x00000221709f5800, 0x00000221709f2380, 0x00000221709f5e90,
0x00000221709f2a10, 0x00000221709f6520, 0x00000221709f30a0, 0x00000221709f9310,
0x00000221709f7240, 0x00000221709f78d0, 0x00000221709f7f60, 0x00000221709f8c80,
0x000002216f079540
}

Java Threads: ( => current thread )
  0x000002214d17b940 JavaThread "main"                              [_thread_blocked, id=49316, stack(0x0000002841500000,0x0000002841600000) (1024K)]
  0x000002214f5b3400 JavaThread "Reference Handler"          daemon [_thread_blocked, id=50408, stack(0x0000002841900000,0x0000002841a00000) (1024K)]
  0x000002214f4bd420 JavaThread "Finalizer"                  daemon [_thread_blocked, id=48092, stack(0x0000002841a00000,0x0000002841b00000) (1024K)]
  0x000002214f5b7510 JavaThread "Signal Dispatcher"          daemon [_thread_blocked, id=48824, stack(0x0000002841b00000,0x0000002841c00000) (1024K)]
  0x000002214f5b8170 JavaThread "Attach Listener"            daemon [_thread_blocked, id=30328, stack(0x0000002841c00000,0x0000002841d00000) (1024K)]
  0x000002214f5bc0a0 JavaThread "Service Thread"             daemon [_thread_blocked, id=51024, stack(0x0000002841d00000,0x0000002841e00000) (1024K)]
  0x000002214f5bdfc0 JavaThread "Monitor Deflation Thread"   daemon [_thread_blocked, id=41564, stack(0x0000002841e00000,0x0000002841f00000) (1024K)]
  0x000002214f5c7770 JavaThread "C2 CompilerThread0"         daemon [_thread_blocked, id=49144, stack(0x0000002841f00000,0x0000002842000000) (1024K)]
  0x000002214f5c9fe0 JavaThread "C1 CompilerThread0"         daemon [_thread_blocked, id=32956, stack(0x0000002842000000,0x0000002842100000) (1024K)]
  0x00000221674965f0 JavaThread "Common-Cleaner"             daemon [_thread_blocked, id=29668, stack(0x0000002842500000,0x0000002842600000) (1024K)]
  0x000002216d030e50 JavaThread "Notification Thread"        daemon [_thread_blocked, id=50664, stack(0x0000002842600000,0x0000002842700000) (1024K)]
  0x000002216dd251e0 JavaThread "Active Thread: Equinox Container: 75b14626-648f-4896-9089-d9a5bd5e5166"        [_thread_blocked, id=52944, stack(0x0000002843000000,0x0000002843100000) (1024K)]
  0x000002216deb2ad0 JavaThread "Refresh Thread: Equinox Container: 75b14626-648f-4896-9089-d9a5bd5e5166" daemon [_thread_blocked, id=48912, stack(0x0000002843200000,0x0000002843300000) (1024K)]
  0x000002216dc1b750 JavaThread "Framework Event Dispatcher: Equinox Container: 75b14626-648f-4896-9089-d9a5bd5e5166" daemon [_thread_blocked, id=50340, stack(0x0000002843300000,0x0000002843400000) (1024K)]
  0x000002216dc1c190 JavaThread "Start Level: Equinox Container: 75b14626-648f-4896-9089-d9a5bd5e5166" daemon [_thread_blocked, id=46188, stack(0x0000002843400000,0x0000002843500000) (1024K)]
  0x000002216e2ee500 JavaThread "Bundle File Closer"         daemon [_thread_blocked, id=27536, stack(0x0000002843700000,0x0000002843800000) (1024K)]
  0x000002216e6afb60 JavaThread "SCR Component Actor"        daemon [_thread_blocked, id=29572, stack(0x0000002842100000,0x0000002842200000) (1024K)]
  0x000002216e6cacc0 JavaThread "C2 CompilerThread1"         daemon [_thread_in_native, id=51484, stack(0x0000002842200000,0x0000002842300000) (1024K)]
  0x000002216e6cba60 JavaThread "C2 CompilerThread2"         daemon [_thread_in_native, id=51916, stack(0x0000002842300000,0x0000002842400000) (1024K)]
  0x000002216e6c83e0 JavaThread "C2 CompilerThread3"         daemon [_thread_in_native, id=48872, stack(0x0000002842400000,0x0000002842500000) (1024K)]
=>0x000002216e6cb390 JavaThread "C2 CompilerThread4"         daemon [_thread_in_native, id=40476, stack(0x0000002842700000,0x0000002842800000) (1024K)]
  0x000002216e6ca5f0 JavaThread "C1 CompilerThread1"         daemon [_thread_blocked, id=11136, stack(0x0000002843800000,0x0000002843900000) (1024K)]
  0x000002216e784280 JavaThread "Worker-JM"                         [_thread_blocked, id=41324, stack(0x0000002843900000,0x0000002843a00000) (1024K)]
  0x000002216e6c8ab0 JavaThread "C1 CompilerThread2"         daemon [_thread_blocked, id=43368, stack(0x0000002843c00000,0x0000002843d00000) (1024K)]
  0x000002216e6c9180 JavaThread "C1 CompilerThread3"         daemon [_thread_blocked, id=48940, stack(0x0000002843d00000,0x0000002843e00000) (1024K)]
  0x000002216db5b7d0 JavaThread "JNA Cleaner"                daemon [_thread_blocked, id=44464, stack(0x0000002843e00000,0x0000002843f00000) (1024K)]
  0x000002216df63e40 JavaThread "Worker-0: Initialize workspace"        [_thread_in_native, id=24724, stack(0x0000002843f00000,0x0000002844000000) (1024K)]
  0x000002216e00ef40 JavaThread "Worker-1"                          [_thread_blocked, id=15140, stack(0x0000002844000000,0x0000002844100000) (1024K)]
  0x000002216e00db90 JavaThread "Java indexing"              daemon [_thread_blocked, id=50908, stack(0x0000002842e00000,0x0000002842f00000) (1024K)]
  0x000002216e00f5d0 JavaThread "Worker-2: Initialize Workspace"        [_thread_blocked, id=51948, stack(0x0000002844400000,0x0000002844500000) (1024K)]
  0x000002216e0102f0 JavaThread "Worker-3"                          [_thread_blocked, id=50724, stack(0x0000002844500000,0x0000002844600000) (1024K)]
  0x000002216e00ce70 JavaThread "Thread-1"                   daemon [_thread_in_native, id=20600, stack(0x0000002844600000,0x0000002844700000) (1024K)]
  0x000002216e00d500 JavaThread "Thread-2"                   daemon [_thread_in_native, id=41880, stack(0x0000002844700000,0x0000002844800000) (1024K)]
  0x000002216e00e220 JavaThread "Thread-3"                   daemon [_thread_in_native, id=44832, stack(0x0000002844800000,0x0000002844900000) (1024K)]
  0x000002216e00e8b0 JavaThread "Thread-4"                   daemon [_thread_in_native, id=49000, stack(0x0000002844900000,0x0000002844a00000) (1024K)]
  0x0000022170de0430 JavaThread "Thread-5"                   daemon [_thread_in_native, id=44328, stack(0x0000002844a00000,0x0000002844b00000) (1024K)]
  0x0000022170ddcfb0 JavaThread "Thread-6"                   daemon [_thread_in_native, id=39544, stack(0x0000002844b00000,0x0000002844c00000) (1024K)]
  0x0000022170ddd640 JavaThread "Thread-7"                   daemon [_thread_in_native, id=46876, stack(0x0000002844c00000,0x0000002844d00000) (1024K)]
  0x0000022170de0ac0 JavaThread "Thread-8"                   daemon [_thread_in_native, id=23856, stack(0x0000002844d00000,0x0000002844e00000) (1024K)]
  0x0000022170dde360 JavaThread "Thread-9"                   daemon [_thread_in_native, id=6832, stack(0x0000002844e00000,0x0000002844f00000) (1024K)]
  0x0000022170de1150 JavaThread "Thread-10"                  daemon [_thread_in_native, id=45228, stack(0x0000002844f00000,0x0000002845000000) (1024K)]
  0x0000022170ddf080 JavaThread "Thread-11"                  daemon [_thread_in_native, id=44684, stack(0x0000002845000000,0x0000002845100000) (1024K)]
  0x0000022170ddfda0 JavaThread "Thread-12"                  daemon [_thread_in_native, id=52028, stack(0x0000002845100000,0x0000002845200000) (1024K)]
  0x0000022170ddf710 JavaThread "Thread-13"                  daemon [_thread_in_native, id=50728, stack(0x0000002845200000,0x0000002845300000) (1024K)]
  0x0000022170dddcd0 JavaThread "Thread-14"                  daemon [_thread_in_native, id=30016, stack(0x0000002845300000,0x0000002845400000) (1024K)]
  0x0000022170de17e0 JavaThread "Thread-15"                  daemon [_thread_in_native, id=51908, stack(0x0000002845400000,0x0000002845500000) (1024K)]
  0x0000022170dde9f0 JavaThread "Thread-16"                  daemon [_thread_in_native, id=51316, stack(0x0000002845500000,0x0000002845600000) (1024K)]
  0x0000022170de2500 JavaThread "Thread-17"                  daemon [_thread_in_native, id=50764, stack(0x0000002845600000,0x0000002845700000) (1024K)]
  0x0000022170de1e70 JavaThread "pool-2-thread-1"                   [_thread_blocked, id=41412, stack(0x0000002845700000,0x0000002845800000) (1024K)]
  0x000002216f07c4f0 JavaThread "C2 CompilerThread5"         daemon [_thread_blocked, id=18876, stack(0x0000002845800000,0x0000002845900000) (1024K)]
  0x000002216f07b080 JavaThread "C2 CompilerThread6"         daemon [_thread_blocked, id=33300, stack(0x0000002845900000,0x0000002845a00000) (1024K)]
  0x0000022170de3220 JavaThread "PatternSearchJob-worker-1"  daemon [_thread_blocked, id=47728, stack(0x0000002845b00000,0x0000002845c00000) (1024K)]
  0x0000022170de38b0 JavaThread "PatternSearchJob-worker-2"  daemon [_thread_blocked, id=50120, stack(0x0000002845c00000,0x0000002845d00000) (1024K)]
  0x0000022170de3f40 JavaThread "PatternSearchJob-worker-3"  daemon [_thread_blocked, id=52000, stack(0x0000002845d00000,0x0000002845e00000) (1024K)]
  0x0000022170de45d0 JavaThread "PatternSearchJob-worker-4"  daemon [_thread_blocked, id=50644, stack(0x0000002845e00000,0x0000002845f00000) (1024K)]
  0x00000221709f3dc0 JavaThread "PatternSearchJob-worker-5"  daemon [_thread_blocked, id=47296, stack(0x0000002845f00000,0x0000002846000000) (1024K)]
  0x00000221709f1cf0 JavaThread "PatternSearchJob-worker-6"  daemon [_thread_blocked, id=40632, stack(0x0000002846000000,0x0000002846100000) (1024K)]
  0x00000221709f3730 JavaThread "PatternSearchJob-worker-7"  daemon [_thread_blocked, id=51920, stack(0x0000002846100000,0x0000002846200000) (1024K)]
  0x00000221709f4ae0 JavaThread "PatternSearchJob-worker-8"  daemon [_thread_blocked, id=30212, stack(0x0000002846200000,0x0000002846300000) (1024K)]
  0x00000221709f4450 JavaThread "PatternSearchJob-worker-9"  daemon [_thread_blocked, id=20904, stack(0x0000002846300000,0x0000002846400000) (1024K)]
  0x00000221709f5170 JavaThread "PatternSearchJob-worker-10" daemon [_thread_blocked, id=42768, stack(0x0000002846400000,0x0000002846500000) (1024K)]
  0x00000221709f5800 JavaThread "PatternSearchJob-worker-11" daemon [_thread_blocked, id=51340, stack(0x0000002846500000,0x0000002846600000) (1024K)]
  0x00000221709f2380 JavaThread "PatternSearchJob-worker-12" daemon [_thread_blocked, id=51296, stack(0x0000002846600000,0x0000002846700000) (1024K)]
  0x00000221709f5e90 JavaThread "PatternSearchJob-worker-13" daemon [_thread_blocked, id=25640, stack(0x0000002846700000,0x0000002846800000) (1024K)]
  0x00000221709f2a10 JavaThread "PatternSearchJob-worker-14" daemon [_thread_blocked, id=43556, stack(0x0000002846800000,0x0000002846900000) (1024K)]
  0x00000221709f6520 JavaThread "PatternSearchJob-worker-15" daemon [_thread_blocked, id=34328, stack(0x0000002846900000,0x0000002846a00000) (1024K)]
  0x00000221709f30a0 JavaThread "WorkspaceEventsHandler"            [_thread_blocked, id=42696, stack(0x0000002846a00000,0x0000002846b00000) (1024K)]
  0x00000221709f9310 JavaThread "pool-1-thread-1"                   [_thread_blocked, id=39828, stack(0x0000002846b00000,0x0000002846c00000) (1024K)]
  0x00000221709f7240 JavaThread "ForkJoinPool.commonPool-worker-1" daemon [_thread_in_native, id=49688, stack(0x0000002845a00000,0x0000002845b00000) (1024K)]
  0x00000221709f78d0 JavaThread "ForkJoinPool.commonPool-worker-2" daemon [_thread_blocked, id=50768, stack(0x0000002846c00000,0x0000002846d00000) (1024K)]
  0x00000221709f7f60 JavaThread "ForkJoinPool.commonPool-worker-3" daemon [_thread_blocked, id=51360, stack(0x0000002846d00000,0x0000002846e00000) (1024K)]
  0x00000221709f8c80 JavaThread "ForkJoinPool.commonPool-worker-4" daemon [_thread_blocked, id=52844, stack(0x0000002846e00000,0x0000002846f00000) (1024K)]
  0x000002216f079540 JavaThread "C2 CompilerThread7"         daemon [_thread_in_native, id=48576, stack(0x0000002846f00000,0x0000002847000000) (1024K)]
Total: 73

Other Threads:
  0x000002214f4a4ba0 VMThread "VM Thread"                           [id=30656, stack(0x0000002841800000,0x0000002841900000) (1024K)]
  0x000002214f39ca00 WatcherThread "VM Periodic Task Thread"        [id=36664, stack(0x0000002841700000,0x0000002841800000) (1024K)]
  0x000002214f531380 WorkerThread "GC Thread#0"                     [id=36396, stack(0x0000002841600000,0x0000002841700000) (1024K)]
  0x000002216d9126f0 WorkerThread "GC Thread#1"                     [id=43052, stack(0x0000002842800000,0x0000002842900000) (1024K)]
  0x000002216d363d40 WorkerThread "GC Thread#2"                     [id=44736, stack(0x0000002842900000,0x0000002842a00000) (1024K)]
  0x000002216d2e6130 WorkerThread "GC Thread#3"                     [id=6964, stack(0x0000002842a00000,0x0000002842b00000) (1024K)]
  0x000002216d753e20 WorkerThread "GC Thread#4"                     [id=51140, stack(0x0000002842b00000,0x0000002842c00000) (1024K)]
  0x000002216dae5280 WorkerThread "GC Thread#5"                     [id=52344, stack(0x0000002842c00000,0x0000002842d00000) (1024K)]
  0x000002216d888e20 WorkerThread "GC Thread#6"                     [id=46892, stack(0x0000002842d00000,0x0000002842e00000) (1024K)]
  0x000002216de032d0 WorkerThread "GC Thread#7"                     [id=43384, stack(0x0000002843100000,0x0000002843200000) (1024K)]
  0x000002216df809c0 WorkerThread "GC Thread#8"                     [id=32620, stack(0x0000002842f00000,0x0000002843000000) (1024K)]
  0x000002216df093b0 WorkerThread "GC Thread#9"                     [id=51860, stack(0x0000002843500000,0x0000002843600000) (1024K)]
  0x000002216db609b0 WorkerThread "GC Thread#10"                    [id=48152, stack(0x0000002843600000,0x0000002843700000) (1024K)]
  0x000002216e620d70 WorkerThread "GC Thread#11"                    [id=51336, stack(0x0000002843a00000,0x0000002843b00000) (1024K)]
  0x000002216e621120 WorkerThread "GC Thread#12"                    [id=41820, stack(0x0000002843b00000,0x0000002843c00000) (1024K)]
Total: 15

Threads with active compile tasks:
C2 CompilerThread1  10970 10678       4       lombok.launch.PackageShader::apply (252 bytes)
C2 CompilerThread2  10970 10533 %     4       java.util.Properties::load0 @ 29 (249 bytes)
C2 CompilerThread3  10971 10570       4       java.lang.invoke.MethodType::makeImpl (109 bytes)
C2 CompilerThread4  10971 10594 % !   4       org.eclipse.jdt.internal.compiler.classfmt.ClassFileReader::<init> @ 81 (1968 bytes)
C2 CompilerThread7  10971 9526       4       java.lang.invoke.MethodHandleImpl::makePairwiseConvertByEditor (617 bytes)
Total: 5

VM state: not at safepoint (normal execution)

VM Mutex/Monitor currently owned by a thread: None

Heap address: 0x0000000080000000, size: 2048 MB, Compressed Oops mode: 32-bit

CDS archive(s) mapped at: [0x0000022100000000-0x0000022100ba0000-0x0000022100ba0000), size 12189696, SharedBaseAddress: 0x0000022100000000, ArchiveRelocationMode: 1.
Compressed class space mapped at: 0x0000022101000000-0x0000022141000000, reserved size: 1073741824
Narrow klass base: 0x0000022100000000, Narrow klass shift: 0, Narrow klass range: 0x100000000

GC Precious Log:
 CardTable entry size: 512
 CPUs: 16 total, 16 available
 Memory: 32471M
 Large Page Support: Disabled
 NUMA Support: Disabled
 Compressed Oops: Enabled (32-bit)
 Alignments: Space 512K, Generation 512K, Heap 2M
 Heap Min Capacity: 100M
 Heap Initial Capacity: 100M
 Heap Max Capacity: 2G
 Pre-touch: Disabled
 Parallel Workers: 13

Heap:
 PSYoungGen      total 15360K, used 14472K [0x00000000d5580000, 0x00000000d6580000, 0x0000000100000000)
  eden space 14336K, 96% used [0x00000000d5580000,0x00000000d62f2280,0x00000000d6380000)
  from space 1024K, 68% used [0x00000000d6480000,0x00000000d6530020,0x00000000d6580000)
  to   space 1024K, 0% used [0x00000000d6380000,0x00000000d6380000,0x00000000d6480000)
 ParOldGen       total 77824K, used 77553K [0x0000000080000000, 0x0000000084c00000, 0x00000000d5580000)
  object space 77824K, 99% used [0x0000000080000000,0x0000000084bbc5d8,0x0000000084c00000)
 Metaspace       used 56402K, committed 57856K, reserved 1114112K
  class space    used 6005K, committed 6592K, reserved 1048576K

Card table byte_map: [0x000002214eeb0000,0x000002214f2c0000] _byte_map_base: 0x000002214eab0000

Marking Bits: (ParMarkBitMap*) 0x00007ff93a4a4460
 Begin Bits: [0x00000221619c0000, 0x00000221639c0000)
 End Bits:   [0x00000221639c0000, 0x00000221659c0000)

Polling page: 0x000002214d340000

Metaspace:

Usage:
  Non-class:     49.22 MB used.
      Class:      5.86 MB used.
       Both:     55.08 MB used.

Virtual space:
  Non-class space:       64.00 MB reserved,      50.06 MB ( 78%) committed,  1 nodes.
      Class space:        1.00 GB reserved,       6.44 MB ( <1%) committed,  1 nodes.
             Both:        1.06 GB reserved,      56.50 MB (  5%) committed. 

Chunk freelists:
   Non-Class:  13.36 MB
       Class:  9.39 MB
        Both:  22.75 MB

MaxMetaspaceSize: unlimited
CompressedClassSpaceSize: 1.00 GB
Initial GC threshold: 21.00 MB
Current GC threshold: 58.38 MB
CDS: on
 - commit_granule_bytes: 65536.
 - commit_granule_words: 8192.
 - virtual_space_node_default_size: 8388608.
 - enlarge_chunks_in_place: 1.
 - use_allocation_guard: 0.


Internal statistics:

num_allocs_failed_limit: 6.
num_arena_births: 1070.
num_arena_deaths: 14.
num_vsnodes_births: 2.
num_vsnodes_deaths: 0.
num_space_committed: 904.
num_space_uncommitted: 0.
num_chunks_returned_to_freelist: 20.
num_chunks_taken_from_freelist: 3702.
num_chunk_merges: 12.
num_chunk_splits: 2277.
num_chunks_enlarged: 1269.
num_inconsistent_stats: 0.

CodeHeap 'non-profiled nmethods': size=119168Kb used=6879Kb max_used=6879Kb free=112288Kb
 bounds [0x000002215a2b0000, 0x000002215a970000, 0x0000022161710000]
CodeHeap 'profiled nmethods': size=119104Kb used=22038Kb max_used=22038Kb free=97065Kb
 bounds [0x0000022152710000, 0x0000022153ca0000, 0x0000022159b60000]
CodeHeap 'non-nmethods': size=7488Kb used=3081Kb max_used=3160Kb free=4406Kb
 bounds [0x0000022159b60000, 0x0000022159e80000, 0x000002215a2b0000]
CodeCache: size=245760Kb, used=31998Kb, max_used=32077Kb, free=213759Kb
 total_blobs=10788, nmethods=10090, adapters=601, full_count=0
Compilation: enabled, stopped_count=0, restarted_count=0

Compilation events (20 events):
Event: 10.910 Thread 0x000002216e6cacc0 nmethod 10675 0x000002215a958f10 code [0x000002215a9590c0, 0x000002215a959450]
Event: 10.912 Thread 0x000002216f07b080 nmethod 10676 0x000002215a959610 code [0x000002215a9597a0, 0x000002215a959900]
Event: 10.912 Thread 0x000002216e6cacc0 10678       4       lombok.launch.PackageShader::apply (252 bytes)
Event: 10.920 Thread 0x000002214f5c9fe0 10679       3       java.util.jar.JarEntry::<init> (6 bytes)
Event: 10.920 Thread 0x000002216e6c8ab0 10680       3       java.util.zip.ZipEntry::<init> (172 bytes)
Event: 10.920 Thread 0x000002214f5c9fe0 nmethod 10679 0x0000022153c87690 code [0x0000022153c87840, 0x0000022153c87978]
Event: 10.921 Thread 0x000002216e6c8ab0 nmethod 10680 0x0000022153c87a10 code [0x0000022153c87be0, 0x0000022153c87fd0]
Event: 10.927 Thread 0x000002216f07b080 10681       4       sun.nio.fs.WindowsPath::getFileSystem (5 bytes)
Event: 10.928 Thread 0x000002214f5c9fe0 10682       3       org.eclipse.m2e.core.internal.embedder.MavenImpl::getArtifactPath (33 bytes)
Event: 10.929 Thread 0x000002214f5c9fe0 nmethod 10682 0x0000022153c88190 code [0x0000022153c88380, 0x0000022153c88888]
Event: 10.929 Thread 0x000002216f07b080 nmethod 10681 0x000002215a959a90 code [0x000002215a959c20, 0x000002215a959cb0]
Event: 10.930 Thread 0x000002214f5c9fe0 10683       3       lombok.launch.ClassFileMetaData::<init> (283 bytes)
Event: 10.930 Thread 0x000002216e6c9180 10684       3       lombok.launch.ClassFileMetaData::getOffsets (62 bytes)
Event: 10.931 Thread 0x000002216e6c9180 nmethod 10684 0x0000022153c88b10 code [0x0000022153c88ce0, 0x0000022153c89020]
Event: 10.932 Thread 0x000002214f5c9fe0 nmethod 10683 0x0000022153c89190 code [0x0000022153c89420, 0x0000022153c8a368]
Event: 10.936 Thread 0x000002214f5c7770 nmethod 10630 0x000002215a959d90 code [0x000002215a95a200, 0x000002215a95dad0]
Event: 10.937 Thread 0x000002214f5c9fe0 10685   !   3       lombok.launch.ShadowClassLoader::loadClass (242 bytes)
Event: 10.937 Thread 0x000002216e6c8ab0 10686   !   3       lombok.launch.ShadowClassLoader::getResource_ (229 bytes)
Event: 10.937 Thread 0x000002216e6c9180 10687   !   3       lombok.launch.PackageShader::reverseResourceName (126 bytes)
Event: 10.937 Thread 0x000002216e6ca5f0 10688       3       lombok.launch.ShadowClassLoader::toSclResourceName (54 bytes)

GC Heap History (20 events):
Event: 10.222 GC heap before
{Heap before GC invocations=77 (full 2):
 PSYoungGen      total 15360K, used 15136K [0x00000000d5580000, 0x00000000d6580000, 0x0000000100000000)
  eden space 14336K, 100% used [0x00000000d5580000,0x00000000d6380000,0x00000000d6380000)
  from space 1024K, 78% used [0x00000000d6480000,0x00000000d6548118,0x00000000d6580000)
  to   space 1024K, 0% used [0x00000000d6380000,0x00000000d6380000,0x00000000d6480000)
 ParOldGen       total 73728K, used 73253K [0x0000000080000000, 0x0000000084800000, 0x00000000d5580000)
  object space 73728K, 99% used [0x0000000080000000,0x00000000847894b0,0x0000000084800000)
 Metaspace       used 54133K, committed 55552K, reserved 1114112K
  class space    used 5746K, committed 6336K, reserved 1048576K
}
Event: 10.224 GC heap after
{Heap after GC invocations=77 (full 2):
 PSYoungGen      total 15360K, used 747K [0x00000000d5580000, 0x00000000d6580000, 0x0000000100000000)
  eden space 14336K, 0% used [0x00000000d5580000,0x00000000d5580000,0x00000000d6380000)
  from space 1024K, 73% used [0x00000000d6380000,0x00000000d643afa8,0x00000000d6480000)
  to   space 1024K, 0% used [0x00000000d6480000,0x00000000d6480000,0x00000000d6580000)
 ParOldGen       total 73728K, used 73717K [0x0000000080000000, 0x0000000084800000, 0x00000000d5580000)
  object space 73728K, 99% used [0x0000000080000000,0x00000000847fd4b0,0x0000000084800000)
 Metaspace       used 54133K, committed 55552K, reserved 1114112K
  class space    used 5746K, committed 6336K, reserved 1048576K
}
Event: 10.258 GC heap before
{Heap before GC invocations=78 (full 2):
 PSYoungGen      total 15360K, used 15083K [0x00000000d5580000, 0x00000000d6580000, 0x0000000100000000)
  eden space 14336K, 100% used [0x00000000d5580000,0x00000000d6380000,0x00000000d6380000)
  from space 1024K, 73% used [0x00000000d6380000,0x00000000d643afa8,0x00000000d6480000)
  to   space 1024K, 0% used [0x00000000d6480000,0x00000000d6480000,0x00000000d6580000)
 ParOldGen       total 73728K, used 73717K [0x0000000080000000, 0x0000000084800000, 0x00000000d5580000)
  object space 73728K, 99% used [0x0000000080000000,0x00000000847fd4b0,0x0000000084800000)
 Metaspace       used 54196K, committed 55616K, reserved 1114112K
  class space    used 5753K, committed 6336K, reserved 1048576K
}
Event: 10.260 GC heap after
{Heap after GC invocations=78 (full 2):
 PSYoungGen      total 15360K, used 831K [0x00000000d5580000, 0x00000000d6580000, 0x0000000100000000)
  eden space 14336K, 0% used [0x00000000d5580000,0x00000000d5580000,0x00000000d6380000)
  from space 1024K, 81% used [0x00000000d6480000,0x00000000d654fcc8,0x00000000d6580000)
  to   space 1024K, 0% used [0x00000000d6380000,0x00000000d6380000,0x00000000d6480000)
 ParOldGen       total 75264K, used 74853K [0x0000000080000000, 0x0000000084980000, 0x00000000d5580000)
  object space 75264K, 99% used [0x0000000080000000,0x00000000849194b0,0x0000000084980000)
 Metaspace       used 54196K, committed 55616K, reserved 1114112K
  class space    used 5753K, committed 6336K, reserved 1048576K
}
Event: 10.289 GC heap before
{Heap before GC invocations=79 (full 2):
 PSYoungGen      total 15360K, used 15167K [0x00000000d5580000, 0x00000000d6580000, 0x0000000100000000)
  eden space 14336K, 100% used [0x00000000d5580000,0x00000000d6380000,0x00000000d6380000)
  from space 1024K, 81% used [0x00000000d6480000,0x00000000d654fcc8,0x00000000d6580000)
  to   space 1024K, 0% used [0x00000000d6380000,0x00000000d6380000,0x00000000d6480000)
 ParOldGen       total 75264K, used 74853K [0x0000000080000000, 0x0000000084980000, 0x00000000d5580000)
  object space 75264K, 99% used [0x0000000080000000,0x00000000849194b0,0x0000000084980000)
 Metaspace       used 54205K, committed 55616K, reserved 1114112K
  class space    used 5753K, committed 6336K, reserved 1048576K
}
Event: 10.290 GC heap after
{Heap after GC invocations=79 (full 2):
 PSYoungGen      total 15360K, used 773K [0x00000000d5580000, 0x00000000d6580000, 0x0000000100000000)
  eden space 14336K, 0% used [0x00000000d5580000,0x00000000d5580000,0x00000000d6380000)
  from space 1024K, 75% used [0x00000000d6380000,0x00000000d64415c0,0x00000000d6480000)
  to   space 1024K, 0% used [0x00000000d6480000,0x00000000d6480000,0x00000000d6580000)
 ParOldGen       total 75264K, used 75253K [0x0000000080000000, 0x0000000084980000, 0x00000000d5580000)
  object space 75264K, 99% used [0x0000000080000000,0x000000008497d4b0,0x0000000084980000)
 Metaspace       used 54205K, committed 55616K, reserved 1114112K
  class space    used 5753K, committed 6336K, reserved 1048576K
}
Event: 10.323 GC heap before
{Heap before GC invocations=80 (full 2):
 PSYoungGen      total 15360K, used 15109K [0x00000000d5580000, 0x00000000d6580000, 0x0000000100000000)
  eden space 14336K, 100% used [0x00000000d5580000,0x00000000d6380000,0x00000000d6380000)
  from space 1024K, 75% used [0x00000000d6380000,0x00000000d64415c0,0x00000000d6480000)
  to   space 1024K, 0% used [0x00000000d6480000,0x00000000d6480000,0x00000000d6580000)
 ParOldGen       total 75776K, used 75282K [0x0000000080000000, 0x0000000084a00000, 0x00000000d5580000)
  object space 75776K, 99% used [0x0000000080000000,0x00000000849848f0,0x0000000084a00000)
 Metaspace       used 54205K, committed 55616K, reserved 1114112K
  class space    used 5753K, committed 6336K, reserved 1048576K
}
Event: 10.324 GC heap after
{Heap after GC invocations=80 (full 2):
 PSYoungGen      total 15360K, used 583K [0x00000000d5580000, 0x00000000d6580000, 0x0000000100000000)
  eden space 14336K, 0% used [0x00000000d5580000,0x00000000d5580000,0x00000000d6380000)
  from space 1024K, 56% used [0x00000000d6480000,0x00000000d6511ce8,0x00000000d6580000)
  to   space 1024K, 0% used [0x00000000d6380000,0x00000000d6380000,0x00000000d6480000)
 ParOldGen       total 75776K, used 75570K [0x0000000080000000, 0x0000000084a00000, 0x00000000d5580000)
  object space 75776K, 99% used [0x0000000080000000,0x00000000849cc8f0,0x0000000084a00000)
 Metaspace       used 54205K, committed 55616K, reserved 1114112K
  class space    used 5753K, committed 6336K, reserved 1048576K
}
Event: 10.366 GC heap before
{Heap before GC invocations=81 (full 2):
 PSYoungGen      total 15360K, used 14919K [0x00000000d5580000, 0x00000000d6580000, 0x0000000100000000)
  eden space 14336K, 100% used [0x00000000d5580000,0x00000000d6380000,0x00000000d6380000)
  from space 1024K, 56% used [0x00000000d6480000,0x00000000d6511ce8,0x00000000d6580000)
  to   space 1024K, 0% used [0x00000000d6380000,0x00000000d6380000,0x00000000d6480000)
 ParOldGen       total 75776K, used 75572K [0x0000000080000000, 0x0000000084a00000, 0x00000000d5580000)
  object space 75776K, 99% used [0x0000000080000000,0x00000000849cd030,0x0000000084a00000)
 Metaspace       used 54211K, committed 55616K, reserved 1114112K
  class space    used 5754K, committed 6336K, reserved 1048576K
}
Event: 10.367 GC heap after
{Heap after GC invocations=81 (full 2):
 PSYoungGen      total 15360K, used 556K [0x00000000d5580000, 0x00000000d6580000, 0x0000000100000000)
  eden space 14336K, 0% used [0x00000000d5580000,0x00000000d5580000,0x00000000d6380000)
  from space 1024K, 54% used [0x00000000d6380000,0x00000000d640b2f8,0x00000000d6480000)
  to   space 1024K, 0% used [0x00000000d6480000,0x00000000d6480000,0x00000000d6580000)
 ParOldGen       total 76288K, used 75849K [0x0000000080000000, 0x0000000084a80000, 0x00000000d5580000)
  object space 76288K, 99% used [0x0000000080000000,0x0000000084a12678,0x0000000084a80000)
 Metaspace       used 54211K, committed 55616K, reserved 1114112K
  class space    used 5754K, committed 6336K, reserved 1048576K
}
Event: 10.416 GC heap before
{Heap before GC invocations=82 (full 2):
 PSYoungGen      total 15360K, used 14892K [0x00000000d5580000, 0x00000000d6580000, 0x0000000100000000)
  eden space 14336K, 100% used [0x00000000d5580000,0x00000000d6380000,0x00000000d6380000)
  from space 1024K, 54% used [0x00000000d6380000,0x00000000d640b2f8,0x00000000d6480000)
  to   space 1024K, 0% used [0x00000000d6480000,0x00000000d6480000,0x00000000d6580000)
 ParOldGen       total 76288K, used 75849K [0x0000000080000000, 0x0000000084a80000, 0x00000000d5580000)
  object space 76288K, 99% used [0x0000000080000000,0x0000000084a12678,0x0000000084a80000)
 Metaspace       used 54236K, committed 55616K, reserved 1114112K
  class space    used 5756K, committed 6336K, reserved 1048576K
}
Event: 10.417 GC heap after
{Heap after GC invocations=82 (full 2):
 PSYoungGen      total 15360K, used 544K [0x00000000d5580000, 0x00000000d6580000, 0x0000000100000000)
  eden space 14336K, 0% used [0x00000000d5580000,0x00000000d5580000,0x00000000d6380000)
  from space 1024K, 53% used [0x00000000d6480000,0x00000000d6508000,0x00000000d6580000)
  to   space 1024K, 0% used [0x00000000d6380000,0x00000000d6380000,0x00000000d6480000)
 ParOldGen       total 76288K, used 76129K [0x0000000080000000, 0x0000000084a80000, 0x00000000d5580000)
  object space 76288K, 99% used [0x0000000080000000,0x0000000084a58678,0x0000000084a80000)
 Metaspace       used 54236K, committed 55616K, reserved 1114112K
  class space    used 5756K, committed 6336K, reserved 1048576K
}
Event: 10.470 GC heap before
{Heap before GC invocations=83 (full 2):
 PSYoungGen      total 15360K, used 14880K [0x00000000d5580000, 0x00000000d6580000, 0x0000000100000000)
  eden space 14336K, 100% used [0x00000000d5580000,0x00000000d6380000,0x00000000d6380000)
  from space 1024K, 53% used [0x00000000d6480000,0x00000000d6508000,0x00000000d6580000)
  to   space 1024K, 0% used [0x00000000d6380000,0x00000000d6380000,0x00000000d6480000)
 ParOldGen       total 76288K, used 76129K [0x0000000080000000, 0x0000000084a80000, 0x00000000d5580000)
  object space 76288K, 99% used [0x0000000080000000,0x0000000084a58678,0x0000000084a80000)
 Metaspace       used 54276K, committed 55680K, reserved 1114112K
  class space    used 5756K, committed 6336K, reserved 1048576K
}
Event: 10.471 GC heap after
{Heap after GC invocations=83 (full 2):
 PSYoungGen      total 15360K, used 576K [0x00000000d5580000, 0x00000000d6580000, 0x0000000100000000)
  eden space 14336K, 0% used [0x00000000d5580000,0x00000000d5580000,0x00000000d6380000)
  from space 1024K, 56% used [0x00000000d6380000,0x00000000d6410000,0x00000000d6480000)
  to   space 1024K, 0% used [0x00000000d6480000,0x00000000d6480000,0x00000000d6580000)
 ParOldGen       total 76800K, used 76449K [0x0000000080000000, 0x0000000084b00000, 0x00000000d5580000)
  object space 76800K, 99% used [0x0000000080000000,0x0000000084aa8678,0x0000000084b00000)
 Metaspace       used 54276K, committed 55680K, reserved 1114112K
  class space    used 5756K, committed 6336K, reserved 1048576K
}
Event: 10.519 GC heap before
{Heap before GC invocations=84 (full 2):
 PSYoungGen      total 15360K, used 14912K [0x00000000d5580000, 0x00000000d6580000, 0x0000000100000000)
  eden space 14336K, 100% used [0x00000000d5580000,0x00000000d6380000,0x00000000d6380000)
  from space 1024K, 56% used [0x00000000d6380000,0x00000000d6410000,0x00000000d6480000)
  to   space 1024K, 0% used [0x00000000d6480000,0x00000000d6480000,0x00000000d6580000)
 ParOldGen       total 76800K, used 76449K [0x0000000080000000, 0x0000000084b00000, 0x00000000d5580000)
  object space 76800K, 99% used [0x0000000080000000,0x0000000084aa8678,0x0000000084b00000)
 Metaspace       used 54281K, committed 55680K, reserved 1114112K
  class space    used 5756K, committed 6336K, reserved 1048576K
}
Event: 10.520 GC heap after
{Heap after GC invocations=84 (full 2):
 PSYoungGen      total 15360K, used 639K [0x00000000d5580000, 0x00000000d6580000, 0x0000000100000000)
  eden space 14336K, 0% used [0x00000000d5580000,0x00000000d5580000,0x00000000d6380000)
  from space 1024K, 62% used [0x00000000d6480000,0x00000000d651fff0,0x00000000d6580000)
  to   space 1024K, 0% used [0x00000000d6380000,0x00000000d6380000,0x00000000d6480000)
 ParOldGen       total 76800K, used 76737K [0x0000000080000000, 0x0000000084b00000, 0x00000000d5580000)
  object space 76800K, 99% used [0x0000000080000000,0x0000000084af0678,0x0000000084b00000)
 Metaspace       used 54281K, committed 55680K, reserved 1114112K
  class space    used 5756K, committed 6336K, reserved 1048576K
}
Event: 10.693 GC heap before
{Heap before GC invocations=85 (full 2):
 PSYoungGen      total 15360K, used 14975K [0x00000000d5580000, 0x00000000d6580000, 0x0000000100000000)
  eden space 14336K, 100% used [0x00000000d5580000,0x00000000d6380000,0x00000000d6380000)
  from space 1024K, 62% used [0x00000000d6480000,0x00000000d651fff0,0x00000000d6580000)
  to   space 1024K, 0% used [0x00000000d6380000,0x00000000d6380000,0x00000000d6480000)
 ParOldGen       total 76800K, used 76737K [0x0000000080000000, 0x0000000084b00000, 0x00000000d5580000)
  object space 76800K, 99% used [0x0000000080000000,0x0000000084af0678,0x0000000084b00000)
 Metaspace       used 55683K, committed 57088K, reserved 1114112K
  class space    used 5895K, committed 6528K, reserved 1048576K
}
Event: 10.694 GC heap after
{Heap after GC invocations=85 (full 2):
 PSYoungGen      total 15360K, used 776K [0x00000000d5580000, 0x00000000d6580000, 0x0000000100000000)
  eden space 14336K, 0% used [0x00000000d5580000,0x00000000d5580000,0x00000000d6380000)
  from space 1024K, 75% used [0x00000000d6380000,0x00000000d6442028,0x00000000d6480000)
  to   space 1024K, 0% used [0x00000000d6480000,0x00000000d6480000,0x00000000d6580000)
 ParOldGen       total 77312K, used 77033K [0x0000000080000000, 0x0000000084b80000, 0x00000000d5580000)
  object space 77312K, 99% used [0x0000000080000000,0x0000000084b3a678,0x0000000084b80000)
 Metaspace       used 55683K, committed 57088K, reserved 1114112K
  class space    used 5895K, committed 6528K, reserved 1048576K
}
Event: 10.823 GC heap before
{Heap before GC invocations=86 (full 2):
 PSYoungGen      total 15360K, used 15112K [0x00000000d5580000, 0x00000000d6580000, 0x0000000100000000)
  eden space 14336K, 100% used [0x00000000d5580000,0x00000000d6380000,0x00000000d6380000)
  from space 1024K, 75% used [0x00000000d6380000,0x00000000d6442028,0x00000000d6480000)
  to   space 1024K, 0% used [0x00000000d6480000,0x00000000d6480000,0x00000000d6580000)
 ParOldGen       total 77312K, used 77033K [0x0000000080000000, 0x0000000084b80000, 0x00000000d5580000)
  object space 77312K, 99% used [0x0000000080000000,0x0000000084b3a678,0x0000000084b80000)
 Metaspace       used 56160K, committed 57600K, reserved 1114112K
  class space    used 5950K, committed 6528K, reserved 1048576K
}
Event: 10.824 GC heap after
{Heap after GC invocations=86 (full 2):
 PSYoungGen      total 15360K, used 704K [0x00000000d5580000, 0x00000000d6580000, 0x0000000100000000)
  eden space 14336K, 0% used [0x00000000d5580000,0x00000000d5580000,0x00000000d6380000)
  from space 1024K, 68% used [0x00000000d6480000,0x00000000d6530020,0x00000000d6580000)
  to   space 1024K, 0% used [0x00000000d6380000,0x00000000d6380000,0x00000000d6480000)
 ParOldGen       total 77824K, used 77553K [0x0000000080000000, 0x0000000084c00000, 0x00000000d5580000)
  object space 77824K, 99% used [0x0000000080000000,0x0000000084bbc5d8,0x0000000084c00000)
 Metaspace       used 56160K, committed 57600K, reserved 1114112K
  class space    used 5950K, committed 6528K, reserved 1048576K
}

Dll operation events (10 events):
Event: 0.007 Loaded shared library c:\Users\Rashen\.vscode\extensions\redhat.java-1.55.0-win32-x64\jre\21.0.11-win32-x86_64\bin\java.dll
Event: 0.051 Loaded shared library c:\Users\Rashen\.vscode\extensions\redhat.java-1.55.0-win32-x64\jre\21.0.11-win32-x86_64\bin\zip.dll
Event: 0.066 Loaded shared library C:\Users\Rashen\.vscode\extensions\redhat.java-1.55.0-win32-x64\jre\21.0.11-win32-x86_64\bin\instrument.dll
Event: 0.071 Loaded shared library C:\Users\Rashen\.vscode\extensions\redhat.java-1.55.0-win32-x64\jre\21.0.11-win32-x86_64\bin\net.dll
Event: 0.073 Loaded shared library C:\Users\Rashen\.vscode\extensions\redhat.java-1.55.0-win32-x64\jre\21.0.11-win32-x86_64\bin\nio.dll
Event: 0.076 Loaded shared library C:\Users\Rashen\.vscode\extensions\redhat.java-1.55.0-win32-x64\jre\21.0.11-win32-x86_64\bin\zip.dll
Event: 0.090 Loaded shared library C:\Users\Rashen\.vscode\extensions\redhat.java-1.55.0-win32-x64\jre\21.0.11-win32-x86_64\bin\jimage.dll
Event: 0.147 Loaded shared library c:\Users\Rashen\.vscode\extensions\redhat.java-1.55.0-win32-x64\jre\21.0.11-win32-x86_64\bin\verify.dll
Event: 1.020 Loaded shared library C:\Users\Rashen\AppData\Roaming\Code\User\globalStorage\redhat.java\1.55.0\config_win\org.eclipse.equinox.launcher\org.eclipse.equinox.launcher.win32.win32.x86_64_1.3.100.v20260613-0559\eclipse_11924.dll
Event: 3.981 Loaded shared library C:\Users\Rashen\AppData\Local\Temp\jna--1854266227\jna10310516784380371257.dll

Deoptimization events (20 events):
Event: 10.786 Thread 0x000002216df63e40 DEOPT PACKING pc=0x0000022153c02f67 sp=0x0000002843ffe010
Event: 10.786 Thread 0x000002216df63e40 DEOPT UNPACKING pc=0x0000022159bb4242 sp=0x0000002843ffd580 mode 0
Event: 10.798 Thread 0x000002216df63e40 DEOPT PACKING pc=0x000002215397341d sp=0x0000002843ffe120
Event: 10.798 Thread 0x000002216df63e40 DEOPT UNPACKING pc=0x0000022159bb4242 sp=0x0000002843ffd708 mode 0
Event: 10.800 Thread 0x000002216df63e40 DEOPT PACKING pc=0x0000022153c02f67 sp=0x0000002843ffe010
Event: 10.800 Thread 0x000002216df63e40 DEOPT UNPACKING pc=0x0000022159bb4242 sp=0x0000002843ffd580 mode 0
Event: 10.812 Thread 0x000002216df63e40 DEOPT PACKING pc=0x0000022152b3cfd9 sp=0x0000002843ffe000
Event: 10.812 Thread 0x000002216df63e40 DEOPT UNPACKING pc=0x0000022159bb4242 sp=0x0000002843ffd488 mode 0
Event: 10.812 Thread 0x000002216df63e40 DEOPT PACKING pc=0x0000022153c02f67 sp=0x0000002843ffe040
Event: 10.812 Thread 0x000002216df63e40 DEOPT UNPACKING pc=0x0000022159bb4242 sp=0x0000002843ffd5b0 mode 0
Event: 10.816 Thread 0x000002216df63e40 DEOPT PACKING pc=0x000002215397341d sp=0x0000002843ffe1e0
Event: 10.816 Thread 0x000002216df63e40 DEOPT UNPACKING pc=0x0000022159bb4242 sp=0x0000002843ffd7a0 mode 0
Event: 10.839 Thread 0x000002216df63e40 DEOPT PACKING pc=0x0000022153c02f67 sp=0x0000002843ffe040
Event: 10.839 Thread 0x000002216df63e40 DEOPT UNPACKING pc=0x0000022159bb4242 sp=0x0000002843ffd5b0 mode 0
Event: 10.912 Thread 0x00000221709f7240 DEOPT PACKING pc=0x000002215307ce0d sp=0x0000002845af95e0
Event: 10.912 Thread 0x00000221709f7240 DEOPT UNPACKING pc=0x0000022159bb4242 sp=0x0000002845af8a90 mode 0
Event: 10.921 Thread 0x00000221709f7240 DEOPT PACKING pc=0x0000022152d15db9 sp=0x0000002845af91f0
Event: 10.921 Thread 0x00000221709f7240 DEOPT UNPACKING pc=0x0000022159bb4242 sp=0x0000002845af86f0 mode 0
Event: 10.924 Thread 0x00000221709f7240 DEOPT PACKING pc=0x000002215307ce0d sp=0x0000002845af95e0
Event: 10.924 Thread 0x00000221709f7240 DEOPT UNPACKING pc=0x0000022159bb4242 sp=0x0000002845af8a90 mode 0

Classes loaded (20 events):
Event: 8.143 Loading class jdk/internal/jrtfs/JrtFileSystem done
Event: 8.143 Loading class jdk/internal/jrtfs/JrtPath
Event: 8.143 Loading class java/util/Hashtable$KeySet done
Event: 8.144 Loading class jdk/internal/jrtfs/JrtPath done
Event: 8.144 Loading class jdk/internal/jimage/ImageReader$Node
Event: 8.144 Loading class jdk/internal/jimage/ImageReader$Node done
Event: 8.158 Loading class java/nio/ByteBufferAsIntBufferL
Event: 8.158 Loading class java/nio/ByteBufferAsIntBufferL done
Event: 8.165 Loading class jdk/internal/jimage/ImageReader$Directory
Event: 8.165 Loading class jdk/internal/jimage/ImageReader$Directory done
Event: 8.378 Loading class java/util/AbstractList$ListItr
Event: 8.379 Loading class java/util/AbstractList$ListItr done
Event: 8.403 Loading class java/nio/channels/Channels$ReadableByteChannelImpl
Event: 8.404 Loading class java/nio/channels/Channels$ReadableByteChannelImpl done
Event: 8.406 Loading class java/nio/channels/NonWritableChannelException
Event: 8.406 Loading class java/nio/channels/NonWritableChannelException done
Event: 8.583 Loading class java/lang/invoke/MethodHandleImpl$CountingWrapper$1
Event: 8.584 Loading class java/lang/invoke/MethodHandleImpl$CountingWrapper$1 done
Event: 9.827 Loading class sun/nio/cs/ISO_8859_1$Decoder
Event: 9.827 Loading class sun/nio/cs/ISO_8859_1$Decoder done

Classes unloaded (7 events):
Event: 4.372 Thread 0x000002214f4a4ba0 Unloading class 0x00000221011ab400 'java/lang/invoke/LambdaForm$MH+0x00000221011ab400'
Event: 4.372 Thread 0x000002214f4a4ba0 Unloading class 0x00000221011ab000 'java/lang/invoke/LambdaForm$MH+0x00000221011ab000'
Event: 4.372 Thread 0x000002214f4a4ba0 Unloading class 0x00000221011aac00 'java/lang/invoke/LambdaForm$MH+0x00000221011aac00'
Event: 4.372 Thread 0x000002214f4a4ba0 Unloading class 0x00000221011aa800 'java/lang/invoke/LambdaForm$MH+0x00000221011aa800'
Event: 4.372 Thread 0x000002214f4a4ba0 Unloading class 0x00000221011aa400 'java/lang/invoke/LambdaForm$BMH+0x00000221011aa400'
Event: 4.372 Thread 0x000002214f4a4ba0 Unloading class 0x00000221011aa000 'java/lang/invoke/LambdaForm$DMH+0x00000221011aa000'
Event: 4.372 Thread 0x000002214f4a4ba0 Unloading class 0x00000221011a8c00 'java/lang/invoke/LambdaForm$DMH+0x00000221011a8c00'

Classes redefined (0 events):
No events

Internal exceptions (20 events):
Event: 8.712 Thread 0x00000221709f8c80 Exception <a 'sun/nio/fs/WindowsException'{0x00000000d5c27608}> (0x00000000d5c27608) 
thrown [s\src\hotspot\share\prims\jni.cpp, line 520]
Event: 8.712 Thread 0x00000221709f8c80 Exception <a 'sun/nio/fs/WindowsException'{0x00000000d5c27fe0}> (0x00000000d5c27fe0) 
thrown [s\src\hotspot\share\prims\jni.cpp, line 520]
Event: 8.814 Thread 0x00000221709f7240 Implicit null exception at 0x000002215a71e6a1 to 0x000002215a71e9b4
Event: 9.051 Thread 0x00000221709f8c80 Exception <a 'java/lang/NoSuchMethodError'{0x00000000d5ac4850}: 'void java.lang.invoke.DirectMethodHandle$Holder.invokeStatic(java.lang.Object, java.lang.Object, java.lang.Object, int)'> (0x00000000d5ac4850) 
thrown [s\src\hotspot\share\interpreter\linkResolver.cpp, line 773]
Event: 9.071 Thread 0x00000221709f8c80 Exception <a 'java/lang/NoSuchMethodError'{0x00000000d6264cc8}: 'void java.lang.invoke.DirectMethodHandle$Holder.invokeVirtual(java.lang.Object, java.lang.Object, int)'> (0x00000000d6264cc8) 
thrown [s\src\hotspot\share\interpreter\linkResolver.cpp, line 773]
Event: 9.136 Thread 0x00000221709f7240 Implicit null exception at 0x000002215a767606 to 0x000002215a767710
Event: 9.142 Thread 0x00000221709f7240 Implicit null exception at 0x000002215a75d148 to 0x000002215a75de68
Event: 9.724 Thread 0x00000221709f7240 Implicit null exception at 0x000002215a84690a to 0x000002215a84a458
Event: 9.773 Thread 0x00000221709f8c80 Exception <a 'java/lang/NoSuchMethodError'{0x00000000d5b1ba80}: 'void java.lang.invoke.DirectMethodHandle$Holder.invokeInterface(java.lang.Object, java.lang.Object)'> (0x00000000d5b1ba80) 
thrown [s\src\hotspot\share\interpreter\linkResolver.cpp, line 773]
Event: 9.844 Thread 0x00000221709f7240 Exception <a 'java/lang/IncompatibleClassChangeError'{0x00000000d600c7d8}: Found class java.lang.Object, but interface was expected> (0x00000000d600c7d8) 
thrown [s\src\hotspot\share\interpreter\linkResolver.cpp, line 840]
Event: 10.131 Thread 0x00000221709f8c80 Exception <a 'sun/nio/fs/WindowsException'{0x00000000d5953f98}> (0x00000000d5953f98) 
thrown [s\src\hotspot\share\prims\jni.cpp, line 520]
Event: 10.131 Thread 0x00000221709f8c80 Exception <a 'sun/nio/fs/WindowsException'{0x00000000d5954970}> (0x00000000d5954970) 
thrown [s\src\hotspot\share\prims\jni.cpp, line 520]
Event: 10.755 Thread 0x000002216df63e40 Exception <a 'sun/nio/fs/WindowsException'{0x00000000d5905fc8}> (0x00000000d5905fc8) 
thrown [s\src\hotspot\share\prims\jni.cpp, line 520]
Event: 10.755 Thread 0x000002216df63e40 Exception <a 'sun/nio/fs/WindowsException'{0x00000000d59066f0}> (0x00000000d59066f0) 
thrown [s\src\hotspot\share\prims\jni.cpp, line 520]
Event: 10.755 Thread 0x000002216df63e40 Exception <a 'sun/nio/fs/WindowsException'{0x00000000d5907450}> (0x00000000d5907450) 
thrown [s\src\hotspot\share\prims\jni.cpp, line 520]
Event: 10.755 Thread 0x000002216df63e40 Exception <a 'sun/nio/fs/WindowsException'{0x00000000d5907b78}> (0x00000000d5907b78) 
thrown [s\src\hotspot\share\prims\jni.cpp, line 520]
Event: 10.756 Thread 0x000002216df63e40 Exception <a 'sun/nio/fs/WindowsException'{0x00000000d5909388}> (0x00000000d5909388) 
thrown [s\src\hotspot\share\prims\jni.cpp, line 520]
Event: 10.756 Thread 0x000002216df63e40 Exception <a 'sun/nio/fs/WindowsException'{0x00000000d5909ab0}> (0x00000000d5909ab0) 
thrown [s\src\hotspot\share\prims\jni.cpp, line 520]
Event: 10.762 Thread 0x000002216df63e40 Exception <a 'sun/nio/fs/WindowsException'{0x00000000d597f8d8}> (0x00000000d597f8d8) 
thrown [s\src\hotspot\share\prims\jni.cpp, line 520]
Event: 10.762 Thread 0x000002216df63e40 Exception <a 'sun/nio/fs/WindowsException'{0x00000000d59802b0}> (0x00000000d59802b0) 
thrown [s\src\hotspot\share\prims\jni.cpp, line 520]

ZGC Phase Switch (0 events):
No events

VM Operations (20 events):
Event: 10.289 Executing safepoint VM operation: ParallelGCFailedAllocation (Allocation Failure)
Event: 10.290 Executing safepoint VM operation: ParallelGCFailedAllocation (Allocation Failure) done
Event: 10.322 Executing safepoint VM operation: ParallelGCFailedAllocation (Allocation Failure)
Event: 10.323 Executing safepoint VM operation: ParallelGCFailedAllocation (Allocation Failure) done
Event: 10.323 Executing safepoint VM operation: ParallelGCSystemGC (GCLocker Initiated GC)
Event: 10.324 Executing safepoint VM operation: ParallelGCSystemGC (GCLocker Initiated GC) done
Event: 10.366 Executing safepoint VM operation: ParallelGCFailedAllocation (Allocation Failure)
Event: 10.367 Executing safepoint VM operation: ParallelGCFailedAllocation (Allocation Failure) done
Event: 10.416 Executing safepoint VM operation: ParallelGCFailedAllocation (Allocation Failure)
Event: 10.417 Executing safepoint VM operation: ParallelGCFailedAllocation (Allocation Failure) done
Event: 10.469 Executing safepoint VM operation: ParallelGCFailedAllocation (Allocation Failure)
Event: 10.471 Executing safepoint VM operation: ParallelGCFailedAllocation (Allocation Failure) done
Event: 10.519 Executing safepoint VM operation: ParallelGCFailedAllocation (Allocation Failure)
Event: 10.520 Executing safepoint VM operation: ParallelGCFailedAllocation (Allocation Failure) done
Event: 10.693 Executing safepoint VM operation: ParallelGCFailedAllocation (Allocation Failure)
Event: 10.694 Executing safepoint VM operation: ParallelGCFailedAllocation (Allocation Failure) done
Event: 10.734 Executing non-safepoint VM operation: HandshakeAllThreads (Deoptimize)
Event: 10.734 Executing non-safepoint VM operation: HandshakeAllThreads (Deoptimize) done
Event: 10.823 Executing safepoint VM operation: ParallelGCFailedAllocation (Allocation Failure)
Event: 10.824 Executing safepoint VM operation: ParallelGCFailedAllocation (Allocation Failure) done

Memory protections (0 events):
No events

Nmethod flushes (20 events):
Event: 5.542 Thread 0x000002214f4a4ba0 flushing  nmethod 0x0000022152ddc190
Event: 5.542 Thread 0x000002214f4a4ba0 flushing  nmethod 0x0000022152ddc990
Event: 5.542 Thread 0x000002214f4a4ba0 flushing  nmethod 0x0000022152ddd110
Event: 5.542 Thread 0x000002214f4a4ba0 flushing  nmethod 0x0000022152dde690
Event: 5.542 Thread 0x000002214f4a4ba0 flushing  nmethod 0x0000022152ddeb90
Event: 5.542 Thread 0x000002214f4a4ba0 flushing  nmethod 0x0000022152ddf490
Event: 5.542 Thread 0x000002214f4a4ba0 flushing  nmethod 0x0000022152ddfd10
Event: 5.542 Thread 0x000002214f4a4ba0 flushing  nmethod 0x0000022152de0890
Event: 5.542 Thread 0x000002214f4a4ba0 flushing  nmethod 0x0000022152de2310
Event: 5.542 Thread 0x000002214f4a4ba0 flushing  nmethod 0x0000022152de4c90
Event: 5.542 Thread 0x000002214f4a4ba0 flushing  nmethod 0x0000022152e29190
Event: 5.542 Thread 0x000002214f4a4ba0 flushing  nmethod 0x0000022152e48990
Event: 5.542 Thread 0x000002214f4a4ba0 flushing  nmethod 0x0000022152e4fe90
Event: 5.542 Thread 0x000002214f4a4ba0 flushing  nmethod 0x0000022152e50290
Event: 5.542 Thread 0x000002214f4a4ba0 flushing  nmethod 0x0000022152ee3410
Event: 5.542 Thread 0x000002214f4a4ba0 flushing  nmethod 0x0000022152ee3e10
Event: 5.542 Thread 0x000002214f4a4ba0 flushing  nmethod 0x0000022152ee5290
Event: 5.542 Thread 0x000002214f4a4ba0 flushing  nmethod 0x0000022152f0ce90
Event: 5.542 Thread 0x000002214f4a4ba0 flushing  nmethod 0x0000022152f3db10
Event: 5.542 Thread 0x000002214f4a4ba0 flushing  nmethod 0x0000022152f3df90

Events (20 events):
Event: 5.839 Thread 0x000002214d17b940 Thread added: 0x00000221709f30a0
Event: 5.839 Thread 0x000002214d17b940 Thread added: 0x00000221709f9310
Event: 6.670 Thread 0x000002216f079c10 Thread exited: 0x000002216f079c10
Event: 7.455 Thread 0x000002216e00f5d0 Thread added: 0x00000221709f7240
Event: 8.002 Thread 0x00000221709f7240 Thread exited: 0x00000221709f7240
Event: 8.048 Thread 0x00000221709f9310 Thread added: 0x00000221709f7240
Event: 8.049 Thread 0x00000221709f9310 Thread added: 0x00000221709f78d0
Event: 8.049 Thread 0x00000221709f78d0 Thread added: 0x00000221709f7f60
Event: 8.050 Thread 0x00000221709f7f60 Thread added: 0x00000221709f8c80
Event: 8.326 Thread 0x000002214f5c7770 Thread added: 0x000002216f079540
Event: 9.786 Thread 0x00000221709f8c80 Thread added: 0x0000022174101b50
Event: 9.787 Thread 0x00000221709f8c80 Thread added: 0x0000022174103c20
Event: 9.787 Thread 0x00000221709f8c80 Thread added: 0x0000022174103590
Event: 9.787 Thread 0x00000221709f8c80 Thread added: 0x00000221741014c0
Event: 9.787 Thread 0x00000221709f8c80 Thread added: 0x00000221741021e0
Event: 10.025 Thread 0x00000221741021e0 Thread exited: 0x00000221741021e0
Event: 10.025 Thread 0x0000022174103590 Thread exited: 0x0000022174103590
Event: 10.025 Thread 0x0000022174101b50 Thread exited: 0x0000022174101b50
Event: 10.025 Thread 0x0000022174103c20 Thread exited: 0x0000022174103c20
Event: 10.025 Thread 0x00000221741014c0 Thread exited: 0x00000221741014c0


Dynamic libraries:
0x00007ff60bb50000 - 0x00007ff60bb5e000 	c:\Users\Rashen\.vscode\extensions\redhat.java-1.55.0-win32-x64\jre\21.0.11-win32-x86_64\bin\java.exe
0x00007ffa2dfe0000 - 0x00007ffa2e246000 	C:\WINDOWS\SYSTEM32\ntdll.dll
0x00007ffa2c690000 - 0x00007ffa2c759000 	C:\WINDOWS\System32\KERNEL32.DLL
0x00007ffa2b620000 - 0x00007ffa2ba1a000 	C:\WINDOWS\System32\KERNELBASE.dll
0x00007ffa2b4d0000 - 0x00007ffa2b61c000 	C:\WINDOWS\System32\ucrtbase.dll
0x00007ff9fec30000 - 0x00007ff9fec48000 	c:\Users\Rashen\.vscode\extensions\redhat.java-1.55.0-win32-x64\jre\21.0.11-win32-x86_64\bin\jli.dll
0x00007ff9fe380000 - 0x00007ff9fe39e000 	c:\Users\Rashen\.vscode\extensions\redhat.java-1.55.0-win32-x64\jre\21.0.11-win32-x86_64\bin\VCRUNTIME140.dll
0x00007ffa2dac0000 - 0x00007ffa2dc87000 	C:\WINDOWS\System32\USER32.dll
0x00007ffa2b3f0000 - 0x00007ffa2b417000 	C:\WINDOWS\System32\win32u.dll
0x00007ffa16380000 - 0x00007ffa16612000 	C:\WINDOWS\WinSxS\amd64_microsoft.windows.common-controls_6595b64144ccf1df_6.0.26100.8521_none_3e08b75ce33403b3\COMCTL32.dll
0x00007ffa2bff0000 - 0x00007ffa2c01b000 	C:\WINDOWS\System32\GDI32.dll
0x00007ffa2c800000 - 0x00007ffa2c8a9000 	C:\WINDOWS\System32\msvcrt.dll
0x00007ffa2bc20000 - 0x00007ffa2bd4b000 	C:\WINDOWS\System32\gdi32full.dll
0x00007ffa2b420000 - 0x00007ffa2b4c3000 	C:\WINDOWS\System32\msvcp_win.dll
0x00007ffa2bd60000 - 0x00007ffa2bd92000 	C:\WINDOWS\System32\IMM32.DLL
0x00007ffa201a0000 - 0x00007ffa201ac000 	c:\Users\Rashen\.vscode\extensions\redhat.java-1.55.0-win32-x64\jre\21.0.11-win32-x86_64\bin\vcruntime140_1.dll
0x00007ff9fb520000 - 0x00007ff9fb5ad000 	c:\Users\Rashen\.vscode\extensions\redhat.java-1.55.0-win32-x64\jre\21.0.11-win32-x86_64\bin\msvcp140.dll
0x00007ff9397e0000 - 0x00007ff93a582000 	c:\Users\Rashen\.vscode\extensions\redhat.java-1.55.0-win32-x64\jre\21.0.11-win32-x86_64\bin\server\jvm.dll
0x00007ffa2c020000 - 0x00007ffa2c0d6000 	C:\WINDOWS\System32\ADVAPI32.dll
0x00007ffa2be80000 - 0x00007ffa2bf2a000 	C:\WINDOWS\System32\sechost.dll
0x00007ffa2c0e0000 - 0x00007ffa2c1f8000 	C:\WINDOWS\System32\RPCRT4.dll
0x00007ffa2c8b0000 - 0x00007ffa2c930000 	C:\WINDOWS\System32\WS2_32.dll
0x00007ffa2b0d0000 - 0x00007ffa2b12e000 	C:\WINDOWS\SYSTEM32\POWRPROF.dll
0x00007ffa21490000 - 0x00007ffa2149b000 	C:\WINDOWS\SYSTEM32\VERSION.dll
0x00007ffa1b6c0000 - 0x00007ffa1b6f6000 	C:\WINDOWS\SYSTEM32\WINMM.dll
0x00007ffa2b0b0000 - 0x00007ffa2b0c4000 	C:\WINDOWS\SYSTEM32\UMPDC.dll
0x00007ffa29fc0000 - 0x00007ffa29fdb000 	C:\WINDOWS\SYSTEM32\kernel.appcore.dll
0x00007ffa1f670000 - 0x00007ffa1f67a000 	c:\Users\Rashen\.vscode\extensions\redhat.java-1.55.0-win32-x64\jre\21.0.11-win32-x86_64\bin\jimage.dll
0x00007ffa287d0000 - 0x00007ffa28a12000 	C:\WINDOWS\SYSTEM32\DBGHELP.DLL
0x00007ffa2d400000 - 0x00007ffa2d783000 	C:\WINDOWS\System32\combase.dll
0x00007ffa2bda0000 - 0x00007ffa2be79000 	C:\WINDOWS\System32\OLEAUT32.dll
0x00007ffa0e740000 - 0x00007ffa0e77b000 	C:\WINDOWS\SYSTEM32\dbgcore.DLL
0x00007ffa2bab0000 - 0x00007ffa2bb58000 	C:\WINDOWS\System32\bcryptPrimitives.dll
0x00007ffa1f5a0000 - 0x00007ffa1f5af000 	c:\Users\Rashen\.vscode\extensions\redhat.java-1.55.0-win32-x64\jre\21.0.11-win32-x86_64\bin\instrument.dll
0x00007ff9fe360000 - 0x00007ff9fe380000 	c:\Users\Rashen\.vscode\extensions\redhat.java-1.55.0-win32-x64\jre\21.0.11-win32-x86_64\bin\java.dll
0x00007ffa2c9d0000 - 0x00007ffa2d154000 	C:\WINDOWS\System32\SHELL32.dll
0x00007ffa28df0000 - 0x00007ffa29670000 	C:\WINDOWS\SYSTEM32\windows.storage.dll
0x00007ffa2d790000 - 0x00007ffa2d886000 	C:\WINDOWS\System32\SHCORE.dll
0x00007ffa2da50000 - 0x00007ffa2dab7000 	C:\WINDOWS\System32\shlwapi.dll
0x00007ffa2b190000 - 0x00007ffa2b1b9000 	C:\WINDOWS\SYSTEM32\profapi.dll
0x00007ff9fe310000 - 0x00007ff9fe328000 	c:\Users\Rashen\.vscode\extensions\redhat.java-1.55.0-win32-x64\jre\21.0.11-win32-x86_64\bin\zip.dll
0x00007ffa1f4b0000 - 0x00007ffa1f4c0000 	C:\Users\Rashen\.vscode\extensions\redhat.java-1.55.0-win32-x64\jre\21.0.11-win32-x86_64\bin\net.dll
0x00007ffa215e0000 - 0x00007ffa21709000 	C:\WINDOWS\SYSTEM32\WINHTTP.dll
0x00007ffa2a510000 - 0x00007ffa2a57c000 	C:\WINDOWS\system32\mswsock.dll
0x00007ff9fc610000 - 0x00007ff9fc626000 	C:\Users\Rashen\.vscode\extensions\redhat.java-1.55.0-win32-x64\jre\21.0.11-win32-x86_64\bin\nio.dll
0x00007ffa1f470000 - 0x00007ffa1f480000 	c:\Users\Rashen\.vscode\extensions\redhat.java-1.55.0-win32-x64\jre\21.0.11-win32-x86_64\bin\verify.dll
0x00007ff9f1a80000 - 0x00007ff9f1ac5000 	C:\Users\Rashen\AppData\Roaming\Code\User\globalStorage\redhat.java\1.55.0\config_win\org.eclipse.equinox.launcher\org.eclipse.equinox.launcher.win32.win32.x86_64_1.3.100.v20260613-0559\eclipse_11924.dll
0x00007ffa2d260000 - 0x00007ffa2d3f8000 	C:\WINDOWS\System32\ole32.dll
0x00007ffa2a910000 - 0x00007ffa2a92b000 	C:\WINDOWS\SYSTEM32\CRYPTSP.dll
0x00007ffa29f20000 - 0x00007ffa29f59000 	C:\WINDOWS\system32\rsaenh.dll
0x00007ffa2a5c0000 - 0x00007ffa2a5f3000 	C:\WINDOWS\SYSTEM32\USERENV.dll
0x00007ffa2b160000 - 0x00007ffa2b18a000 	C:\WINDOWS\SYSTEM32\bcrypt.dll
0x00007ffa2a770000 - 0x00007ffa2a77c000 	C:\WINDOWS\SYSTEM32\CRYPTBASE.dll
0x00007ffa29a50000 - 0x00007ffa29a83000 	C:\WINDOWS\SYSTEM32\IPHLPAPI.DLL
0x00007ffa2bd50000 - 0x00007ffa2bd5a000 	C:\WINDOWS\System32\NSI.dll
0x00007ff9fdc20000 - 0x00007ff9fdc69000 	C:\Users\Rashen\AppData\Local\Temp\jna--1854266227\jna10310516784380371257.dll
0x00007ffa2d890000 - 0x00007ffa2d898000 	C:\WINDOWS\System32\PSAPI.DLL
0x00007ffa21e50000 - 0x00007ffa21e6d000 	C:\WINDOWS\SYSTEM32\dhcpcsvc6.DLL
0x00007ffa21b20000 - 0x00007ffa21b45000 	C:\WINDOWS\SYSTEM32\dhcpcsvc.DLL

JVMTI agents:
c:\Users\Rashen\.vscode\extensions\redhat.java-1.55.0-win32-x64\lombok\lombok-1.18.39-4050.jar path:c:\Users\Rashen\.vscode\extensions\redhat.java-1.55.0-win32-x64\jre\21.0.11-win32-x86_64\bin\instrument.dll, loaded, initialized, instrumentlib options:none

dbghelp: loaded successfully - version: 4.0.5 - missing functions: none
symbol engine: initialized successfully - sym options: 0x614 - pdb path: .;c:\Users\Rashen\.vscode\extensions\redhat.java-1.55.0-win32-x64\jre\21.0.11-win32-x86_64\bin;C:\WINDOWS\SYSTEM32;C:\WINDOWS\WinSxS\amd64_microsoft.windows.common-controls_6595b64144ccf1df_6.0.26100.8521_none_3e08b75ce33403b3;c:\Users\Rashen\.vscode\extensions\redhat.java-1.55.0-win32-x64\jre\21.0.11-win32-x86_64\bin\server;C:\Users\Rashen\AppData\Roaming\Code\User\globalStorage\redhat.java\1.55.0\config_win\org.eclipse.equinox.launcher\org.eclipse.equinox.launcher.win32.win32.x86_64_1.3.100.v20260613-0559;C:\Users\Rashen\AppData\Local\Temp\jna--1854266227

VM Arguments:
jvm_args: --add-modules=ALL-SYSTEM --add-opens=java.base/java.util=ALL-UNNAMED --add-opens=java.base/java.lang=ALL-UNNAMED --add-opens=java.base/sun.nio.fs=ALL-UNNAMED -Declipse.application=org.eclipse.jdt.ls.core.id1 -Dosgi.bundles.defaultStartLevel=4 -Declipse.product=org.eclipse.jdt.ls.core.product -Djava.import.generatesMetadataFilesAtProjectRoot=false -DDetectVMInstallationsJob.disabled=true -Dfile.encoding=utf8 -XX:+UseParallelGC -XX:GCTimeRatio=4 -XX:AdaptiveSizePolicyWeight=90 -Dsun.zip.disableMemoryMapping=true -Xmx2G -Xms100m -Xlog:disable -javaagent:c:\Users\Rashen\.vscode\extensions\redhat.java-1.55.0-win32-x64\lombok\lombok-1.18.39-4050.jar -XX:+HeapDumpOnOutOfMemoryError -XX:HeapDumpPath=c:\Users\Rashen\AppData\Roaming\Code\User\workspaceStorage\1fe8799e4aad9cbe5e924e97708f1dd4\redhat.java -Daether.dependencyCollector.impl=bf 
java_command: c:\Users\Rashen\.vscode\extensions\redhat.java-1.55.0-win32-x64\server\plugins\org.eclipse.equinox.launcher_1.7.200.v20260619-2039.jar -configuration c:\Users\Rashen\AppData\Roaming\Code\User\globalStorage\redhat.java\1.55.0\config_win -data c:\Users\Rashen\AppData\Roaming\Code\User\workspaceStorage\1fe8799e4aad9cbe5e924e97708f1dd4\redhat.java\jdt_ws --pipe=\\.\pipe\lsp-4cb00af85505ca8f0b060f095c4c2907-sock
java_class_path (initial): c:\Users\Rashen\.vscode\extensions\redhat.java-1.55.0-win32-x64\server\plugins\org.eclipse.equinox.launcher_1.7.200.v20260619-2039.jar
Launcher Type: SUN_STANDARD

[Global flags]
    uintx AdaptiveSizePolicyWeight                 = 90                                        {product} {command line}
     intx CICompilerCount                          = 12                                        {product} {ergonomic}
    uintx GCTimeRatio                              = 4                                         {product} {command line}
     bool HeapDumpOnOutOfMemoryError               = true                                   {manageable} {command line}
    ccstr HeapDumpPath                             = c:\Users\Rashen\AppData\Roaming\Code\User\workspaceStorage\1fe8799e4aad9cbe5e924e97708f1dd4\redhat.java         {manageable} {command line}
   size_t InitialHeapSize                          = 104857600                                 {product} {command line}
   size_t MaxHeapSize                              = 2147483648                                {product} {command line}
   size_t MaxNewSize                               = 715653120                                 {product} {ergonomic}
   size_t MinHeapDeltaBytes                        = 524288                                    {product} {ergonomic}
   size_t MinHeapSize                              = 104857600                                 {product} {command line}
   size_t NewSize                                  = 34603008                                  {product} {ergonomic}
    uintx NonNMethodCodeHeapSize                   = 7602480                                {pd product} {ergonomic}
    uintx NonProfiledCodeHeapSize                  = 122027880                              {pd product} {ergonomic}
   size_t OldSize                                  = 70254592                                  {product} {ergonomic}
    uintx ProfiledCodeHeapSize                     = 122027880                              {pd product} {ergonomic}
    uintx ReservedCodeCacheSize                    = 251658240                              {pd product} {ergonomic}
     bool SegmentedCodeCache                       = true                                      {product} {ergonomic}
   size_t SoftMaxHeapSize                          = 2147483648                             {manageable} {ergonomic}
     bool UseCompressedOops                        = true                           {product lp64_product} {ergonomic}
     bool UseLargePagesIndividualAllocation        = false                                  {pd product} {ergonomic}
     bool UseParallelGC                            = true                                      {product} {command line}

Logging:
Log output configuration:
 #0: stdout all=off uptime,level,tags foldmultilines=false
 #1: stderr all=off uptime,level,tags foldmultilines=false

Release file:
JAVA_VERSION="21.0.11" 
MODULES="java.base java.compiler java.datatransfer java.xml java.prefs java.desktop java.instrument java.logging java.management java.security.sasl java.naming java.rmi java.management.rmi java.net.http java.scripting java.security.jgss java.transaction.xa java.sql java.sql.rowset java.xml.crypto java.se java.smartcardio jdk.accessibility jdk.internal.jvmstat jdk.attach jdk.charsets jdk.internal.opt jdk.zipfs jdk.compiler jdk.crypto.ec jdk.crypto.cryptoki jdk.crypto.mscapi jdk.dynalink jdk.internal.ed jdk.editpad jdk.hotspot.agent jdk.httpserver jdk.internal.le jdk.internal.vm.ci jdk.internal.vm.compiler jdk.internal.vm.compiler.management jdk.jartool jdk.javadoc jdk.jcmd jdk.management jdk.management.agent jdk.jconsole jdk.jdeps jdk.jdwp.agent jdk.jdi jdk.jfr jdk.jshell jdk.jsobject jdk.jstatd jdk.localedata jdk.management.jfr jdk.naming.dns jdk.naming.rmi jdk.net jdk.nio.mapmode jdk.random jdk.sctp jdk.security.auth jdk.security.jgss jdk.unsupported jdk.unsupported.desktop jdk.xml.dom" 

Environment Variables:
JAVA_HOME=C:\Program Files\Eclipse Adoptium\jdk-17.0.17.10-hotspot
PATH=C:\Program Files\Eclipse Adoptium\jdk-17.0.17.10-hotspot\bin;C:\WINDOWS\system32;C:\WINDOWS;C:\WINDOWS\System32\Wbem;C:\WINDOWS\System32\WindowsPowerShell\v1.0\;C:\WINDOWS\System32\OpenSSH\;C:\Program Files\Docker\Docker\resources\bin;C:\Program Files\Git\cmd;C:\Program Files\MySQL\MySQL Server 8.0\bin;C:\Program Files\nodejs\;C:\Program Files\MySQL\MySQL Server 9.5\bin;C:\Program Files\Microsoft SQL Server\170\Tools\Binn\;C:\Program Files\Microsoft SQL Server\Client SDK\ODBC\170\Tools\Binn\;C:\Program Files\dotnet\;C:\Android\Sdk\platform-tools;C:\Android\Sdk\cmdline-tools\latest\bin;C:\ProgramData\chocolatey\bin;C:\ProgramData\chocolatey\lib\maven\apache-maven-3.9.12\bin;C:\Users\Rashen\.local\bin;C:\Users\Rashen\AppData\Local\Microsoft\WindowsApps;C:\Users\Rashen\AppData\Local\Programs\Microsoft VS Code\bin;C:\Users\Rashen\AppData\Roaming\npm;C:\flutter\flutter\bin;C:\Users\Rashen\.dotnet\tools;C:\Users\Rashen\AppData\Local\Python\bin;C:\Users\Rashen\AppData\Local\GitHubDesktop\bin
USERNAME=Rashen
OS=Windows_NT
PROCESSOR_IDENTIFIER=Intel64 Family 6 Model 186 Stepping 2, GenuineIntel
TMP=C:\Users\Rashen\AppData\Local\Temp
TEMP=C:\Users\Rashen\AppData\Local\Temp




Periodic native trim disabled

---------------  S Y S T E M  ---------------

OS:
 Windows 11 , 64 bit Build 26100 (10.0.26100.8521)
OS uptime: 2 days 5:34 hours
Hyper-V role detected

CPU: total 16 (initial active 16) (8 cores per cpu, 2 threads per core) family 6 model 186 stepping 2 microcode 0x410e, cx8, cmov, fxsr, ht, mmx, 3dnowpref, sse, sse2, sse3, ssse3, sse4.1, sse4.2, popcnt, lzcnt, tsc, tscinvbit, avx, avx2, aes, erms, clmul, bmi1, bmi2, adx, sha, fma, vzeroupper, clflush, clflushopt, clwb, hv, serialize, rdtscp, rdpid, fsrm, f16c, cet_ibt, cet_ss
Processor Information for the first 16 processors :
  Max Mhz: 2400, Current Mhz: 2400, Mhz Limit: 2400

Memory: 4k page, system-wide physical 32471M (2175M free)
TotalPageFile size 54215M (AvailPageFile size 5M)
current process WorkingSet (physical memory assigned to process): 358M, peak: 361M
current process commit charge ("private bytes"): 448M, peak: 1737M

vm_info: OpenJDK 64-Bit Server VM (21.0.11+10-LTS) for windows-amd64 JRE (21.0.11+10-LTS), built on 2026-04-21T00:00:00Z by "admin" with MS VC++ 17.12 (VS2022)

END.
