#
# There is insufficient memory for the Java Runtime Environment to continue.
# Native memory allocation (malloc) failed to allocate 248976 bytes. Error detail: Chunk::new
# Possible reasons:
#   The system is out of physical RAM or swap space
#   This process is running with CompressedOops enabled, and the Java Heap may be blocking the growth of the native heap
# Possible solutions:
#   Reduce memory load on the system
#   Increase physical memory or swap space
#   Check if swap backing store is full
#   Decrease Java heap size (-Xmx/-Xms)
#   Decrease number of Java threads
#   Decrease Java thread stack sizes (-Xss)
#   Set larger code cache with -XX:ReservedCodeCacheSize=
#   JVM is running with Unscaled Compressed Oops mode in which the Java heap is
#     placed in the first 4GB address space. The Java Heap base address is the
#     maximum limit for the native heap growth. Please use -XX:HeapBaseMinAddress
#     to set the Java Heap base and to place the Java Heap above 4GB virtual address.
# This output file may be truncated or incomplete.
#
#  Out of Memory Error (arena.cpp:168), pid=45472, tid=51048
#
# JRE version: OpenJDK Runtime Environment Temurin-21.0.10+7 (21.0.10+7) (build 21.0.10+7-LTS)
# Java VM: OpenJDK 64-Bit Server VM Temurin-21.0.10+7 (21.0.10+7-LTS, mixed mode, sharing, tiered, compressed oops, compressed class ptrs, parallel gc, windows-amd64)
# No core dump will be written. Minidumps are not enabled by default on client versions of Windows
#

---------------  S U M M A R Y ------------

Command Line: --add-modules=ALL-SYSTEM --add-opens=java.base/java.util=ALL-UNNAMED --add-opens=java.base/java.lang=ALL-UNNAMED --add-opens=java.base/sun.nio.fs=ALL-UNNAMED -Declipse.application=org.eclipse.jdt.ls.core.id1 -Dosgi.bundles.defaultStartLevel=4 -Declipse.product=org.eclipse.jdt.ls.core.product -Djava.import.generatesMetadataFilesAtProjectRoot=false -DDetectVMInstallationsJob.disabled=true -Dfile.encoding=utf8 -XX:+UseParallelGC -XX:GCTimeRatio=4 -XX:AdaptiveSizePolicyWeight=90 -Dsun.zip.disableMemoryMapping=true -Xmx2G -Xms100m -Xlog:disable -javaagent:c:\Users\Rashen\.vscode\extensions\redhat.java-1.54.0-win32-x64\lombok\lombok-1.18.39-4050.jar -XX:+HeapDumpOnOutOfMemoryError -XX:HeapDumpPath=c:\Users\Rashen\AppData\Roaming\Code\User\workspaceStorage\1fe8799e4aad9cbe5e924e97708f1dd4\redhat.java -Daether.dependencyCollector.impl=bf c:\Users\Rashen\.vscode\extensions\redhat.java-1.54.0-win32-x64\server\plugins\org.eclipse.equinox.launcher_1.7.100.v20251111-0406.jar -configuration c:\Users\Rashen\AppData\Roaming\Code\User\globalStorage\redhat.java\1.54.0\config_win -data c:\Users\Rashen\AppData\Roaming\Code\User\workspaceStorage\1fe8799e4aad9cbe5e924e97708f1dd4\redhat.java\jdt_ws --pipe=\\.\pipe\lsp-df1b6176ee69aa5b8ef23c13f4f75cc7-sock

Host: 13th Gen Intel(R) Core(TM) i7-13620H, 16 cores, 31G,  Windows 11 , 64 bit Build 26100 (10.0.26100.7920)
Time: Sat Apr 18 02:35:58 2026 Sri Lanka Standard Time elapsed time: 12.120282 seconds (0d 0h 0m 12s)

---------------  T H R E A D  ---------------

Current thread (0x000002e707b25b80):  JavaThread "C2 CompilerThread4" daemon [_thread_in_native, id=51048, stack(0x000000fffce00000,0x000000fffcf00000) (1024K)]


Current CompileTask:
C2:12120 6915   !   4       org.eclipse.osgi.internal.loader.classpath.ClasspathManager::defineClass (636 bytes)

Stack: [0x000000fffce00000,0x000000fffcf00000]
Native frames: (J=compiled Java code, j=interpreted, Vv=VM code, C=native code)
V  [jvm.dll+0x6d7a39]
V  [jvm.dll+0x8b4b26]
V  [jvm.dll+0x8b70de]
V  [jvm.dll+0x8b77c3]
V  [jvm.dll+0x284346]
V  [jvm.dll+0xc66ed]
V  [jvm.dll+0xc6c31]
V  [jvm.dll+0x5def17]
V  [jvm.dll+0x38b191]
V  [jvm.dll+0x38a5aa]
V  [jvm.dll+0x24c560]
V  [jvm.dll+0x24bb40]
V  [jvm.dll+0x1cb34e]
V  [jvm.dll+0x25b85d]
V  [jvm.dll+0x259dea]
V  [jvm.dll+0x3f857e]
V  [jvm.dll+0x85f59d]
V  [jvm.dll+0x6d626d]
C  [ucrtbase.dll+0x37b0]
C  [KERNEL32.DLL+0x2e8d7]
C  [ntdll.dll+0x8c48c]


---------------  P R O C E S S  ---------------

Threads class SMR info:
_java_thread_list=0x000002e7090ece50, length=69, elements={
0x000002e72613e5e0, 0x000002e73cbecaf0, 0x000002e7261e1750, 0x000002e7261e4c90,
0x000002e7261e58f0, 0x000002e7261e8460, 0x000002e7261e8ec0, 0x000002e7261ebd00,
0x000002e7261f8e60, 0x000002e77f17fc90, 0x000002e77f30e350, 0x000002e77f33b280,
0x000002e705058d70, 0x000002e705aae0b0, 0x000002e705cf8b70, 0x000002e705c59830,
0x000002e705c57630, 0x000002e70611c880, 0x000002e706142960, 0x000002e706118fa0,
0x000002e7052fcba0, 0x000002e7052fe5e0, 0x000002e7052fd230, 0x000002e7052fdf50,
0x000002e705be9680, 0x000002e706c784e0, 0x000002e706737100, 0x000002e7052fbe80,
0x000002e706837920, 0x000002e707b25b80, 0x000002e7052fd8c0, 0x000002e7052ff300,
0x000002e7052fc510, 0x000002e7052fec70, 0x000002e709011460, 0x000002e70900f390,
0x000002e70900fa20, 0x000002e70900ed00, 0x000002e7090100b0, 0x000002e709010740,
0x000002e709010dd0, 0x000002e709011af0, 0x000002e70900e670, 0x000002e709012ea0,
0x000002e709014250, 0x000002e709015600, 0x000002e709013530, 0x000002e709013bc0,
0x000002e7090148e0, 0x000002e709014f70, 0x000002e705b0a8f0, 0x000002e709012180,
0x000002e709015c90, 0x000002e709012810, 0x000002e709b23800, 0x000002e709b21730,
0x000002e709b21dc0, 0x000002e709b23e90, 0x000002e709b22450, 0x000002e709b210a0,
0x000002e709b24520, 0x000002e709b25240, 0x000002e709b25f60, 0x000002e709b258d0,
0x000002e709b24bb0, 0x000002e709b22ae0, 0x000002e709b23170, 0x000002e709b27310,
0x000002e709b265f0
}

Java Threads: ( => current thread )
  0x000002e72613e5e0 JavaThread "main"                              [_thread_blocked, id=27112, stack(0x000000fffa200000,0x000000fffa300000) (1024K)]
  0x000002e73cbecaf0 JavaThread "Reference Handler"          daemon [_thread_blocked, id=54956, stack(0x000000fffa600000,0x000000fffa700000) (1024K)]
  0x000002e7261e1750 JavaThread "Finalizer"                  daemon [_thread_blocked, id=53516, stack(0x000000fffa700000,0x000000fffa800000) (1024K)]
  0x000002e7261e4c90 JavaThread "Signal Dispatcher"          daemon [_thread_blocked, id=32324, stack(0x000000fffa800000,0x000000fffa900000) (1024K)]
  0x000002e7261e58f0 JavaThread "Attach Listener"            daemon [_thread_blocked, id=18644, stack(0x000000fffa900000,0x000000fffaa00000) (1024K)]
  0x000002e7261e8460 JavaThread "Service Thread"             daemon [_thread_blocked, id=8324, stack(0x000000fffaa00000,0x000000fffab00000) (1024K)]
  0x000002e7261e8ec0 JavaThread "Monitor Deflation Thread"   daemon [_thread_blocked, id=28612, stack(0x000000fffab00000,0x000000fffac00000) (1024K)]
  0x000002e7261ebd00 JavaThread "C2 CompilerThread0"         daemon [_thread_in_native, id=31812, stack(0x000000fffac00000,0x000000fffad00000) (1024K)]
  0x000002e7261f8e60 JavaThread "C1 CompilerThread0"         daemon [_thread_blocked, id=37248, stack(0x000000fffad00000,0x000000fffae00000) (1024K)]
  0x000002e77f17fc90 JavaThread "C1 CompilerThread1"         daemon [_thread_blocked, id=53052, stack(0x000000fffae00000,0x000000fffaf00000) (1024K)]
  0x000002e77f30e350 JavaThread "Common-Cleaner"             daemon [_thread_blocked, id=26016, stack(0x000000fffb000000,0x000000fffb100000) (1024K)]
  0x000002e77f33b280 JavaThread "C1 CompilerThread2"         daemon [_thread_blocked, id=53368, stack(0x000000fffb100000,0x000000fffb200000) (1024K)]
  0x000002e705058d70 JavaThread "Notification Thread"        daemon [_thread_blocked, id=38440, stack(0x000000fffb300000,0x000000fffb400000) (1024K)]
  0x000002e705aae0b0 JavaThread "Active Thread: Equinox Container: abab5f8a-3582-4e38-8fc3-2c12131221e6"        [_thread_blocked, id=47756, stack(0x000000fffbc00000,0x000000fffbd00000) (1024K)]
  0x000002e705cf8b70 JavaThread "Refresh Thread: Equinox Container: abab5f8a-3582-4e38-8fc3-2c12131221e6" daemon [_thread_blocked, id=51464, stack(0x000000fffbe00000,0x000000fffbf00000) (1024K)]
  0x000002e705c59830 JavaThread "Framework Event Dispatcher: Equinox Container: abab5f8a-3582-4e38-8fc3-2c12131221e6" daemon [_thread_blocked, id=20004, stack(0x000000fffbf00000,0x000000fffc000000) (1024K)]
  0x000002e705c57630 JavaThread "Start Level: Equinox Container: abab5f8a-3582-4e38-8fc3-2c12131221e6" daemon [_thread_blocked, id=37012, stack(0x000000fffc000000,0x000000fffc100000) (1024K)]
  0x000002e70611c880 JavaThread "Bundle File Closer"         daemon [_thread_blocked, id=19796, stack(0x000000fffc300000,0x000000fffc400000) (1024K)]
  0x000002e706142960 JavaThread "SCR Component Actor"        daemon [_thread_blocked, id=53540, stack(0x000000fffaf00000,0x000000fffb000000) (1024K)]
  0x000002e706118fa0 JavaThread "Worker-JM"                         [_thread_blocked, id=24136, stack(0x000000fffc500000,0x000000fffc600000) (1024K)]
  0x000002e7052fcba0 JavaThread "JNA Cleaner"                daemon [_thread_blocked, id=20604, stack(0x000000fffc400000,0x000000fffc500000) (1024K)]
  0x000002e7052fe5e0 JavaThread "Worker-0"                          [_thread_blocked, id=31160, stack(0x000000fffc600000,0x000000fffc700000) (1024K)]
  0x000002e7052fd230 JavaThread "Worker-1"                          [_thread_blocked, id=51988, stack(0x000000fffc700000,0x000000fffc800000) (1024K)]
  0x000002e7052fdf50 JavaThread "Worker-2"                          [_thread_blocked, id=33276, stack(0x000000fffc800000,0x000000fffc900000) (1024K)]
  0x000002e705be9680 JavaThread "C2 CompilerThread1"         daemon [_thread_in_native, id=41160, stack(0x000000fffc900000,0x000000fffca00000) (1024K)]
  0x000002e706c784e0 JavaThread "C1 CompilerThread3"         daemon [_thread_blocked, id=27224, stack(0x000000fffca00000,0x000000fffcb00000) (1024K)]
  0x000002e706737100 JavaThread "C2 CompilerThread2"         daemon [_thread_in_native, id=26556, stack(0x000000fffcb00000,0x000000fffcc00000) (1024K)]
  0x000002e7052fbe80 JavaThread "Java indexing"              daemon [_thread_blocked, id=5720, stack(0x000000fffcc00000,0x000000fffcd00000) (1024K)]
  0x000002e706837920 JavaThread "C2 CompilerThread3"         daemon [_thread_in_native, id=41036, stack(0x000000fffcd00000,0x000000fffce00000) (1024K)]
=>0x000002e707b25b80 JavaThread "C2 CompilerThread4"         daemon [_thread_in_native, id=51048, stack(0x000000fffce00000,0x000000fffcf00000) (1024K)]
  0x000002e7052fd8c0 JavaThread "Worker-3"                          [_thread_blocked, id=17300, stack(0x000000fffd200000,0x000000fffd300000) (1024K)]
  0x000002e7052ff300 JavaThread "Worker-4: Initialize Workspace"        [_thread_in_native, id=48400, stack(0x000000fffd300000,0x000000fffd400000) (1024K)]
  0x000002e7052fc510 JavaThread "Thread-1"                   daemon [_thread_in_native, id=22748, stack(0x000000fffd400000,0x000000fffd500000) (1024K)]
  0x000002e7052fec70 JavaThread "Thread-2"                   daemon [_thread_in_native, id=1520, stack(0x000000fffd500000,0x000000fffd600000) (1024K)]
  0x000002e709011460 JavaThread "Thread-3"                   daemon [_thread_in_native, id=49568, stack(0x000000fffd600000,0x000000fffd700000) (1024K)]
  0x000002e70900f390 JavaThread "Thread-4"                   daemon [_thread_in_native, id=53048, stack(0x000000fffd700000,0x000000fffd800000) (1024K)]
  0x000002e70900fa20 JavaThread "Thread-5"                   daemon [_thread_in_native, id=48776, stack(0x000000fffd800000,0x000000fffd900000) (1024K)]
  0x000002e70900ed00 JavaThread "Thread-6"                   daemon [_thread_in_native, id=28436, stack(0x000000fffd900000,0x000000fffda00000) (1024K)]
  0x000002e7090100b0 JavaThread "Thread-7"                   daemon [_thread_in_native, id=40976, stack(0x000000fffda00000,0x000000fffdb00000) (1024K)]
  0x000002e709010740 JavaThread "Thread-8"                   daemon [_thread_in_native, id=40332, stack(0x000000fffdb00000,0x000000fffdc00000) (1024K)]
  0x000002e709010dd0 JavaThread "Thread-9"                   daemon [_thread_in_native, id=44060, stack(0x000000fffdc00000,0x000000fffdd00000) (1024K)]
  0x000002e709011af0 JavaThread "Thread-10"                  daemon [_thread_in_native, id=16844, stack(0x000000fffdd00000,0x000000fffde00000) (1024K)]
  0x000002e70900e670 JavaThread "Thread-11"                  daemon [_thread_in_native, id=23816, stack(0x000000fffde00000,0x000000fffdf00000) (1024K)]
  0x000002e709012ea0 JavaThread "Thread-12"                  daemon [_thread_in_native, id=38788, stack(0x000000fffdf00000,0x000000fffe000000) (1024K)]
  0x000002e709014250 JavaThread "Thread-13"                  daemon [_thread_in_native, id=35936, stack(0x000000fffe000000,0x000000fffe100000) (1024K)]
  0x000002e709015600 JavaThread "Thread-14"                  daemon [_thread_in_native, id=23752, stack(0x000000fffe100000,0x000000fffe200000) (1024K)]
  0x000002e709013530 JavaThread "Thread-15"                  daemon [_thread_in_native, id=54704, stack(0x000000fffe200000,0x000000fffe300000) (1024K)]
  0x000002e709013bc0 JavaThread "Thread-16"                  daemon [_thread_in_native, id=37548, stack(0x000000fffe300000,0x000000fffe400000) (1024K)]
  0x000002e7090148e0 JavaThread "Thread-17"                  daemon [_thread_in_native, id=16468, stack(0x000000fffe400000,0x000000fffe500000) (1024K)]
  0x000002e709014f70 JavaThread "pool-2-thread-1"                   [_thread_blocked, id=51700, stack(0x000000fffe500000,0x000000fffe600000) (1024K)]
  0x000002e705b0a8f0 JavaThread "C2 CompilerThread5"         daemon [_thread_in_native, id=35316, stack(0x000000fffe600000,0x000000fffe700000) (1024K)]
  0x000002e709012180 JavaThread "ForkJoinPool.commonPool-worker-1" daemon [_thread_blocked, id=5420, stack(0x000000fffe900000,0x000000fffea00000) (1024K)]
  0x000002e709015c90 JavaThread "ForkJoinPool.commonPool-worker-2" daemon [_thread_blocked, id=54708, stack(0x000000fffea00000,0x000000fffeb00000) (1024K)]
  0x000002e709012810 JavaThread "ForkJoinPool.commonPool-worker-3" daemon [_thread_blocked, id=52424, stack(0x000000fffeb00000,0x000000fffec00000) (1024K)]
  0x000002e709b23800 JavaThread "ForkJoinPool.commonPool-worker-4" daemon [_thread_blocked, id=41056, stack(0x000000fffec00000,0x000000fffed00000) (1024K)]
  0x000002e709b21730 JavaThread "ForkJoinPool.commonPool-worker-5" daemon [_thread_blocked, id=54084, stack(0x000000fffed00000,0x000000fffee00000) (1024K)]
  0x000002e709b21dc0 JavaThread "ForkJoinPool.commonPool-worker-6" daemon [_thread_blocked, id=37752, stack(0x000000fffee00000,0x000000fffef00000) (1024K)]
  0x000002e709b23e90 JavaThread "ForkJoinPool.commonPool-worker-7" daemon [_thread_blocked, id=49984, stack(0x000000fffef00000,0x000000ffff000000) (1024K)]
  0x000002e709b22450 JavaThread "ForkJoinPool.commonPool-worker-8" daemon [_thread_blocked, id=36856, stack(0x000000ffff000000,0x000000ffff100000) (1024K)]
  0x000002e709b210a0 JavaThread "ForkJoinPool.commonPool-worker-9" daemon [_thread_blocked, id=29912, stack(0x000000ffff100000,0x000000ffff200000) (1024K)]
  0x000002e709b24520 JavaThread "ForkJoinPool.commonPool-worker-10" daemon [_thread_blocked, id=30824, stack(0x000000ffff200000,0x000000ffff300000) (1024K)]
  0x000002e709b25240 JavaThread "ForkJoinPool.commonPool-worker-11" daemon [_thread_blocked, id=40980, stack(0x000000ffff300000,0x000000ffff400000) (1024K)]
  0x000002e709b25f60 JavaThread "ForkJoinPool.commonPool-worker-12" daemon [_thread_blocked, id=53668, stack(0x000000ffff400000,0x000000ffff500000) (1024K)]
  0x000002e709b258d0 JavaThread "ForkJoinPool.commonPool-worker-13" daemon [_thread_blocked, id=29064, stack(0x000000ffff500000,0x000000ffff600000) (1024K)]
  0x000002e709b24bb0 JavaThread "ForkJoinPool.commonPool-worker-14" daemon [_thread_blocked, id=5012, stack(0x000000ffff600000,0x000000ffff700000) (1024K)]
  0x000002e709b22ae0 JavaThread "ForkJoinPool.commonPool-worker-15" daemon [_thread_blocked, id=53552, stack(0x000000ffff700000,0x000000ffff800000) (1024K)]
  0x000002e709b23170 JavaThread "WorkspaceEventsHandler"            [_thread_blocked, id=6236, stack(0x000000ffff800000,0x000000ffff900000) (1024K)]
  0x000002e709b27310 JavaThread "pool-1-thread-1"                   [_thread_blocked, id=30708, stack(0x000000ffff900000,0x000000ffffa00000) (1024K)]
  0x000002e709b265f0 JavaThread "ProjectImportProgressReporter" daemon [_thread_blocked, id=54856, stack(0x000000fffe700000,0x000000fffe800000) (1024K)]
Total: 69

Other Threads:
  0x000002e77f094ba0 VMThread "VM Thread"                           [id=25224, stack(0x000000fffa500000,0x000000fffa600000) (1024K)]
  0x000002e73cacca00 WatcherThread "VM Periodic Task Thread"        [id=54484, stack(0x000000fffa400000,0x000000fffa500000) (1024K)]
  0x000002e72615d970 WorkerThread "GC Thread#0"                     [id=28940, stack(0x000000fffa300000,0x000000fffa400000) (1024K)]
  0x000002e70530b2f0 WorkerThread "GC Thread#1"                     [id=37848, stack(0x000000fffb600000,0x000000fffb700000) (1024K)]
  0x000002e705ad5c10 WorkerThread "GC Thread#2"                     [id=47204, stack(0x000000fffb700000,0x000000fffb800000) (1024K)]
  0x000002e70535b250 WorkerThread "GC Thread#3"                     [id=34632, stack(0x000000fffb800000,0x000000fffb900000) (1024K)]
  0x000002e70535b600 WorkerThread "GC Thread#4"                     [id=25076, stack(0x000000fffb900000,0x000000fffba00000) (1024K)]
  0x000002e70535b9b0 WorkerThread "GC Thread#5"                     [id=51692, stack(0x000000fffba00000,0x000000fffbb00000) (1024K)]
  0x000002e7057387a0 WorkerThread "GC Thread#6"                     [id=50552, stack(0x000000fffbb00000,0x000000fffbc00000) (1024K)]
  0x000002e705d51270 WorkerThread "GC Thread#7"                     [id=19092, stack(0x000000fffbd00000,0x000000fffbe00000) (1024K)]
  0x000002e705f210b0 WorkerThread "GC Thread#8"                     [id=44688, stack(0x000000fffb500000,0x000000fffb600000) (1024K)]
  0x000002e705f21870 WorkerThread "GC Thread#9"                     [id=55292, stack(0x000000fffc100000,0x000000fffc200000) (1024K)]
  0x000002e705f21c20 WorkerThread "GC Thread#10"                    [id=31056, stack(0x000000fffc200000,0x000000fffc300000) (1024K)]
  0x000002e7261fe480 WorkerThread "GC Thread#11"                    [id=55024, stack(0x000000fffb200000,0x000000fffb300000) (1024K)]
  0x000002e7063d4360 WorkerThread "GC Thread#12"                    [id=21692, stack(0x000000fffb400000,0x000000fffb500000) (1024K)]
Total: 15

Threads with active compile tasks:
C2 CompilerThread0  12173 7011       4       java.lang.ClassLoader::defineClass (43 bytes)
C2 CompilerThread1  12174 7147       4       sun.nio.fs.Globs::toRegexPattern (745 bytes)
C2 CompilerThread2  12174 7149       4       java.util.regex.Pattern$SliceU::match (99 bytes)
C2 CompilerThread3  12174 7145       4       java.util.regex.Pattern::atom (422 bytes)
C2 CompilerThread4  12174 6915   !   4       org.eclipse.osgi.internal.loader.classpath.ClasspathManager::defineClass (636 bytes)
Total: 5

VM state: not at safepoint (normal execution)

VM Mutex/Monitor currently owned by a thread: None

Heap address: 0x0000000080000000, size: 2048 MB, Compressed Oops mode: 32-bit

CDS archive(s) mapped at: [0x000002e73d000000-0x000002e73dba0000-0x000002e73dba0000), size 12189696, SharedBaseAddress: 0x000002e73d000000, ArchiveRelocationMode: 1.
Compressed class space mapped at: 0x000002e73e000000-0x000002e77e000000, reserved size: 1073741824
Narrow klass base: 0x000002e73d000000, Narrow klass shift: 0, Narrow klass range: 0x100000000

GC Precious Log:
 CardTable entry size: 512
 CPUs: 16 total, 16 available
 Memory: 32471M
 Large Page Support: Disabled
 NUMA Support: Disabled
 Compressed Oops: Enabled (32-bit)
 Alignments: Space 512K, Generation 512K, Heap 2M
 Heap Min Capacity: 100M
 Heap Initial Capacity: 100M
 Heap Max Capacity: 2G
 Pre-touch: Disabled
 Parallel Workers: 13

Heap:
 PSYoungGen      total 16384K, used 10773K [0x00000000d5580000, 0x00000000d6a80000, 0x0000000100000000)
  eden space 14336K, 67% used [0x00000000d5580000,0x00000000d5ef5710,0x00000000d6380000)
  from space 2048K, 53% used [0x00000000d6700000,0x00000000d6810000,0x00000000d6900000)
  to   space 1536K, 0% used [0x00000000d6900000,0x00000000d6900000,0x00000000d6a80000)
 ParOldGen       total 68608K, used 33266K [0x0000000080000000, 0x0000000084300000, 0x00000000d5580000)
  object space 68608K, 48% used [0x0000000080000000,0x000000008207c928,0x0000000084300000)
 Metaspace       used 47198K, committed 48448K, reserved 1114112K
  class space    used 5111K, committed 5632K, reserved 1048576K

Card table byte_map: [0x000002e725ae0000,0x000002e725ef0000] _byte_map_base: 0x000002e7256e0000

Marking Bits: (ParMarkBitMap*) 0x00007ff8ad093450
 Begin Bits: [0x000002e7385f0000, 0x000002e73a5f0000)
 End Bits:   [0x000002e73a5f0000, 0x000002e73c5f0000)

Polling page: 0x000002e724390000

Metaspace:

Usage:
  Non-class:     41.10 MB used.
      Class:      4.99 MB used.
       Both:     46.09 MB used.

Virtual space:
  Non-class space:       64.00 MB reserved,      41.81 MB ( 65%) committed,  1 nodes.
      Class space:        1.00 GB reserved,       5.50 MB ( <1%) committed,  1 nodes.
             Both:        1.06 GB reserved,      47.31 MB (  4%) committed. 

Chunk freelists:
   Non-Class:  5.61 MB
       Class:  10.50 MB
        Both:  16.11 MB

MaxMetaspaceSize: unlimited
CompressedClassSpaceSize: 1.00 GB
Initial GC threshold: 21.00 MB
Current GC threshold: 58.38 MB
CDS: on
 - commit_granule_bytes: 65536.
 - commit_granule_words: 8192.
 - virtual_space_node_default_size: 8388608.
 - enlarge_chunks_in_place: 1.
 - use_allocation_guard: 0.


Internal statistics:

num_allocs_failed_limit: 8.
num_arena_births: 980.
num_arena_deaths: 14.
num_vsnodes_births: 2.
num_vsnodes_deaths: 0.
num_space_committed: 757.
num_space_uncommitted: 0.
num_chunks_returned_to_freelist: 22.
num_chunks_taken_from_freelist: 3134.
num_chunk_merges: 13.
num_chunk_splits: 1931.
num_chunks_enlarged: 1059.
num_inconsistent_stats: 0.

CodeHeap 'non-profiled nmethods': size=119168Kb used=3431Kb max_used=3431Kb free=115736Kb
 bounds [0x000002e730ee0000, 0x000002e731240000, 0x000002e738340000]
CodeHeap 'profiled nmethods': size=119104Kb used=14086Kb max_used=14086Kb free=105017Kb
 bounds [0x000002e729340000, 0x000002e72a110000, 0x000002e730790000]
CodeHeap 'non-nmethods': size=7488Kb used=3054Kb max_used=3148Kb free=4433Kb
 bounds [0x000002e730790000, 0x000002e730b10000, 0x000002e730ee0000]
CodeCache: size=245760Kb, used=20571Kb, max_used=20665Kb, free=225186Kb
 total_blobs=7232, nmethods=6564, adapters=571, full_count=0
Compilation: enabled, stopped_count=0, restarted_count=0

Compilation events (20 events):
Event: 12.064 Thread 0x000002e77f17fc90 nmethod 7124 0x000002e72a0f9610 code [0x000002e72a0f99a0, 0x000002e72a0fb168]
Event: 12.069 Thread 0x000002e706c784e0 7126   !   3       java.nio.file.FileTreeWalker::getAttributes (94 bytes)
Event: 12.071 Thread 0x000002e706c784e0 nmethod 7126 0x000002e72a0fba90 code [0x000002e72a0fbd40, 0x000002e72a0fcd28]
Event: 12.071 Thread 0x000002e77f33b280 7127       3       java.nio.file.FileTreeWalker$Event::<init> (9 bytes)
Event: 12.071 Thread 0x000002e77f33b280 nmethod 7127 0x000002e72a0fd290 code [0x000002e72a0fd440, 0x000002e72a0fd658]
Event: 12.071 Thread 0x000002e706c784e0 7128       3       sun.nio.fs.WindowsFileAttributes::isDirectory (25 bytes)
Event: 12.071 Thread 0x000002e706c784e0 nmethod 7128 0x000002e72a0fd790 code [0x000002e72a0fd940, 0x000002e72a0fdbb0]
Event: 12.076 Thread 0x000002e705be9680 nmethod 7119 0x000002e731230610 code [0x000002e731230860, 0x000002e7312314e8]
Event: 12.083 Thread 0x000002e705b0a8f0 7129       4       java.util.regex.Pattern::compile (537 bytes)
Event: 12.085 Thread 0x000002e706837920 7130       4       java.lang.String::regionMatches (150 bytes)
Event: 12.088 Thread 0x000002e7261f8e60 7131   !   3       java.nio.file.FileTreeWalker::visit (204 bytes)
Event: 12.091 Thread 0x000002e7261f8e60 nmethod 7131 0x000002e72a0fdc90 code [0x000002e72a0fe000, 0x000002e72a0ff330]
Event: 12.093 Thread 0x000002e706837920 nmethod 7130 0x000002e731231e10 code [0x000002e731231fe0, 0x000002e731232410]
Event: 12.094 Thread 0x000002e7261f8e60 7134       1       sun.nio.fs.WindowsNativeDispatcher$FirstFile::name (5 bytes)
Event: 12.094 Thread 0x000002e77f33b280 7133       1       sun.nio.fs.WindowsNativeDispatcher$FirstFile::handle (5 bytes)
Event: 12.094 Thread 0x000002e77f33b280 nmethod 7133 0x000002e731232a90 code [0x000002e731232c20, 0x000002e731232ce8]
Event: 12.094 Thread 0x000002e7261f8e60 nmethod 7134 0x000002e731232d90 code [0x000002e731232f20, 0x000002e731232fe8]
Event: 12.099 Thread 0x000002e706837920 7136       4       java.util.Arrays$ArrayItr::hasNext (18 bytes)
Event: 12.100 Thread 0x000002e706837920 nmethod 7136 0x000002e731233490 code [0x000002e731233620, 0x000002e7312336d8]
Event: 12.114 Thread 0x000002e706737100 7137   !   4       java.util.regex.Pattern::closure (276 bytes)

GC Heap History (20 events):
Event: 8.838 GC heap before
{Heap before GC invocations=14 (full 1):
 PSYoungGen      total 23552K, used 6101K [0x00000000d5580000, 0x00000000d7200000, 0x0000000100000000)
  eden space 22016K, 20% used [0x00000000d5580000,0x00000000d59f5ee8,0x00000000d6b00000)
  from space 1536K, 99% used [0x00000000d7080000,0x00000000d71ff5d0,0x00000000d7200000)
  to   space 3584K, 0% used [0x00000000d6b00000,0x00000000d6b00000,0x00000000d6e80000)
 ParOldGen       total 68608K, used 18755K [0x0000000080000000, 0x0000000084300000, 0x00000000d5580000)
  object space 68608K, 27% used [0x0000000080000000,0x0000000081250ef0,0x0000000084300000)
 Metaspace       used 34721K, committed 35840K, reserved 1114112K
  class space    used 3560K, committed 4032K, reserved 1048576K
}
Event: 8.841 GC heap after
{Heap after GC invocations=14 (full 1):
 PSYoungGen      total 25600K, used 407K [0x00000000d5580000, 0x00000000d7100000, 0x0000000100000000)
  eden space 22016K, 0% used [0x00000000d5580000,0x00000000d5580000,0x00000000d6b00000)
  from space 3584K, 11% used [0x00000000d6b00000,0x00000000d6b65ec8,0x00000000d6e80000)
  to   space 1536K, 0% used [0x00000000d6f80000,0x00000000d6f80000,0x00000000d7100000)
 ParOldGen       total 68608K, used 20172K [0x0000000080000000, 0x0000000084300000, 0x00000000d5580000)
  object space 68608K, 29% used [0x0000000080000000,0x00000000813b30b8,0x0000000084300000)
 Metaspace       used 34721K, committed 35840K, reserved 1114112K
  class space    used 3560K, committed 4032K, reserved 1048576K
}
Event: 8.841 GC heap before
{Heap before GC invocations=15 (full 2):
 PSYoungGen      total 25600K, used 407K [0x00000000d5580000, 0x00000000d7100000, 0x0000000100000000)
  eden space 22016K, 0% used [0x00000000d5580000,0x00000000d5580000,0x00000000d6b00000)
  from space 3584K, 11% used [0x00000000d6b00000,0x00000000d6b65ec8,0x00000000d6e80000)
  to   space 1536K, 0% used [0x00000000d6f80000,0x00000000d6f80000,0x00000000d7100000)
 ParOldGen       total 68608K, used 20172K [0x0000000080000000, 0x0000000084300000, 0x00000000d5580000)
  object space 68608K, 29% used [0x0000000080000000,0x00000000813b30b8,0x0000000084300000)
 Metaspace       used 34721K, committed 35840K, reserved 1114112K
  class space    used 3560K, committed 4032K, reserved 1048576K
}
Event: 8.882 GC heap after
{Heap after GC invocations=15 (full 2):
 PSYoungGen      total 25600K, used 0K [0x00000000d5580000, 0x00000000d7100000, 0x0000000100000000)
  eden space 22016K, 0% used [0x00000000d5580000,0x00000000d5580000,0x00000000d6b00000)
  from space 3584K, 0% used [0x00000000d6b00000,0x00000000d6b00000,0x00000000d6e80000)
  to   space 1536K, 0% used [0x00000000d6f80000,0x00000000d6f80000,0x00000000d7100000)
 ParOldGen       total 68608K, used 19328K [0x0000000080000000, 0x0000000084300000, 0x00000000d5580000)
  object space 68608K, 28% used [0x0000000080000000,0x00000000812e0038,0x0000000084300000)
 Metaspace       used 34721K, committed 35840K, reserved 1114112K
  class space    used 3560K, committed 4032K, reserved 1048576K
}
Event: 9.236 GC heap before
{Heap before GC invocations=16 (full 2):
 PSYoungGen      total 25600K, used 22016K [0x00000000d5580000, 0x00000000d7100000, 0x0000000100000000)
  eden space 22016K, 100% used [0x00000000d5580000,0x00000000d6b00000,0x00000000d6b00000)
  from space 3584K, 0% used [0x00000000d6b00000,0x00000000d6b00000,0x00000000d6e80000)
  to   space 1536K, 0% used [0x00000000d6f80000,0x00000000d6f80000,0x00000000d7100000)
 ParOldGen       total 68608K, used 19328K [0x0000000080000000, 0x0000000084300000, 0x00000000d5580000)
  object space 68608K, 28% used [0x0000000080000000,0x00000000812e0038,0x0000000084300000)
 Metaspace       used 36345K, committed 37568K, reserved 1114112K
  class space    used 3792K, committed 4352K, reserved 1048576K
}
Event: 9.237 GC heap after
{Heap after GC invocations=16 (full 2):
 PSYoungGen      total 23552K, used 1518K [0x00000000d5580000, 0x00000000d7100000, 0x0000000100000000)
  eden space 22016K, 0% used [0x00000000d5580000,0x00000000d5580000,0x00000000d6b00000)
  from space 1536K, 98% used [0x00000000d6f80000,0x00000000d70fbbd0,0x00000000d7100000)
  to   space 3072K, 0% used [0x00000000d6b00000,0x00000000d6b00000,0x00000000d6e00000)
 ParOldGen       total 68608K, used 20352K [0x0000000080000000, 0x0000000084300000, 0x00000000d5580000)
  object space 68608K, 29% used [0x0000000080000000,0x00000000813e0068,0x0000000084300000)
 Metaspace       used 36345K, committed 37568K, reserved 1114112K
  class space    used 3792K, committed 4352K, reserved 1048576K
}
Event: 9.633 GC heap before
{Heap before GC invocations=17 (full 2):
 PSYoungGen      total 23552K, used 23534K [0x00000000d5580000, 0x00000000d7100000, 0x0000000100000000)
  eden space 22016K, 100% used [0x00000000d5580000,0x00000000d6b00000,0x00000000d6b00000)
  from space 1536K, 98% used [0x00000000d6f80000,0x00000000d70fbbd0,0x00000000d7100000)
  to   space 3072K, 0% used [0x00000000d6b00000,0x00000000d6b00000,0x00000000d6e00000)
 ParOldGen       total 68608K, used 20358K [0x0000000080000000, 0x0000000084300000, 0x00000000d5580000)
  object space 68608K, 29% used [0x0000000080000000,0x00000000813e1a40,0x0000000084300000)
 Metaspace       used 38244K, committed 39552K, reserved 1114112K
  class space    used 4014K, committed 4608K, reserved 1048576K
}
Event: 9.639 GC heap after
{Heap after GC invocations=17 (full 2):
 PSYoungGen      total 24064K, used 1986K [0x00000000d5580000, 0x00000000d7000000, 0x0000000100000000)
  eden space 22016K, 0% used [0x00000000d5580000,0x00000000d5580000,0x00000000d6b00000)
  from space 2048K, 96% used [0x00000000d6b00000,0x00000000d6cf0800,0x00000000d6d00000)
  to   space 2560K, 0% used [0x00000000d6d80000,0x00000000d6d80000,0x00000000d7000000)
 ParOldGen       total 68608K, used 21855K [0x0000000080000000, 0x0000000084300000, 0x00000000d5580000)
  object space 68608K, 31% used [0x0000000080000000,0x0000000081557cd8,0x0000000084300000)
 Metaspace       used 38244K, committed 39552K, reserved 1114112K
  class space    used 4014K, committed 4608K, reserved 1048576K
}
Event: 9.920 GC heap before
{Heap before GC invocations=18 (full 2):
 PSYoungGen      total 24064K, used 24002K [0x00000000d5580000, 0x00000000d7000000, 0x0000000100000000)
  eden space 22016K, 100% used [0x00000000d5580000,0x00000000d6b00000,0x00000000d6b00000)
  from space 2048K, 96% used [0x00000000d6b00000,0x00000000d6cf0800,0x00000000d6d00000)
  to   space 2560K, 0% used [0x00000000d6d80000,0x00000000d6d80000,0x00000000d7000000)
 ParOldGen       total 68608K, used 21857K [0x0000000080000000, 0x0000000084300000, 0x00000000d5580000)
  object space 68608K, 31% used [0x0000000080000000,0x0000000081558518,0x0000000084300000)
 Metaspace       used 39180K, committed 40448K, reserved 1114112K
  class space    used 4115K, committed 4672K, reserved 1048576K
}
Event: 9.927 GC heap after
{Heap after GC invocations=18 (full 2):
 PSYoungGen      total 16896K, used 2560K [0x00000000d5580000, 0x00000000d7f00000, 0x0000000100000000)
  eden space 14336K, 0% used [0x00000000d5580000,0x00000000d5580000,0x00000000d6380000)
  from space 2560K, 100% used [0x00000000d6d80000,0x00000000d7000000,0x00000000d7000000)
  to   space 10240K, 0% used [0x00000000d6380000,0x00000000d6380000,0x00000000d6d80000)
 ParOldGen       total 68608K, used 27966K [0x0000000080000000, 0x0000000084300000, 0x00000000d5580000)
  object space 68608K, 40% used [0x0000000080000000,0x0000000081b4f878,0x0000000084300000)
 Metaspace       used 39180K, committed 40448K, reserved 1114112K
  class space    used 4115K, committed 4672K, reserved 1048576K
}
Event: 10.215 GC heap before
{Heap before GC invocations=19 (full 2):
 PSYoungGen      total 16896K, used 16896K [0x00000000d5580000, 0x00000000d7f00000, 0x0000000100000000)
  eden space 14336K, 100% used [0x00000000d5580000,0x00000000d6380000,0x00000000d6380000)
  from space 2560K, 100% used [0x00000000d6d80000,0x00000000d7000000,0x00000000d7000000)
  to   space 10240K, 0% used [0x00000000d6380000,0x00000000d6380000,0x00000000d6d80000)
 ParOldGen       total 68608K, used 27966K [0x0000000080000000, 0x0000000084300000, 0x00000000d5580000)
  object space 68608K, 40% used [0x0000000080000000,0x0000000081b4f878,0x0000000084300000)
 Metaspace       used 39931K, committed 41152K, reserved 1114112K
  class space    used 4216K, committed 4736K, reserved 1048576K
}
Event: 10.218 GC heap after
{Heap after GC invocations=19 (full 2):
 PSYoungGen      total 14848K, used 512K [0x00000000d5580000, 0x00000000d6e00000, 0x0000000100000000)
  eden space 14336K, 0% used [0x00000000d5580000,0x00000000d5580000,0x00000000d6380000)
  from space 512K, 100% used [0x00000000d6380000,0x00000000d6400000,0x00000000d6400000)
  to   space 3584K, 0% used [0x00000000d6a80000,0x00000000d6a80000,0x00000000d6e00000)
 ParOldGen       total 68608K, used 30526K [0x0000000080000000, 0x0000000084300000, 0x00000000d5580000)
  object space 68608K, 44% used [0x0000000080000000,0x0000000081dcf8a0,0x0000000084300000)
 Metaspace       used 39931K, committed 41152K, reserved 1114112K
  class space    used 4216K, committed 4736K, reserved 1048576K
}
Event: 10.724 GC heap before
{Heap before GC invocations=20 (full 2):
 PSYoungGen      total 14848K, used 14848K [0x00000000d5580000, 0x00000000d6e00000, 0x0000000100000000)
  eden space 14336K, 100% used [0x00000000d5580000,0x00000000d6380000,0x00000000d6380000)
  from space 512K, 100% used [0x00000000d6380000,0x00000000d6400000,0x00000000d6400000)
  to   space 3584K, 0% used [0x00000000d6a80000,0x00000000d6a80000,0x00000000d6e00000)
 ParOldGen       total 68608K, used 30526K [0x0000000080000000, 0x0000000084300000, 0x00000000d5580000)
  object space 68608K, 44% used [0x0000000080000000,0x0000000081dcf8a0,0x0000000084300000)
 Metaspace       used 41570K, committed 42816K, reserved 1114112K
  class space    used 4425K, committed 4992K, reserved 1048576K
}
Event: 10.726 GC heap after
{Heap after GC invocations=20 (full 2):
 PSYoungGen      total 15360K, used 1024K [0x00000000d5580000, 0x00000000d6b80000, 0x0000000100000000)
  eden space 14336K, 0% used [0x00000000d5580000,0x00000000d5580000,0x00000000d6380000)
  from space 1024K, 100% used [0x00000000d6a80000,0x00000000d6b80000,0x00000000d6b80000)
  to   space 1536K, 0% used [0x00000000d6880000,0x00000000d6880000,0x00000000d6a00000)
 ParOldGen       total 68608K, used 30810K [0x0000000080000000, 0x0000000084300000, 0x00000000d5580000)
  object space 68608K, 44% used [0x0000000080000000,0x0000000081e16bf8,0x0000000084300000)
 Metaspace       used 41570K, committed 42816K, reserved 1114112K
  class space    used 4425K, committed 4992K, reserved 1048576K
}
Event: 11.042 GC heap before
{Heap before GC invocations=21 (full 2):
 PSYoungGen      total 15360K, used 15360K [0x00000000d5580000, 0x00000000d6b80000, 0x0000000100000000)
  eden space 14336K, 100% used [0x00000000d5580000,0x00000000d6380000,0x00000000d6380000)
  from space 1024K, 100% used [0x00000000d6a80000,0x00000000d6b80000,0x00000000d6b80000)
  to   space 1536K, 0% used [0x00000000d6880000,0x00000000d6880000,0x00000000d6a00000)
 ParOldGen       total 68608K, used 30810K [0x0000000080000000, 0x0000000084300000, 0x00000000d5580000)
  object space 68608K, 44% used [0x0000000080000000,0x0000000081e16bf8,0x0000000084300000)
 Metaspace       used 43197K, committed 44480K, reserved 1114112K
  class space    used 4624K, committed 5184K, reserved 1048576K
}
Event: 11.044 GC heap after
{Heap after GC invocations=21 (full 2):
 PSYoungGen      total 15872K, used 960K [0x00000000d5580000, 0x00000000d6b00000, 0x0000000100000000)
  eden space 14336K, 0% used [0x00000000d5580000,0x00000000d5580000,0x00000000d6380000)
  from space 1536K, 62% used [0x00000000d6880000,0x00000000d6970000,0x00000000d6a00000)
  to   space 1024K, 0% used [0x00000000d6a00000,0x00000000d6a00000,0x00000000d6b00000)
 ParOldGen       total 68608K, used 31627K [0x0000000080000000, 0x0000000084300000, 0x00000000d5580000)
  object space 68608K, 46% used [0x0000000080000000,0x0000000081ee2c08,0x0000000084300000)
 Metaspace       used 43197K, committed 44480K, reserved 1114112K
  class space    used 4624K, committed 5184K, reserved 1048576K
}
Event: 11.507 GC heap before
{Heap before GC invocations=22 (full 2):
 PSYoungGen      total 15872K, used 15296K [0x00000000d5580000, 0x00000000d6b00000, 0x0000000100000000)
  eden space 14336K, 100% used [0x00000000d5580000,0x00000000d6380000,0x00000000d6380000)
  from space 1536K, 62% used [0x00000000d6880000,0x00000000d6970000,0x00000000d6a00000)
  to   space 1024K, 0% used [0x00000000d6a00000,0x00000000d6a00000,0x00000000d6b00000)
 ParOldGen       total 68608K, used 31627K [0x0000000080000000, 0x0000000084300000, 0x00000000d5580000)
  object space 68608K, 46% used [0x0000000080000000,0x0000000081ee2c08,0x0000000084300000)
 Metaspace       used 44959K, committed 46208K, reserved 1114112K
  class space    used 4873K, committed 5440K, reserved 1048576K
}
Event: 11.509 GC heap after
{Heap after GC invocations=22 (full 2):
 PSYoungGen      total 15360K, used 1024K [0x00000000d5580000, 0x00000000d6b00000, 0x0000000100000000)
  eden space 14336K, 0% used [0x00000000d5580000,0x00000000d5580000,0x00000000d6380000)
  from space 1024K, 100% used [0x00000000d6a00000,0x00000000d6b00000,0x00000000d6b00000)
  to   space 2048K, 0% used [0x00000000d6700000,0x00000000d6700000,0x00000000d6900000)
 ParOldGen       total 68608K, used 32366K [0x0000000080000000, 0x0000000084300000, 0x00000000d5580000)
  object space 68608K, 47% used [0x0000000080000000,0x0000000081f9b918,0x0000000084300000)
 Metaspace       used 44959K, committed 46208K, reserved 1114112K
  class space    used 4873K, committed 5440K, reserved 1048576K
}
Event: 11.796 GC heap before
{Heap before GC invocations=23 (full 2):
 PSYoungGen      total 15360K, used 15360K [0x00000000d5580000, 0x00000000d6b00000, 0x0000000100000000)
  eden space 14336K, 100% used [0x00000000d5580000,0x00000000d6380000,0x00000000d6380000)
  from space 1024K, 100% used [0x00000000d6a00000,0x00000000d6b00000,0x00000000d6b00000)
  to   space 2048K, 0% used [0x00000000d6700000,0x00000000d6700000,0x00000000d6900000)
 ParOldGen       total 68608K, used 32366K [0x0000000080000000, 0x0000000084300000, 0x00000000d5580000)
  object space 68608K, 47% used [0x0000000080000000,0x0000000081f9b918,0x0000000084300000)
 Metaspace       used 46344K, committed 47616K, reserved 1114112K
  class space    used 5033K, committed 5568K, reserved 1048576K
}
Event: 11.798 GC heap after
{Heap after GC invocations=23 (full 2):
 PSYoungGen      total 16384K, used 1088K [0x00000000d5580000, 0x00000000d6a80000, 0x0000000100000000)
  eden space 14336K, 0% used [0x00000000d5580000,0x00000000d5580000,0x00000000d6380000)
  from space 2048K, 53% used [0x00000000d6700000,0x00000000d6810000,0x00000000d6900000)
  to   space 1536K, 0% used [0x00000000d6900000,0x00000000d6900000,0x00000000d6a80000)
 ParOldGen       total 68608K, used 33266K [0x0000000080000000, 0x0000000084300000, 0x00000000d5580000)
  object space 68608K, 48% used [0x0000000080000000,0x000000008207c928,0x0000000084300000)
 Metaspace       used 46344K, committed 47616K, reserved 1114112K
  class space    used 5033K, committed 5568K, reserved 1048576K
}

Dll operation events (10 events):
Event: 0.011 Loaded shared library c:\Users\Rashen\.vscode\extensions\redhat.java-1.54.0-win32-x64\jre\21.0.10-win32-x86_64\bin\java.dll
Event: 0.101 Loaded shared library c:\Users\Rashen\.vscode\extensions\redhat.java-1.54.0-win32-x64\jre\21.0.10-win32-x86_64\bin\zip.dll
Event: 0.126 Loaded shared library C:\Users\Rashen\.vscode\extensions\redhat.java-1.54.0-win32-x64\jre\21.0.10-win32-x86_64\bin\instrument.dll
Event: 0.134 Loaded shared library C:\Users\Rashen\.vscode\extensions\redhat.java-1.54.0-win32-x64\jre\21.0.10-win32-x86_64\bin\net.dll
Event: 0.137 Loaded shared library C:\Users\Rashen\.vscode\extensions\redhat.java-1.54.0-win32-x64\jre\21.0.10-win32-x86_64\bin\nio.dll
Event: 0.142 Loaded shared library C:\Users\Rashen\.vscode\extensions\redhat.java-1.54.0-win32-x64\jre\21.0.10-win32-x86_64\bin\zip.dll
Event: 0.168 Loaded shared library C:\Users\Rashen\.vscode\extensions\redhat.java-1.54.0-win32-x64\jre\21.0.10-win32-x86_64\bin\jimage.dll
Event: 0.289 Loaded shared library c:\Users\Rashen\.vscode\extensions\redhat.java-1.54.0-win32-x64\jre\21.0.10-win32-x86_64\bin\verify.dll
Event: 1.949 Loaded shared library C:\Users\Rashen\AppData\Roaming\Code\User\globalStorage\redhat.java\1.54.0\config_win\org.eclipse.equinox.launcher\org.eclipse.equinox.launcher.win32.win32.x86_64_1.3.0.v20260203-2149\eclipse_11919.dll
Event: 6.142 Loaded shared library C:\Users\Rashen\AppData\Local\Temp\jna--1854266227\jna17974008564909757694.dll

Deoptimization events (20 events):
Event: 11.693 Thread 0x000002e7052fdf50 DEOPT PACKING pc=0x000002e7311ea8d0 sp=0x000000fffc8f9e40
Event: 11.693 Thread 0x000002e7052fdf50 DEOPT UNPACKING pc=0x000002e7307e3aa2 sp=0x000000fffc8f9cf8 mode 2
Event: 11.693 Thread 0x000002e7052fdf50 Uncommon trap: trap_request=0xffffffd6 fr.pc=0x000002e7311e5f54 relative=0x00000000000008b4
Event: 11.693 Thread 0x000002e7052fdf50 Uncommon trap: reason=array_check action=maybe_recompile pc=0x000002e7311e5f54 method=com.google.inject.internal.MoreTypes$ParameterizedTypeImpl.<init>(Ljava/lang/reflect/Type;Ljava/lang/reflect/Type;[Ljava/lang/reflect/Type;)V @ 200 c2
Event: 11.694 Thread 0x000002e7052fdf50 DEOPT PACKING pc=0x000002e7311e5f54 sp=0x000000fffc8f9df0
Event: 11.694 Thread 0x000002e7052fdf50 DEOPT UNPACKING pc=0x000002e7307e3aa2 sp=0x000000fffc8f9d10 mode 2
Event: 11.737 Thread 0x000002e7052fdf50 Uncommon trap: trap_request=0xffffff45 fr.pc=0x000002e7311ebe40 relative=0x00000000000001e0
Event: 11.737 Thread 0x000002e7052fdf50 Uncommon trap: reason=unstable_if action=reinterpret pc=0x000002e7311ebe40 method=org.eclipse.sisu.inject.InjectorBindings.isAssignableFrom(Lcom/google/inject/TypeLiteral;Lcom/google/inject/Binding;)Z @ 15 c2
Event: 11.737 Thread 0x000002e7052fdf50 DEOPT PACKING pc=0x000002e7311ebe40 sp=0x000000fffc8fd940
Event: 11.737 Thread 0x000002e7052fdf50 DEOPT UNPACKING pc=0x000002e7307e3aa2 sp=0x000000fffc8fd8f0 mode 2
Event: 11.799 Thread 0x000002e709b27310 Uncommon trap: trap_request=0xffffff45 fr.pc=0x000002e7311497dc relative=0x000000000000355c
Event: 11.799 Thread 0x000002e709b27310 Uncommon trap: reason=unstable_if action=reinterpret pc=0x000002e7311497dc method=java.util.concurrent.ConcurrentHashMap.remove(Ljava/lang/Object;Ljava/lang/Object;)Z @ 23 c2
Event: 11.799 Thread 0x000002e709b27310 DEOPT PACKING pc=0x000002e7311497dc sp=0x000000ffff9fd170
Event: 11.799 Thread 0x000002e709b27310 DEOPT UNPACKING pc=0x000002e7307e3aa2 sp=0x000000ffff9fcf18 mode 2
Event: 11.835 Thread 0x000002e7052fdf50 Uncommon trap: trap_request=0xffffff45 fr.pc=0x000002e730f27e80 relative=0x00000000000000c0
Event: 11.835 Thread 0x000002e7052fdf50 Uncommon trap: reason=unstable_if action=reinterpret pc=0x000002e730f27e80 method=jdk.internal.misc.Unsafe.convEndian(ZI)I @ 4 c2
Event: 11.835 Thread 0x000002e7052fdf50 DEOPT PACKING pc=0x000002e730f27e80 sp=0x000000fffc8fe780
Event: 11.835 Thread 0x000002e7052fdf50 DEOPT UNPACKING pc=0x000002e7307e3aa2 sp=0x000000fffc8fe618 mode 2
Event: 12.057 Thread 0x000002e7052ff300 DEOPT PACKING pc=0x000002e729c6b27d sp=0x000000fffd3fea50
Event: 12.057 Thread 0x000002e7052ff300 DEOPT UNPACKING pc=0x000002e7307e4242 sp=0x000000fffd3fdf00 mode 0

Classes loaded (20 events):
Event: 11.947 Loading class java/nio/file/FileTreeWalker$1
Event: 11.947 Loading class java/nio/file/FileTreeWalker$1 done
Event: 11.948 Loading class java/nio/file/FileTreeWalker$DirectoryNode
Event: 11.948 Loading class java/nio/file/FileTreeWalker$DirectoryNode done
Event: 11.948 Loading class java/nio/file/FileTreeWalker$Event
Event: 11.948 Loading class java/nio/file/FileTreeWalker$Event done
Event: 11.948 Loading class java/nio/file/FileTreeWalker$EventType
Event: 11.948 Loading class java/nio/file/FileTreeWalker$EventType done
Event: 11.948 Loading class java/nio/file/Files$3
Event: 11.948 Loading class java/nio/file/Files$3 done
Event: 11.949 Loading class sun/nio/fs/Globs
Event: 11.949 Loading class sun/nio/fs/Globs done
Event: 11.949 Loading class java/util/regex/Pattern$SliceU
Event: 11.950 Loading class java/util/regex/Pattern$SliceU done
Event: 11.950 Loading class sun/nio/fs/WindowsFileSystem$2
Event: 11.950 Loading class java/nio/file/PathMatcher
Event: 11.950 Loading class java/nio/file/PathMatcher done
Event: 11.951 Loading class sun/nio/fs/WindowsFileSystem$2 done
Event: 11.953 Loading class java/nio/file/FileVisitResult
Event: 11.953 Loading class java/nio/file/FileVisitResult done

Classes unloaded (7 events):
Event: 6.931 Thread 0x000002e77f094ba0 Unloading class 0x000002e73e1a5000 'java/lang/invoke/LambdaForm$MH+0x000002e73e1a5000'
Event: 6.931 Thread 0x000002e77f094ba0 Unloading class 0x000002e73e1a4c00 'java/lang/invoke/LambdaForm$MH+0x000002e73e1a4c00'
Event: 6.931 Thread 0x000002e77f094ba0 Unloading class 0x000002e73e1a4800 'java/lang/invoke/LambdaForm$MH+0x000002e73e1a4800'
Event: 6.931 Thread 0x000002e77f094ba0 Unloading class 0x000002e73e1a4400 'java/lang/invoke/LambdaForm$MH+0x000002e73e1a4400'
Event: 6.931 Thread 0x000002e77f094ba0 Unloading class 0x000002e73e1a4000 'java/lang/invoke/LambdaForm$BMH+0x000002e73e1a4000'
Event: 6.931 Thread 0x000002e77f094ba0 Unloading class 0x000002e73e1a3c00 'java/lang/invoke/LambdaForm$DMH+0x000002e73e1a3c00'
Event: 6.931 Thread 0x000002e77f094ba0 Unloading class 0x000002e73e1a2800 'java/lang/invoke/LambdaForm$DMH+0x000002e73e1a2800'

Classes redefined (0 events):
No events

Internal exceptions (20 events):
Event: 12.111 Thread 0x000002e7052ff300 Exception <a 'sun/nio/fs/WindowsException'{0x00000000d5d8de28}> (0x00000000d5d8de28) 
thrown [s\src\hotspot\share\prims\jni.cpp, line 520]
Event: 12.111 Thread 0x000002e7052ff300 Exception <a 'sun/nio/fs/WindowsException'{0x00000000d5d8e688}> (0x00000000d5d8e688) 
thrown [s\src\hotspot\share\prims\jni.cpp, line 520]
Event: 12.111 Thread 0x000002e7052ff300 Exception <a 'sun/nio/fs/WindowsException'{0x00000000d5d8eca8}> (0x00000000d5d8eca8) 
thrown [s\src\hotspot\share\prims\jni.cpp, line 520]
Event: 12.111 Thread 0x000002e7052ff300 Exception <a 'sun/nio/fs/WindowsException'{0x00000000d5d8f2e0}> (0x00000000d5d8f2e0) 
thrown [s\src\hotspot\share\prims\jni.cpp, line 520]
Event: 12.112 Thread 0x000002e7052ff300 Exception <a 'sun/nio/fs/WindowsException'{0x00000000d5d92c40}> (0x00000000d5d92c40) 
thrown [s\src\hotspot\share\prims\jni.cpp, line 520]
Event: 12.112 Thread 0x000002e7052ff300 Exception <a 'sun/nio/fs/WindowsException'{0x00000000d5d93260}> (0x00000000d5d93260) 
thrown [s\src\hotspot\share\prims\jni.cpp, line 520]
Event: 12.112 Thread 0x000002e7052ff300 Exception <a 'sun/nio/fs/WindowsException'{0x00000000d5d93880}> (0x00000000d5d93880) 
thrown [s\src\hotspot\share\prims\jni.cpp, line 520]
Event: 12.112 Thread 0x000002e7052ff300 Exception <a 'sun/nio/fs/WindowsException'{0x00000000d5d93eb8}> (0x00000000d5d93eb8) 
thrown [s\src\hotspot\share\prims\jni.cpp, line 520]
Event: 12.113 Thread 0x000002e7052ff300 Exception <a 'sun/nio/fs/WindowsException'{0x00000000d5d97ab8}> (0x00000000d5d97ab8) 
thrown [s\src\hotspot\share\prims\jni.cpp, line 520]
Event: 12.113 Thread 0x000002e7052ff300 Exception <a 'sun/nio/fs/WindowsException'{0x00000000d5d980d8}> (0x00000000d5d980d8) 
thrown [s\src\hotspot\share\prims\jni.cpp, line 520]
Event: 12.113 Thread 0x000002e7052ff300 Exception <a 'sun/nio/fs/WindowsException'{0x00000000d5d986f8}> (0x00000000d5d986f8) 
thrown [s\src\hotspot\share\prims\jni.cpp, line 520]
Event: 12.113 Thread 0x000002e7052ff300 Exception <a 'sun/nio/fs/WindowsException'{0x00000000d5d98d30}> (0x00000000d5d98d30) 
thrown [s\src\hotspot\share\prims\jni.cpp, line 520]
Event: 12.113 Thread 0x000002e7052ff300 Exception <a 'sun/nio/fs/WindowsException'{0x00000000d5d9c680}> (0x00000000d5d9c680) 
thrown [s\src\hotspot\share\prims\jni.cpp, line 520]
Event: 12.113 Thread 0x000002e7052ff300 Exception <a 'sun/nio/fs/WindowsException'{0x00000000d5d9cca0}> (0x00000000d5d9cca0) 
thrown [s\src\hotspot\share\prims\jni.cpp, line 520]
Event: 12.113 Thread 0x000002e7052ff300 Exception <a 'sun/nio/fs/WindowsException'{0x00000000d5d9d2c0}> (0x00000000d5d9d2c0) 
thrown [s\src\hotspot\share\prims\jni.cpp, line 520]
Event: 12.113 Thread 0x000002e7052ff300 Exception <a 'sun/nio/fs/WindowsException'{0x00000000d5d9d8f8}> (0x00000000d5d9d8f8) 
thrown [s\src\hotspot\share\prims\jni.cpp, line 520]
Event: 12.114 Thread 0x000002e7052ff300 Exception <a 'sun/nio/fs/WindowsException'{0x00000000d5da1248}> (0x00000000d5da1248) 
thrown [s\src\hotspot\share\prims\jni.cpp, line 520]
Event: 12.114 Thread 0x000002e7052ff300 Exception <a 'sun/nio/fs/WindowsException'{0x00000000d5da1aa8}> (0x00000000d5da1aa8) 
thrown [s\src\hotspot\share\prims\jni.cpp, line 520]
Event: 12.114 Thread 0x000002e7052ff300 Exception <a 'sun/nio/fs/WindowsException'{0x00000000d5da20c8}> (0x00000000d5da20c8) 
thrown [s\src\hotspot\share\prims\jni.cpp, line 520]
Event: 12.114 Thread 0x000002e7052ff300 Exception <a 'sun/nio/fs/WindowsException'{0x00000000d5da2700}> (0x00000000d5da2700) 
thrown [s\src\hotspot\share\prims\jni.cpp, line 520]

ZGC Phase Switch (0 events):
No events

VM Operations (20 events):
Event: 9.920 Executing safepoint VM operation: ParallelGCFailedAllocation (Allocation Failure)
Event: 9.927 Executing safepoint VM operation: ParallelGCFailedAllocation (Allocation Failure) done
Event: 10.215 Executing safepoint VM operation: ParallelGCFailedAllocation (Allocation Failure)
Event: 10.218 Executing safepoint VM operation: ParallelGCFailedAllocation (Allocation Failure) done
Event: 10.417 Executing non-safepoint VM operation: HandshakeAllThreads (Deoptimize)
Event: 10.417 Executing non-safepoint VM operation: HandshakeAllThreads (Deoptimize) done
Event: 10.430 Executing non-safepoint VM operation: HandshakeAllThreads (Deoptimize)
Event: 10.430 Executing non-safepoint VM operation: HandshakeAllThreads (Deoptimize) done
Event: 10.646 Executing non-safepoint VM operation: HandshakeAllThreads (Deoptimize)
Event: 10.647 Executing non-safepoint VM operation: HandshakeAllThreads (Deoptimize) done
Event: 10.724 Executing safepoint VM operation: ParallelGCFailedAllocation (Allocation Failure)
Event: 10.726 Executing safepoint VM operation: ParallelGCFailedAllocation (Allocation Failure) done
Event: 11.042 Executing safepoint VM operation: ParallelGCFailedAllocation (Allocation Failure)
Event: 11.044 Executing safepoint VM operation: ParallelGCFailedAllocation (Allocation Failure) done
Event: 11.172 Executing non-safepoint VM operation: HandshakeAllThreads (Deoptimize)
Event: 11.172 Executing non-safepoint VM operation: HandshakeAllThreads (Deoptimize) done
Event: 11.506 Executing safepoint VM operation: ParallelGCFailedAllocation (Allocation Failure)
Event: 11.509 Executing safepoint VM operation: ParallelGCFailedAllocation (Allocation Failure) done
Event: 11.795 Executing safepoint VM operation: ParallelGCFailedAllocation (Allocation Failure)
Event: 11.798 Executing safepoint VM operation: ParallelGCFailedAllocation (Allocation Failure) done

Memory protections (0 events):
No events

Nmethod flushes (20 events):
Event: 8.865 Thread 0x000002e77f094ba0 flushing  nmethod 0x000002e729a03210
Event: 8.865 Thread 0x000002e77f094ba0 flushing  nmethod 0x000002e729a08490
Event: 8.865 Thread 0x000002e77f094ba0 flushing  nmethod 0x000002e729a39590
Event: 8.865 Thread 0x000002e77f094ba0 flushing  nmethod 0x000002e729a3aa10
Event: 8.865 Thread 0x000002e77f094ba0 flushing  nmethod 0x000002e729a3b310
Event: 8.865 Thread 0x000002e77f094ba0 flushing  nmethod 0x000002e729a3c510
Event: 8.865 Thread 0x000002e77f094ba0 flushing  nmethod 0x000002e729a3d210
Event: 8.865 Thread 0x000002e77f094ba0 flushing  nmethod 0x000002e729a3d990
Event: 8.865 Thread 0x000002e77f094ba0 flushing  nmethod 0x000002e729a3ef10
Event: 8.865 Thread 0x000002e77f094ba0 flushing  nmethod 0x000002e729a3f410
Event: 8.865 Thread 0x000002e77f094ba0 flushing  nmethod 0x000002e729a3fd10
Event: 8.865 Thread 0x000002e77f094ba0 flushing  nmethod 0x000002e729a41110
Event: 8.865 Thread 0x000002e77f094ba0 flushing  nmethod 0x000002e729a42b90
Event: 8.865 Thread 0x000002e77f094ba0 flushing  nmethod 0x000002e729a44610
Event: 8.865 Thread 0x000002e77f094ba0 flushing  nmethod 0x000002e729aa4210
Event: 8.865 Thread 0x000002e77f094ba0 flushing  nmethod 0x000002e729aa9a90
Event: 8.865 Thread 0x000002e77f094ba0 flushing  nmethod 0x000002e729aade10
Event: 8.865 Thread 0x000002e77f094ba0 flushing  nmethod 0x000002e729abaf10
Event: 8.865 Thread 0x000002e77f094ba0 flushing  nmethod 0x000002e729b6e110
Event: 8.865 Thread 0x000002e77f094ba0 flushing  nmethod 0x000002e729b9c610

Events (20 events):
Event: 9.628 Thread 0x000002e7052fe5e0 Thread added: 0x000002e709012180
Event: 9.629 Thread 0x000002e7052fe5e0 Thread added: 0x000002e709015c90
Event: 9.629 Thread 0x000002e709012180 Thread added: 0x000002e709012810
Event: 9.631 Thread 0x000002e709015c90 Thread added: 0x000002e709b23800
Event: 9.632 Thread 0x000002e709012810 Thread added: 0x000002e709b21730
Event: 9.633 Thread 0x000002e709b23800 Thread added: 0x000002e709b21dc0
Event: 9.640 Thread 0x000002e709b21dc0 Thread added: 0x000002e709b23e90
Event: 9.641 Thread 0x000002e709b21730 Thread added: 0x000002e709b22450
Event: 9.642 Thread 0x000002e709b23e90 Thread added: 0x000002e709b210a0
Event: 9.645 Thread 0x000002e709b22450 Thread added: 0x000002e709b24520
Event: 9.646 Thread 0x000002e709b210a0 Thread added: 0x000002e709b25240
Event: 9.647 Thread 0x000002e709b24520 Thread added: 0x000002e709b25f60
Event: 9.660 Thread 0x000002e709b25240 Thread added: 0x000002e709b258d0
Event: 9.663 Thread 0x000002e709b25f60 Thread added: 0x000002e709b24bb0
Event: 9.673 Thread 0x000002e709b258d0 Thread added: 0x000002e709b22ae0
Event: 9.795 Thread 0x000002e72613e5e0 Thread added: 0x000002e709b23170
Event: 9.795 Thread 0x000002e72613e5e0 Thread added: 0x000002e709b27310
Event: 10.903 Thread 0x000002e77f366a00 Thread exited: 0x000002e77f366a00
Event: 10.976 Thread 0x000002e708e91b20 Thread exited: 0x000002e708e91b20
Event: 11.911 Thread 0x000002e7052ff300 Thread added: 0x000002e709b265f0


Dynamic libraries:
0x00007ff751dd0000 - 0x00007ff751dde000 	c:\Users\Rashen\.vscode\extensions\redhat.java-1.54.0-win32-x64\jre\21.0.10-win32-x86_64\bin\java.exe
0x00007ff979b80000 - 0x00007ff979de7000 	C:\WINDOWS\SYSTEM32\ntdll.dll
0x00007ff9794b0000 - 0x00007ff979579000 	C:\WINDOWS\System32\KERNEL32.DLL
0x00007ff977020000 - 0x00007ff977411000 	C:\WINDOWS\System32\KERNELBASE.dll
0x00007ff977420000 - 0x00007ff97756b000 	C:\WINDOWS\System32\ucrtbase.dll
0x00007ff932480000 - 0x00007ff93249e000 	c:\Users\Rashen\.vscode\extensions\redhat.java-1.54.0-win32-x64\jre\21.0.10-win32-x86_64\bin\VCRUNTIME140.dll
0x00007ff9198f0000 - 0x00007ff919908000 	c:\Users\Rashen\.vscode\extensions\redhat.java-1.54.0-win32-x64\jre\21.0.10-win32-x86_64\bin\jli.dll
0x00007ff979970000 - 0x00007ff979b35000 	C:\WINDOWS\System32\USER32.dll
0x00007ff963b80000 - 0x00007ff963e13000 	C:\WINDOWS\WinSxS\amd64_microsoft.windows.common-controls_6595b64144ccf1df_6.0.26100.8037_none_3e092faae333b53b\COMCTL32.dll
0x00007ff977570000 - 0x00007ff977597000 	C:\WINDOWS\System32\win32u.dll
0x00007ff979400000 - 0x00007ff9794a9000 	C:\WINDOWS\System32\msvcrt.dll
0x00007ff979760000 - 0x00007ff97978b000 	C:\WINDOWS\System32\GDI32.dll
0x00007ff976460000 - 0x00007ff97658b000 	C:\WINDOWS\System32\gdi32full.dll
0x00007ff976f70000 - 0x00007ff977013000 	C:\WINDOWS\System32\msvcp_win.dll
0x00007ff9797a0000 - 0x00007ff9797d1000 	C:\WINDOWS\System32\IMM32.DLL
0x00007ff9390f0000 - 0x00007ff9390fc000 	c:\Users\Rashen\.vscode\extensions\redhat.java-1.54.0-win32-x64\jre\21.0.10-win32-x86_64\bin\vcruntime140_1.dll
0x00007ff8fc680000 - 0x00007ff8fc70d000 	c:\Users\Rashen\.vscode\extensions\redhat.java-1.54.0-win32-x64\jre\21.0.10-win32-x86_64\bin\msvcp140.dll
0x00007ff8ac3d0000 - 0x00007ff8ad171000 	c:\Users\Rashen\.vscode\extensions\redhat.java-1.54.0-win32-x64\jre\21.0.10-win32-x86_64\bin\server\jvm.dll
0x00007ff978a60000 - 0x00007ff978b1b000 	C:\WINDOWS\System32\ADVAPI32.dll
0x00007ff9791b0000 - 0x00007ff979257000 	C:\WINDOWS\System32\sechost.dll
0x00007ff977b60000 - 0x00007ff977c78000 	C:\WINDOWS\System32\RPCRT4.dll
0x00007ff9789e0000 - 0x00007ff978a54000 	C:\WINDOWS\System32\WS2_32.dll
0x00007ff968560000 - 0x00007ff968595000 	C:\WINDOWS\SYSTEM32\WINMM.dll
0x00007ff9762e0000 - 0x00007ff97633e000 	C:\WINDOWS\SYSTEM32\POWRPROF.dll
0x00007ff970050000 - 0x00007ff97005b000 	C:\WINDOWS\SYSTEM32\VERSION.dll
0x00007ff9762c0000 - 0x00007ff9762d4000 	C:\WINDOWS\SYSTEM32\UMPDC.dll
0x00007ff9751b0000 - 0x00007ff9751cb000 	C:\WINDOWS\SYSTEM32\kernel.appcore.dll
0x00007ff937e70000 - 0x00007ff937e7a000 	c:\Users\Rashen\.vscode\extensions\redhat.java-1.54.0-win32-x64\jre\21.0.10-win32-x86_64\bin\jimage.dll
0x00007ff974400000 - 0x00007ff974642000 	C:\WINDOWS\SYSTEM32\DBGHELP.DLL
0x00007ff978dd0000 - 0x00007ff979152000 	C:\WINDOWS\System32\combase.dll
0x00007ff978cf0000 - 0x00007ff978dc7000 	C:\WINDOWS\System32\OLEAUT32.dll
0x00007ff964a60000 - 0x00007ff964a9b000 	C:\WINDOWS\SYSTEM32\dbgcore.DLL
0x00007ff977660000 - 0x00007ff977705000 	C:\WINDOWS\System32\bcryptPrimitives.dll
0x00007ff937900000 - 0x00007ff93790f000 	c:\Users\Rashen\.vscode\extensions\redhat.java-1.54.0-win32-x64\jre\21.0.10-win32-x86_64\bin\instrument.dll
0x00007ff8ff9a0000 - 0x00007ff8ff9c0000 	c:\Users\Rashen\.vscode\extensions\redhat.java-1.54.0-win32-x64\jre\21.0.10-win32-x86_64\bin\java.dll
0x00007ff978110000 - 0x00007ff97886f000 	C:\WINDOWS\System32\SHELL32.dll
0x00007ff976e00000 - 0x00007ff976f6a000 	C:\WINDOWS\System32\wintypes.dll
0x00007ff976590000 - 0x00007ff976df4000 	C:\WINDOWS\System32\windows.storage.dll
0x00007ff979860000 - 0x00007ff979957000 	C:\WINDOWS\System32\SHCORE.dll
0x00007ff978c80000 - 0x00007ff978ce7000 	C:\WINDOWS\System32\shlwapi.dll
0x00007ff976380000 - 0x00007ff9763a9000 	C:\WINDOWS\SYSTEM32\profapi.dll
0x00007ff8fc200000 - 0x00007ff8fc218000 	c:\Users\Rashen\.vscode\extensions\redhat.java-1.54.0-win32-x64\jre\21.0.10-win32-x86_64\bin\zip.dll
0x00007ff934ff0000 - 0x00007ff935000000 	C:\Users\Rashen\.vscode\extensions\redhat.java-1.54.0-win32-x64\jre\21.0.10-win32-x86_64\bin\net.dll
0x00007ff971280000 - 0x00007ff9713a7000 	C:\WINDOWS\SYSTEM32\WINHTTP.dll
0x00007ff975700000 - 0x00007ff97576b000 	C:\WINDOWS\system32\mswsock.dll
0x00007ff915280000 - 0x00007ff915296000 	C:\Users\Rashen\.vscode\extensions\redhat.java-1.54.0-win32-x64\jre\21.0.10-win32-x86_64\bin\nio.dll
0x00007ff921660000 - 0x00007ff921670000 	c:\Users\Rashen\.vscode\extensions\redhat.java-1.54.0-win32-x64\jre\21.0.10-win32-x86_64\bin\verify.dll
0x00007ff8fc8f0000 - 0x00007ff8fc935000 	C:\Users\Rashen\AppData\Roaming\Code\User\globalStorage\redhat.java\1.54.0\config_win\org.eclipse.equinox.launcher\org.eclipse.equinox.launcher.win32.win32.x86_64_1.3.0.v20260203-2149\eclipse_11919.dll
0x00007ff979260000 - 0x00007ff9793f5000 	C:\WINDOWS\System32\ole32.dll
0x00007ff975b00000 - 0x00007ff975b1b000 	C:\WINDOWS\SYSTEM32\CRYPTSP.dll
0x00007ff975110000 - 0x00007ff975149000 	C:\WINDOWS\system32\rsaenh.dll
0x00007ff9757b0000 - 0x00007ff9757e2000 	C:\WINDOWS\SYSTEM32\USERENV.dll
0x00007ff976350000 - 0x00007ff97637a000 	C:\WINDOWS\SYSTEM32\bcrypt.dll
0x00007ff975960000 - 0x00007ff97596c000 	C:\WINDOWS\SYSTEM32\CRYPTBASE.dll
0x00007ff974b60000 - 0x00007ff974b93000 	C:\WINDOWS\SYSTEM32\IPHLPAPI.DLL
0x00007ff978950000 - 0x00007ff97895a000 	C:\WINDOWS\System32\NSI.dll
0x00007ff90ce60000 - 0x00007ff90cea9000 	C:\Users\Rashen\AppData\Local\Temp\jna--1854266227\jna17974008564909757694.dll
0x00007ff979960000 - 0x00007ff979968000 	C:\WINDOWS\System32\PSAPI.DLL
0x00007ff971460000 - 0x00007ff97147d000 	C:\WINDOWS\SYSTEM32\dhcpcsvc6.DLL
0x00007ff971430000 - 0x00007ff971453000 	C:\WINDOWS\SYSTEM32\dhcpcsvc.DLL

JVMTI agents:
c:\Users\Rashen\.vscode\extensions\redhat.java-1.54.0-win32-x64\lombok\lombok-1.18.39-4050.jar path:c:\Users\Rashen\.vscode\extensions\redhat.java-1.54.0-win32-x64\jre\21.0.10-win32-x86_64\bin\instrument.dll, loaded, initialized, instrumentlib options:none

dbghelp: loaded successfully - version: 4.0.5 - missing functions: none
symbol engine: initialized successfully - sym options: 0x614 - pdb path: .;c:\Users\Rashen\.vscode\extensions\redhat.java-1.54.0-win32-x64\jre\21.0.10-win32-x86_64\bin;C:\WINDOWS\SYSTEM32;C:\WINDOWS\WinSxS\amd64_microsoft.windows.common-controls_6595b64144ccf1df_6.0.26100.8037_none_3e092faae333b53b;c:\Users\Rashen\.vscode\extensions\redhat.java-1.54.0-win32-x64\jre\21.0.10-win32-x86_64\bin\server;C:\Users\Rashen\AppData\Roaming\Code\User\globalStorage\redhat.java\1.54.0\config_win\org.eclipse.equinox.launcher\org.eclipse.equinox.launcher.win32.win32.x86_64_1.3.0.v20260203-2149;C:\Users\Rashen\AppData\Local\Temp\jna--1854266227

VM Arguments:
jvm_args: --add-modules=ALL-SYSTEM --add-opens=java.base/java.util=ALL-UNNAMED --add-opens=java.base/java.lang=ALL-UNNAMED --add-opens=java.base/sun.nio.fs=ALL-UNNAMED -Declipse.application=org.eclipse.jdt.ls.core.id1 -Dosgi.bundles.defaultStartLevel=4 -Declipse.product=org.eclipse.jdt.ls.core.product -Djava.import.generatesMetadataFilesAtProjectRoot=false -DDetectVMInstallationsJob.disabled=true -Dfile.encoding=utf8 -XX:+UseParallelGC -XX:GCTimeRatio=4 -XX:AdaptiveSizePolicyWeight=90 -Dsun.zip.disableMemoryMapping=true -Xmx2G -Xms100m -Xlog:disable -javaagent:c:\Users\Rashen\.vscode\extensions\redhat.java-1.54.0-win32-x64\lombok\lombok-1.18.39-4050.jar -XX:+HeapDumpOnOutOfMemoryError -XX:HeapDumpPath=c:\Users\Rashen\AppData\Roaming\Code\User\workspaceStorage\1fe8799e4aad9cbe5e924e97708f1dd4\redhat.java -Daether.dependencyCollector.impl=bf 
java_command: c:\Users\Rashen\.vscode\extensions\redhat.java-1.54.0-win32-x64\server\plugins\org.eclipse.equinox.launcher_1.7.100.v20251111-0406.jar -configuration c:\Users\Rashen\AppData\Roaming\Code\User\globalStorage\redhat.java\1.54.0\config_win -data c:\Users\Rashen\AppData\Roaming\Code\User\workspaceStorage\1fe8799e4aad9cbe5e924e97708f1dd4\redhat.java\jdt_ws --pipe=\\.\pipe\lsp-df1b6176ee69aa5b8ef23c13f4f75cc7-sock
java_class_path (initial): c:\Users\Rashen\.vscode\extensions\redhat.java-1.54.0-win32-x64\server\plugins\org.eclipse.equinox.launcher_1.7.100.v20251111-0406.jar
Launcher Type: SUN_STANDARD

[Global flags]
    uintx AdaptiveSizePolicyWeight                 = 90                                        {product} {command line}
     intx CICompilerCount                          = 12                                        {product} {ergonomic}
    uintx GCTimeRatio                              = 4                                         {product} {command line}
     bool HeapDumpOnOutOfMemoryError               = true                                   {manageable} {command line}
    ccstr HeapDumpPath                             = c:\Users\Rashen\AppData\Roaming\Code\User\workspaceStorage\1fe8799e4aad9cbe5e924e97708f1dd4\redhat.java         {manageable} {command line}
   size_t InitialHeapSize                          = 104857600                                 {product} {command line}
   size_t MaxHeapSize                              = 2147483648                                {product} {command line}
   size_t MaxNewSize                               = 715653120                                 {product} {ergonomic}
   size_t MinHeapDeltaBytes                        = 524288                                    {product} {ergonomic}
   size_t MinHeapSize                              = 104857600                                 {product} {command line}
   size_t NewSize                                  = 34603008                                  {product} {ergonomic}
    uintx NonNMethodCodeHeapSize                   = 7602480                                {pd product} {ergonomic}
    uintx NonProfiledCodeHeapSize                  = 122027880                              {pd product} {ergonomic}
   size_t OldSize                                  = 70254592                                  {product} {ergonomic}
    uintx ProfiledCodeHeapSize                     = 122027880                              {pd product} {ergonomic}
    uintx ReservedCodeCacheSize                    = 251658240                              {pd product} {ergonomic}
     bool SegmentedCodeCache                       = true                                      {product} {ergonomic}
   size_t SoftMaxHeapSize                          = 2147483648                             {manageable} {ergonomic}
     bool UseCompressedOops                        = true                           {product lp64_product} {ergonomic}
     bool UseLargePagesIndividualAllocation        = false                                  {pd product} {ergonomic}
     bool UseParallelGC                            = true                                      {product} {command line}

Logging:
Log output configuration:
 #0: stdout all=off uptime,level,tags foldmultilines=false
 #1: stderr all=off uptime,level,tags foldmultilines=false

Release file:
JAVA_VERSION="21.0.10" 
MODULES="java.base java.compiler java.datatransfer java.xml java.prefs java.desktop java.instrument java.logging java.management java.security.sasl java.naming java.rmi java.management.rmi java.net.http java.scripting java.security.jgss java.transaction.xa java.sql java.sql.rowset java.xml.crypto java.se java.smartcardio jdk.accessibility jdk.internal.jvmstat jdk.attach jdk.charsets jdk.internal.opt jdk.zipfs jdk.compiler jdk.crypto.ec jdk.crypto.cryptoki jdk.crypto.mscapi jdk.dynalink jdk.internal.ed jdk.editpad jdk.hotspot.agent jdk.httpserver jdk.internal.le jdk.internal.vm.ci jdk.internal.vm.compiler jdk.internal.vm.compiler.management jdk.jartool jdk.javadoc jdk.jcmd jdk.management jdk.management.agent jdk.jconsole jdk.jdeps jdk.jdwp.agent jdk.jdi jdk.jfr jdk.jshell jdk.jsobject jdk.jstatd jdk.localedata jdk.management.jfr jdk.naming.dns jdk.naming.rmi jdk.net jdk.nio.mapmode jdk.random jdk.sctp jdk.security.auth jdk.security.jgss jdk.unsupported jdk.unsupported.desktop jdk.xml.dom" 

Environment Variables:
JAVA_HOME=C:\Program Files\Eclipse Adoptium\jdk-17.0.17.10-hotspot
PATH=C:\Users\Rashen\AppData\Local\Programs\Microsoft VS Code;C:\Program Files\Eclipse Adoptium\jdk-17.0.17.10-hotspot\bin;C:\WINDOWS\system32;C:\WINDOWS;C:\WINDOWS\System32\Wbem;C:\WINDOWS\System32\WindowsPowerShell\v1.0\;C:\WINDOWS\System32\OpenSSH\;C:\Program Files\Docker\Docker\resources\bin;C:\Program Files\Git\cmd;C:\Program Files\MySQL\MySQL Server 8.0\bin;C:\Program Files\nodejs\;C:\Program Files\MySQL\MySQL Server 9.5\bin;C:\Program Files\Microsoft SQL Server\170\Tools\Binn\;C:\Program Files\Microsoft SQL Server\Client SDK\ODBC\170\Tools\Binn\;C:\Program Files\dotnet\;C:\Android\Sdk\platform-tools;C:\Android\Sdk\cmdline-tools\latest\bin;C:\ProgramData\chocolatey\bin;C:\ProgramData\chocolatey\lib\maven\apache-maven-3.9.12\bin;C:\ZKBioTime\Python311;C:\ZKBioTime\Python311\Scripts;C:\ZKBioTime\Python311\Library\bin;C:\ZKBioTime\Python311\Lib\site-packages;C:\ZKBioTime\zkeco_dlls;C:\ZKBioTime\pgsql\bin;C:\ZKBioTime\tools\wkhtmltox\bin;C:\Users\Rashen\.local\bin;C:\Users\Rashen\AppData\Local\Microsoft\WindowsApps;C:\Users\Rashen\AppData\Local\Programs\Microsoft VS Code\bin;C:\Users\Rashen\AppData\Roaming\npm;C:\flutter\flutter\bin;C:\Users\Rashen\.dotnet\tools
USERNAME=Rashen
OS=Windows_NT
PROCESSOR_IDENTIFIER=Intel64 Family 6 Model 186 Stepping 2, GenuineIntel
TMP=C:\Users\Rashen\AppData\Local\Temp
TEMP=C:\Users\Rashen\AppData\Local\Temp




Periodic native trim disabled

---------------  S Y S T E M  ---------------

OS:
 Windows 11 , 64 bit Build 26100 (10.0.26100.7920)
OS uptime: 2 days 20:46 hours
Hyper-V role detected

CPU: total 16 (initial active 16) (8 cores per cpu, 2 threads per core) family 6 model 186 stepping 2 microcode 0x410e, cx8, cmov, fxsr, ht, mmx, 3dnowpref, sse, sse2, sse3, ssse3, sse4.1, sse4.2, popcnt, lzcnt, tsc, tscinvbit, avx, avx2, aes, erms, clmul, bmi1, bmi2, adx, sha, fma, vzeroupper, clflush, clflushopt, clwb, hv, serialize, rdtscp, rdpid, fsrm, f16c, cet_ibt, cet_ss
Processor Information for processor 0
  Max Mhz: 2400, Current Mhz: 2400, Mhz Limit: 2400
Processor Information for processor 1
  Max Mhz: 2400, Current Mhz: 2400, Mhz Limit: 2400
Processor Information for processor 2
  Max Mhz: 2400, Current Mhz: 2400, Mhz Limit: 2400
Processor Information for processor 3
  Max Mhz: 2400, Current Mhz: 2400, Mhz Limit: 2400
Processor Information for processor 4
  Max Mhz: 2400, Current Mhz: 2400, Mhz Limit: 2400
Processor Information for processor 5
  Max Mhz: 2400, Current Mhz: 2400, Mhz Limit: 2400
Processor Information for processor 6
  Max Mhz: 2400, Current Mhz: 2400, Mhz Limit: 2400
Processor Information for processor 7
  Max Mhz: 2400, Current Mhz: 2400, Mhz Limit: 2400
Processor Information for processor 8
  Max Mhz: 2400, Current Mhz: 2400, Mhz Limit: 2400
Processor Information for processor 9
  Max Mhz: 2400, Current Mhz: 2400, Mhz Limit: 2400
Processor Information for processor 10
  Max Mhz: 2400, Current Mhz: 2400, Mhz Limit: 2400
Processor Information for processor 11
  Max Mhz: 2400, Current Mhz: 2400, Mhz Limit: 2400
Processor Information for processor 12
  Max Mhz: 2400, Current Mhz: 1466, Mhz Limit: 2400
Processor Information for processor 13
  Max Mhz: 2400, Current Mhz: 2400, Mhz Limit: 2400
Processor Information for processor 14
  Max Mhz: 2400, Current Mhz: 1466, Mhz Limit: 2400
Processor Information for processor 15
  Max Mhz: 2400, Current Mhz: 1466, Mhz Limit: 2400

Memory: 4k page, system-wide physical 32471M (4259M free)
TotalPageFile size 54223M (AvailPageFile size 19M)
current process WorkingSet (physical memory assigned to process): 265M, peak: 265M
current process commit charge ("private bytes"): 390M, peak: 391M

vm_info: OpenJDK 64-Bit Server VM (21.0.10+7-LTS) for windows-amd64 JRE (21.0.10+7-LTS), built on 2026-01-20T00:00:00Z by "admin" with MS VC++ 17.12 (VS2022)

END.
